<html>
<body>
<pre>
<h1>礦ision Build Log</h1>
<h2>Tool Versions:</h2>
IDE-Version: μVision V5.20.0.0
Copyright (C) 2016 ARM Ltd and ARM Germany GmbH. All rights reserved.
License Information: pry pry, pry, LIC=14HGK-ZYD41-M96GG-V1P72-LY2ST-Z2V3U
 
Tool Versions:
Toolchain:       MDK-ARM Plus  Version: 5.20
Toolchain Path:  D:\Program_Files_x86\Keil_v5\ARM\ARMCC\Bin
C Compiler:      Armcc.exe V5.06 update 2 (build 183)
Assembler:       Armasm.exe V5.06 update 2 (build 183)
Linker/Locator:  ArmLink.exe V5.06 update 2 (build 183)
Library Manager: ArmAr.exe V5.06 update 2 (build 183)
Hex Converter:   FromElf.exe V5.06 update 2 (build 183)
CPU DLL:         SARMCM3.DLL V5.20
Dialog DLL:      DCM.DLL V1.13.7.0
Target DLL:      Segger\JL2CM3.dll V2.99.20.0
Dialog DLL:      TCM.DLL V1.14.9.0
 
<h2>Project:</h2>
F:\Code_Library\MCU\Mutatus\M5P1_MuProkaron\Project\RVMDK-STM32F405RGT6-FPU\RTOS-Mutate.uvprojx
Project File Date:  05/06/2019

<h2>Output:</h2>
*** Using Compiler 'V5.06 update 2 (build 183)', folder: 'D:\Program_Files_x86\Keil_v5\ARM\ARMCC\Bin'
Build target 'RMP'
Before Build - User command #1: copy.bat
F:\Code_Library\MCU\Mutatus\M5P1_MuProkaron\Project\RVMDK-STM32F405RGT6-FPU>copy rmp_platform_cmx_conf.h ..\..\MProkaron\Include\Platform\CortexM\rmp_platform_cmx_conf.h 
已复制         1 个文件。
F:\Code_Library\MCU\Mutatus\M5P1_MuProkaron\Project\RVMDK-STM32F405RGT6-FPU>copy rmp_platform.h ..\..\MProkaron\Include\Platform\rmp_platform.h 
已复制         1 个文件。
compiling fulltest.c...
linking...
Program Size: Code=5100 RO-data=448 RW-data=56 ZI-data=3768  
FromELF: creating hex file...
".\Debug\Output\RMP.axf" - 0 Error(s), 0 Warning(s).

<h2>Software Packages used:</h2>

Package Vendor: ARM
                http://www.keil.com/pack/ARM.CMSIS.5.3.0.pack
                ARM::CMSIS:CORE:5.1.1
                CMSIS (Cortex Microcontroller Software Interface Standard)
   * Component: CORE Version: 5.1.1

<h2>Collection of Component include folders:</h2>
  F:\Code_Library\MCU\Mutatus\M5P1_MuProkaron\Project\RVMDK-STM32F405RGT6-FPU\RTE
  D:\Program_Files_x86\Keil_v5\ARM\PACK\ARM\CMSIS\5.3.0\CMSIS\Include
  D:\Program_Files_x86\Keil_v5\ARM\PACK\Keil\STM32F4xx_DFP\2.11.0\Drivers\CMSIS\Device\ST\STM32F4xx\Include

<h2>Collection of Component Files used:</h2>

   * Component: ARM::CMSIS:CORE:5.1.1
Build Time Elapsed:  00:00:03
</pre>
</body>
</html>
