<html>
<body>
<pre>
<h1>礦ision Build Log</h1>
<h2>Tool Versions:</h2>
IDE-Version: μVision V5.20.0.0
Copyright (C) 2016 ARM Ltd and ARM Germany GmbH. All rights reserved.
License Information: pry pry, pry, LIC=HN08T-R6GYC-PB6EG-V1P72-MV3YA-G01D8
 
Tool Versions:
Toolchain:       MDK-ARM Plus  Version: 5.20
Toolchain Path:  D:\Program_Files_x86\Keil_v5\ARM\ARMCC\Bin
C Compiler:      Armcc.exe V5.06 update 2 (build 183)
Assembler:       Armasm.exe V5.06 update 2 (build 183)
Linker/Locator:  ArmLink.exe V5.06 update 2 (build 183)
Library Manager: ArmAr.exe V5.06 update 2 (build 183)
Hex Converter:   FromElf.exe V5.06 update 2 (build 183)
CPU DLL:         SARMCM3.DLL V5.20
Dialog DLL:      DCM.DLL V1.13.7.0
Target DLL:      STLink\ST-LINKIII-KEIL_SWO.dll V2.0.18.0
Dialog DLL:      TCM.DLL V1.14.9.0
 
<h2>Project:</h2>
F:\Code_Library\MCU\Mutatus\M5P1_MuProkaron\Project\RVMDK-STM32F767IGT6-RVM\RTOS-Mutate.uvprojx
Project File Date:  02/19/2018

<h2>Output:</h2>
*** Using Compiler 'V5.06 update 2 (build 183)', folder: 'D:\Program_Files_x86\Keil_v5\ARM\ARMCC\Bin'
Build target 'RMP'
Before Build - User command #1: copy.bat
F:\Code_Library\MCU\Mutatus\M5P1_MuProkaron\Project\RVMDK-STM32F767IGT6-RVM>copy platform_cmx_RVM_conf.h ..\..\MProkaron\Include\Platform\CortexM_RVM\platform_cmx_RVM_conf.h 
已复制         1 个文件。
F:\Code_Library\MCU\Mutatus\M5P1_MuProkaron\Project\RVMDK-STM32F767IGT6-RVM>copy RMP_platform.h ..\..\MProkaron\Include\Platform\RMP_platform.h 
已复制         1 个文件。
F:\Code_Library\MCU\Mutatus\M5P1_MuProkaron\Project\RVMDK-STM32F767IGT6-RVM>copy test.h ..\..\MProkaron\Benchmark\test.h 
已复制         1 个文件。
compiling test.c...
linking...
Program Size: Code=4700 RO-data=136 RW-data=100 ZI-data=4420  
FromELF: creating hex file...
After Build - User command #1: fromelf.exe --bin -o "F:\Code_Library\MCU\Mutatus\M5P1_MuProkaron\Project\RVMDK-STM32F767IGT6-RVM\Debug\Output\VM1.bin" "F:\Code_Library\MCU\Mutatus\M5P1_MuProkaron\Project\RVMDK-STM32F767IGT6-RVM\Debug\Output\VM1.axf"
After Build - User command #2: bincopy.exe -i F:\Code_Library\MCU\Mutatus\M5P1_MuProkaron\Project\RVMDK-STM32F767IGT6-RVM\Debug\Output\VM1.bin -o F:\Code_Library\MCU\Mutatus\M5P1_MuProkaron\Project\RVMDK-STM32F767IGT6-RVM\Debug\Output\VM1.c
Size of programming file: 4936 8-bit words.
".\Debug\Output\VM1.axf" - 0 Error(s), 0 Warning(s).

<h2>Software Packages used:</h2>

Package Vendor: ARM
                http://www.keil.com/pack/ARM.CMSIS.5.1.1.pack
                ARM::CMSIS:CORE:5.0.2
                CMSIS (Cortex Microcontroller Software Interface Standard)
   * Component: CORE Version: 5.0.2

<h2>Collection of Component include folders:</h2>
  F:\Code_Library\MCU\Mutatus\M5P1_MuProkaron\Project\RVMDK-STM32F767IGT6-RVM\RTE
  D:\Program_Files_x86\Keil_v5\ARM\PACK\ARM\CMSIS\5.1.1\CMSIS\Include
  D:\Program_Files_x86\Keil_v5\ARM\PACK\Keil\STM32F7xx_DFP\2.9.0\Drivers\CMSIS\Device\ST\STM32F7xx\Include

<h2>Collection of Component Files used:</h2>

   * Component: ARM::CMSIS:CORE:5.0.2
Build Time Elapsed:  00:00:03
</pre>
</body>
</html>
