<html>
<body>
<pre>
<h1>礦ision Build Log</h1>
<h2>Tool Versions:</h2>
IDE-Version: μVision V5.20.0.0
Copyright (C) 2016 ARM Ltd and ARM Germany GmbH. All rights reserved.
License Information: pry pry, pry, LIC=14HGK-ZYD41-M96GG-V1P72-LY2ST-Z2V3U
 
Tool Versions:
Toolchain:       MDK-ARM Plus  Version: 5.20
Toolchain Path:  D:\Program_Files_x86\Keil_v5\ARM\ARMCC\Bin
C Compiler:      Armcc.exe V5.06 update 2 (build 183)
Assembler:       Armasm.exe V5.06 update 2 (build 183)
Linker/Locator:  ArmLink.exe V5.06 update 2 (build 183)
Library Manager: ArmAr.exe V5.06 update 2 (build 183)
Hex Converter:   FromElf.exe V5.06 update 2 (build 183)
CPU DLL:         SARMCM3.DLL V5.20
Dialog DLL:      DCM.DLL V1.13.7.0
Target DLL:      STLink\ST-LINKIII-KEIL_SWO.dll V2.0.18.0
Dialog DLL:      TCM.DLL V1.14.9.0
 
<h2>Project:</h2>
F:\Code_Library\MCU\Mutatus\M5P1_MuProkaron\Project\RVMDK-STM32F767IGT6-ALIENTEK-LUA\RTOS-Mutate.uvprojx
Project File Date:  07/19/2018

<h2>Output:</h2>
*** Using Compiler 'V5.06 update 2 (build 183)', folder: 'D:\Program_Files_x86\Keil_v5\ARM\ARMCC\Bin'
Rebuild target 'RMP'
Before Build - User command #1: copy.bat
F:\Code_Library\MCU\Mutatus\M5P1_MuProkaron\Project\RVMDK-STM32F767IGT6-ALIENTEK-LUA>copy rmp_platform_cmx_conf.h ..\..\MProkaron\Include\Platform\CortexM\rmp_platform_cmx_conf.h 
已复制         1 个文件。
F:\Code_Library\MCU\Mutatus\M5P1_MuProkaron\Project\RVMDK-STM32F767IGT6-ALIENTEK-LUA>copy rmp_platform.h ..\..\MProkaron\Include\Platform\rmp_platform.h 
已复制         1 个文件。
assembling rmp_platform_cmx_asm.s...
compiling stm32f7xx_hal.c...
compiling rmp_platform_cmx.c...
compiling stm32f7xx_hal_pwr_ex.c...
compiling stm32f7xx_hal_cortex.c...
compiling stm32f7xx_hal_gpio.c...
compiling rmp_kernel.c...
compiling stm32f7xx_hal_rcc.c...
assembling startup_stm32f767xx.s...
compiling stm32f7xx_hal_tim_ex.c...
compiling stm32f7xx_hal_tim.c...
compiling stm32f7xx_hal_dma.c...
compiling stm32f7xx_hal_ltdc.c...
compiling stm32f7xx_hal_dma_ex.c...
compiling system_stm32f7xx.c...
compiling stm32f7xx_hal_uart.c...
assembling test_lua.s...
compiling stm32f7xx_hal_sdram.c...
compiling stm32f7xx_hal_rcc_ex.c...
compiling stm32f7xx_ll_fmc.c...
compiling lbaselib.c...
..\..\..\M6P1(L)_Lua\lua\lbaselib.c(37): warning:  #223-D: function "RMP_lua_writestring" declared implicitly
      if (i>1) 
ua_writestring("\t", 1);
..\..\..\M6P1(L)_Lua\lua\lbaselib.c(41): warning:  #223-D: function "RMP_lua_writeline" declared implicitly
    
ua_writeline();
..\..\..\M6P1(L)_Lua\lua\lbaselib.c: 2 warnings, 0 errors
compiling lauxlib.c...
compiling lapi.c...
compiling lcorolib.c...
compiling lctype.c...
compiling lcode.c...
..\..\..\M6P1(L)_Lua\lua\lcode.c(77): warning:  #68-D: integer conversion resulted in a change of sign
    static const Instruction invalidinstruction = -1;
..\..\..\M6P1(L)_Lua\lua\lcode.c: 1 warning, 0 errors
compiling ldblib.c...
compiling ldebug.c...
compiling ldump.c...
compiling ldo.c...
compiling lfunc.c...
compiling linit.c...
compiling liolib.c...
compiling lgc.c...
compiling llex.c...
compiling lmem.c...
..\..\..\M6P1(L)_Lua\lua\lmem.c(98): warning:  #940-D: missing return statement at end of non-void function "luaM_shrinkvector_"
  }
..\..\..\M6P1(L)_Lua\lua\lmem.c: 1 warning, 0 errors
compiling lmathlib.c...
..\..\..\M6P1(L)_Lua\lua\lmathlib.c(177): warning:  #223-D: function "log2" declared implicitly
        res = 
_mathop(log2)(x); else
..\..\..\M6P1(L)_Lua\lua\lmathlib.c: 1 warning, 0 errors
compiling lopcodes.c...
compiling loadlib.c...
compiling lobject.c...
compiling loslib.c...
compiling lstate.c...
compiling lstring.c...
compiling lparser.c...
compiling ltable.c...
compiling ltablib.c...
compiling lstrlib.c...
compiling ltests.c...
compiling ltm.c...
compiling lundump.c...
compiling lutf8lib.c...
compiling lzio.c...
compiling ltdc.c...
compiling lcd.c...
compiling test_lua.c...
Source\test_lua.c(106): warning:  #223-D: function "luaL_openlibs" declared implicitly
      luaL_openlibs(L);  
Source\test_lua.c(107): warning:  #223-D: function "luaopen_base" declared implicitly
      luaopen_base(L);  
Source\test_lua.c(75): warning:  #177-D: function "usage_exit" was declared but never referenced
  static void usage_exit(void) {
Source\test_lua.c: 3 warnings, 0 errors
compiling sdram.c...
compiling lvm.c...
..\..\..\M6P1(L)_Lua\lua\lvm.c(1610): warning:  #111-D: statement is unreachable
          
mbreak;
..\..\..\M6P1(L)_Lua\lua\lvm.c: 1 warning, 0 errors
linking...
Program Size: Code=136078 RO-data=8110 RW-data=92 ZI-data=2411252  
FromELF: creating hex file...
".\Debug\Output\RMP.axf" - 0 Error(s), 9 Warning(s).

<h2>Software Packages used:</h2>

Package Vendor: ARM
                http://www.keil.com/pack/ARM.CMSIS.5.1.1.pack
                ARM::CMSIS:CORE:5.0.2
                CMSIS (Cortex Microcontroller Software Interface Standard)
   * Component: CORE Version: 5.0.2

<h2>Collection of Component include folders:</h2>
  F:\Code_Library\MCU\Mutatus\M5P1_MuProkaron\Project\RVMDK-STM32F767IGT6-ALIENTEK-LUA\RTE
  D:\Program_Files_x86\Keil_v5\ARM\PACK\ARM\CMSIS\5.1.1\CMSIS\Include
  D:\Program_Files_x86\Keil_v5\ARM\PACK\Keil\STM32F7xx_DFP\2.9.0\Drivers\CMSIS\Device\ST\STM32F7xx\Include

<h2>Collection of Component Files used:</h2>

   * Component: ARM::CMSIS:CORE:5.0.2
Build Time Elapsed:  00:00:52
</pre>
</body>
</html>
