<html>
<body>
<pre>
<h1>礦ision Build Log</h1>
<h2>Tool Versions:</h2>
IDE-Version: μVision V5.20.0.0
Copyright (C) 2016 ARM Ltd and ARM Germany GmbH. All rights reserved.
License Information: pry pry, pry, LIC=14HGK-ZYD41-M96GG-V1P72-LY2ST-Z2V3U
 
Tool Versions:
Toolchain:       MDK-ARM Plus  Version: 5.20
Toolchain Path:  D:\Program_Files_x86\Keil_v5\ARM\ARMCC\Bin
C Compiler:      Armcc.exe V5.06 update 2 (build 183)
Assembler:       Armasm.exe V5.06 update 2 (build 183)
Linker/Locator:  ArmLink.exe V5.06 update 2 (build 183)
Library Manager: ArmAr.exe V5.06 update 2 (build 183)
Hex Converter:   FromElf.exe V5.06 update 2 (build 183)
CPU DLL:         SARMCM3.DLL V5.20
Dialog DLL:      DARMCM1.DLL V1.14.0.0
Target DLL:      STLink\ST-LINKIII-KEIL_SWO.dll V2.0.18.0
Dialog DLL:      TARMCM1.DLL V1.10.0.0
 
<h2>Project:</h2>
F:\Code_Library\MCU\Mutatus\M5P1_MuProkaron\Project\RVMDK-STM32F030F4P6\RTOS-Mutate.uvprojx
Project File Date:  07/19/2018

<h2>Output:</h2>
*** Using Compiler 'V5.06 update 2 (build 183)', folder: 'D:\Program_Files_x86\Keil_v5\ARM\ARMCC\Bin'
Build target 'RMP'
Before Build - User command #1: copy.bat
F:\Code_Library\MCU\Mutatus\M5P1_MuProkaron\Project\RVMDK-STM32F030F4P6>copy rmp_platform_cmx_conf.h ..\..\MProkaron\Include\Platform\CortexM\rmp_platform_cmx_conf.h 
已复制         1 个文件。
F:\Code_Library\MCU\Mutatus\M5P1_MuProkaron\Project\RVMDK-STM32F030F4P6>copy rmp_platform.h ..\..\MProkaron\Include\Platform\rmp_platform.h 
已复制         1 个文件。
F:\Code_Library\MCU\Mutatus\M5P1_MuProkaron\Project\RVMDK-STM32F030F4P6>copy rmp_test.h ..\..\MProkaron\Benchmark\rmp_test.h 
已复制         1 个文件。
compiling rmp_platform_cmx.c...
compiling rmp_test.c...
compiling rmp_kernel.c...
linking...
Program Size: Code=7596 RO-data=232 RW-data=96 ZI-data=2896  
FromELF: creating hex file...
".\Debug\Output\RMP.axf" - 0 Error(s), 0 Warning(s).

<h2>Software Packages used:</h2>

Package Vendor: ARM
                http://www.keil.com/pack/ARM.CMSIS.5.3.0.pack
                ARM::CMSIS:CORE:5.1.1
                CMSIS (Cortex Microcontroller Software Interface Standard)
   * Component: CORE Version: 5.1.1

<h2>Collection of Component include folders:</h2>
  F:\Code_Library\MCU\Mutatus\M5P1_MuProkaron\Project\RVMDK-STM32F030F4P6\RTE
  D:\Program_Files_x86\Keil_v5\ARM\PACK\ARM\CMSIS\5.3.0\CMSIS\Include
  D:\Program_Files_x86\Keil_v5\ARM\PACK\Keil\STM32F0xx_DFP\2.0.0\Drivers\CMSIS\Device\ST\STM32F0xx\Include

<h2>Collection of Component Files used:</h2>

   * Component: ARM::CMSIS:CORE:5.1.1
Build Time Elapsed:  00:00:01
</pre>
</body>
</html>
