Archive member included to satisfy reference by file (symbol)

/home/pry/eclipse/gcc-arm-none-eabi-5_4-2016q3/bin/../lib/gcc/arm-none-eabi/5.4.1/../../../../arm-none-eabi/lib/armv7e-m/softfp/libc.a(lib_a-exit.o)
                              /home/pry/eclipse/gcc-arm-none-eabi-5_4-2016q3/bin/../lib/gcc/arm-none-eabi/5.4.1/../../../../arm-none-eabi/lib/armv7e-m/softfp/crt0.o (exit)
/home/pry/eclipse/gcc-arm-none-eabi-5_4-2016q3/bin/../lib/gcc/arm-none-eabi/5.4.1/../../../../arm-none-eabi/lib/armv7e-m/softfp/libc.a(lib_a-impure.o)
                              /home/pry/eclipse/gcc-arm-none-eabi-5_4-2016q3/bin/../lib/gcc/arm-none-eabi/5.4.1/../../../../arm-none-eabi/lib/armv7e-m/softfp/libc.a(lib_a-exit.o) (_global_impure_ptr)
/home/pry/eclipse/gcc-arm-none-eabi-5_4-2016q3/bin/../lib/gcc/arm-none-eabi/5.4.1/../../../../arm-none-eabi/lib/armv7e-m/softfp/libc.a(lib_a-init.o)
                              /home/pry/eclipse/gcc-arm-none-eabi-5_4-2016q3/bin/../lib/gcc/arm-none-eabi/5.4.1/../../../../arm-none-eabi/lib/armv7e-m/softfp/crt0.o (__libc_init_array)
/home/pry/eclipse/gcc-arm-none-eabi-5_4-2016q3/bin/../lib/gcc/arm-none-eabi/5.4.1/../../../../arm-none-eabi/lib/armv7e-m/softfp/libc.a(lib_a-memcpy.o)
                              ./Kernel/rmp_kernel.o (memcpy)
/home/pry/eclipse/gcc-arm-none-eabi-5_4-2016q3/bin/../lib/gcc/arm-none-eabi/5.4.1/../../../../arm-none-eabi/lib/armv7e-m/softfp/libc.a(lib_a-memset.o)
                              /home/pry/eclipse/gcc-arm-none-eabi-5_4-2016q3/bin/../lib/gcc/arm-none-eabi/5.4.1/../../../../arm-none-eabi/lib/armv7e-m/softfp/crt0.o (memset)
/home/pry/eclipse/gcc-arm-none-eabi-5_4-2016q3/bin/../lib/gcc/arm-none-eabi/5.4.1/../../../../arm-none-eabi/lib/armv7e-m/softfp/libc.a(lib_a-__call_atexit.o)
                              /home/pry/eclipse/gcc-arm-none-eabi-5_4-2016q3/bin/../lib/gcc/arm-none-eabi/5.4.1/../../../../arm-none-eabi/lib/armv7e-m/softfp/libc.a(lib_a-exit.o) (__call_exitprocs)
/home/pry/eclipse/gcc-arm-none-eabi-5_4-2016q3/bin/../lib/gcc/arm-none-eabi/5.4.1/../../../../arm-none-eabi/lib/armv7e-m/softfp/libc.a(lib_a-atexit.o)
                              /home/pry/eclipse/gcc-arm-none-eabi-5_4-2016q3/bin/../lib/gcc/arm-none-eabi/5.4.1/../../../../arm-none-eabi/lib/armv7e-m/softfp/libc.a(lib_a-__call_atexit.o) (atexit)
/home/pry/eclipse/gcc-arm-none-eabi-5_4-2016q3/bin/../lib/gcc/arm-none-eabi/5.4.1/../../../../arm-none-eabi/lib/armv7e-m/softfp/libc.a(lib_a-fini.o)
                              /home/pry/eclipse/gcc-arm-none-eabi-5_4-2016q3/bin/../lib/gcc/arm-none-eabi/5.4.1/../../../../arm-none-eabi/lib/armv7e-m/softfp/libc.a(lib_a-__call_atexit.o) (__libc_fini_array)
/home/pry/eclipse/gcc-arm-none-eabi-5_4-2016q3/bin/../lib/gcc/arm-none-eabi/5.4.1/../../../../arm-none-eabi/lib/armv7e-m/softfp/libc.a(lib_a-__atexit.o)
                              /home/pry/eclipse/gcc-arm-none-eabi-5_4-2016q3/bin/../lib/gcc/arm-none-eabi/5.4.1/../../../../arm-none-eabi/lib/armv7e-m/softfp/libc.a(lib_a-atexit.o) (__register_exitproc)

Allocating common symbols
Common symbol       size              file

Stack_2             0x400             ./User/rmp_test.o
RVM_Regs            0x68              ./Lib/rvm_guest_cmx.o
RMP_Cur_SP          0x4               ./Kernel/rmp_kernel.o
RMP_Cur_Thd         0x4               ./Kernel/rmp_kernel.o
RMP_Tick            0x4               ./Kernel/rmp_kernel.o
Sem_1               0x10              ./User/rmp_test.o
Thd_2               0x3c              ./User/rmp_test.o
RVM_Flag            0x4               ./Lib/rvm_guest_cmx.o
RVM_Param           0x14              ./Lib/rvm_guest_cmx.o
RVM_Vect            0x80              ./Lib/rvm_guest_cmx.o
Thd_1               0x3c              ./User/rmp_test.o
RVM_Console         0x80              ./Lib/rvm_guest_cmx.o
Thd_Test            0x3c              ./User/rmp_test.o
Stack_1             0x400             ./User/rmp_test.o

Discarded input sections

 .text          0x00000000        0x0 /home/pry/eclipse/gcc-arm-none-eabi-5_4-2016q3/bin/../lib/gcc/arm-none-eabi/5.4.1/armv7e-m/softfp/crti.o
 .data          0x00000000        0x0 /home/pry/eclipse/gcc-arm-none-eabi-5_4-2016q3/bin/../lib/gcc/arm-none-eabi/5.4.1/armv7e-m/softfp/crti.o
 .bss           0x00000000        0x0 /home/pry/eclipse/gcc-arm-none-eabi-5_4-2016q3/bin/../lib/gcc/arm-none-eabi/5.4.1/armv7e-m/softfp/crti.o
 .data          0x00000000        0x4 /home/pry/eclipse/gcc-arm-none-eabi-5_4-2016q3/bin/../lib/gcc/arm-none-eabi/5.4.1/armv7e-m/softfp/crtbegin.o
 .text          0x00000000       0x74 /home/pry/eclipse/gcc-arm-none-eabi-5_4-2016q3/bin/../lib/gcc/arm-none-eabi/5.4.1/../../../../arm-none-eabi/lib/armv7e-m/softfp/crt0.o
 .data          0x00000000        0x0 /home/pry/eclipse/gcc-arm-none-eabi-5_4-2016q3/bin/../lib/gcc/arm-none-eabi/5.4.1/../../../../arm-none-eabi/lib/armv7e-m/softfp/crt0.o
 .bss           0x00000000        0x0 /home/pry/eclipse/gcc-arm-none-eabi-5_4-2016q3/bin/../lib/gcc/arm-none-eabi/5.4.1/../../../../arm-none-eabi/lib/armv7e-m/softfp/crt0.o
 .ARM.extab     0x00000000        0x0 /home/pry/eclipse/gcc-arm-none-eabi-5_4-2016q3/bin/../lib/gcc/arm-none-eabi/5.4.1/../../../../arm-none-eabi/lib/armv7e-m/softfp/crt0.o
 .ARM.exidx     0x00000000        0x8 /home/pry/eclipse/gcc-arm-none-eabi-5_4-2016q3/bin/../lib/gcc/arm-none-eabi/5.4.1/../../../../arm-none-eabi/lib/armv7e-m/softfp/crt0.o
 .ARM.attributes
                0x00000000       0x20 /home/pry/eclipse/gcc-arm-none-eabi-5_4-2016q3/bin/../lib/gcc/arm-none-eabi/5.4.1/../../../../arm-none-eabi/lib/armv7e-m/softfp/crt0.o
 .group         0x00000000        0x8 ./User/rmp_test.o
 .group         0x00000000        0x8 ./User/rmp_test.o
 .group         0x00000000        0x8 ./User/rmp_test.o
 .group         0x00000000        0x8 ./User/rmp_test.o
 .group         0x00000000        0x8 ./User/rmp_test.o
 .group         0x00000000        0x8 ./User/rmp_test.o
 .group         0x00000000        0x8 ./User/rmp_test.o
 .group         0x00000000        0x8 ./User/rmp_test.o
 .group         0x00000000        0x8 ./User/rmp_test.o
 .group         0x00000000        0x8 ./User/rmp_test.o
 .group         0x00000000        0x8 ./User/rmp_test.o
 .group         0x00000000        0x8 ./User/rmp_test.o
 .group         0x00000000        0x8 ./User/rmp_test.o
 .group         0x00000000        0x8 ./User/rmp_test.o
 .group         0x00000000        0x8 ./User/rmp_test.o
 .group         0x00000000        0x8 ./User/rmp_test.o
 .group         0x00000000        0x8 ./User/rmp_test.o
 .group         0x00000000        0x8 ./User/rmp_test.o
 .group         0x00000000        0x8 ./User/rmp_test.o
 .group         0x00000000        0x8 ./User/rmp_test.o
 .group         0x00000000        0x8 ./User/rmp_test.o
 .group         0x00000000        0x8 ./User/rmp_test.o
 .group         0x00000000        0x8 ./User/rmp_test.o
 .group         0x00000000        0x8 ./User/rmp_test.o
 .group         0x00000000        0x8 ./User/rmp_test.o
 .group         0x00000000        0x8 ./User/rmp_test.o
 .group         0x00000000        0x8 ./User/rmp_test.o
 .group         0x00000000        0x8 ./User/rmp_test.o
 .group         0x00000000        0x8 ./User/rmp_test.o
 .group         0x00000000        0x8 ./User/rmp_test.o
 .group         0x00000000        0x8 ./User/rmp_test.o
 .group         0x00000000        0x8 ./User/rmp_test.o
 .group         0x00000000        0x8 ./User/rmp_test.o
 .group         0x00000000        0x8 ./User/rmp_test.o
 .group         0x00000000        0x8 ./User/rmp_test.o
 .group         0x00000000        0x8 ./User/rmp_test.o
 .group         0x00000000        0x8 ./User/rmp_test.o
 .group         0x00000000        0x8 ./User/rmp_test.o
 .group         0x00000000        0x8 ./User/rmp_test.o
 .group         0x00000000        0x8 ./User/rmp_test.o
 .group         0x00000000        0x8 ./User/rmp_test.o
 .group         0x00000000        0x8 ./User/rmp_test.o
 .group         0x00000000        0x8 ./User/rmp_test.o
 .group         0x00000000        0x8 ./User/rmp_test.o
 .group         0x00000000        0x8 ./User/rmp_test.o
 .group         0x00000000        0x8 ./User/rmp_test.o
 .group         0x00000000        0x8 ./User/rmp_test.o
 .group         0x00000000        0x8 ./User/rmp_test.o
 .group         0x00000000        0x8 ./User/rmp_test.o
 .group         0x00000000        0x8 ./User/rmp_test.o
 .group         0x00000000        0x8 ./User/rmp_test.o
 .group         0x00000000        0x8 ./User/rmp_test.o
 .group         0x00000000        0x8 ./User/rmp_test.o
 .group         0x00000000        0x8 ./User/rmp_test.o
 .group         0x00000000        0x8 ./User/rmp_test.o
 .group         0x00000000        0x8 ./User/rmp_test.o
 .group         0x00000000        0x8 ./User/rmp_test.o
 .group         0x00000000        0x8 ./User/rmp_test.o
 .group         0x00000000        0x8 ./User/rmp_test.o
 .group         0x00000000        0x8 ./User/rmp_test.o
 .group         0x00000000        0x8 ./User/rmp_test.o
 .group         0x00000000        0x8 ./User/rmp_test.o
 .group         0x00000000        0x8 ./User/rmp_test.o
 .group         0x00000000        0x8 ./User/rmp_test.o
 .group         0x00000000        0x8 ./User/rmp_test.o
 .group         0x00000000        0x8 ./User/rmp_test.o
 .group         0x00000000        0x8 ./User/rmp_test.o
 .group         0x00000000        0x8 ./User/rmp_test.o
 .group         0x00000000        0x8 ./User/rmp_test.o
 .group         0x00000000        0x8 ./User/rmp_test.o
 .group         0x00000000        0x8 ./User/rmp_test.o
 .group         0x00000000        0x8 ./User/rmp_test.o
 .group         0x00000000        0x8 ./User/rmp_test.o
 .group         0x00000000        0x8 ./User/rmp_test.o
 .group         0x00000000        0x8 ./User/rmp_test.o
 .group         0x00000000        0x8 ./User/rmp_test.o
 .group         0x00000000        0x8 ./User/rmp_test.o
 .group         0x00000000        0x8 ./User/rmp_test.o
 .group         0x00000000        0x8 ./User/rmp_test.o
 .group         0x00000000        0x8 ./User/rmp_test.o
 .group         0x00000000        0x8 ./User/rmp_test.o
 .group         0x00000000        0x8 ./User/rmp_test.o
 .group         0x00000000        0x8 ./User/rmp_test.o
 .group         0x00000000        0x8 ./User/rmp_test.o
 .group         0x00000000        0x8 ./User/rmp_test.o
 .group         0x00000000        0x8 ./User/rmp_test.o
 .group         0x00000000        0x8 ./User/rmp_test.o
 .group         0x00000000        0x8 ./User/rmp_test.o
 .group         0x00000000        0x8 ./User/rmp_test.o
 .group         0x00000000        0x8 ./User/rmp_test.o
 .group         0x00000000        0x8 ./User/rmp_test.o
 .group         0x00000000        0x8 ./User/rmp_test.o
 .group         0x00000000        0x8 ./User/rmp_test.o
 .group         0x00000000        0x8 ./User/rmp_test.o
 .group         0x00000000        0x8 ./User/rmp_test.o
 .group         0x00000000        0x8 ./User/rmp_test.o
 .group         0x00000000        0x8 ./User/rmp_test.o
 .group         0x00000000        0x8 ./User/rmp_test.o
 .group         0x00000000        0x8 ./User/rmp_test.o
 .group         0x00000000        0x8 ./User/rmp_test.o
 .group         0x00000000        0x8 ./User/rmp_test.o
 .group         0x00000000        0x8 ./User/rmp_test.o
 .group         0x00000000        0x8 ./User/rmp_test.o
 .group         0x00000000        0x8 ./User/rmp_test.o
 .group         0x00000000        0x8 ./User/rmp_test.o
 .group         0x00000000        0x8 ./User/rmp_test.o
 .group         0x00000000        0x8 ./User/rmp_test.o
 .group         0x00000000        0x8 ./User/rmp_test.o
 .group         0x00000000        0x8 ./User/rmp_test.o
 .group         0x00000000        0x8 ./User/rmp_test.o
 .group         0x00000000        0x8 ./User/rmp_test.o
 .group         0x00000000        0x8 ./User/rmp_test.o
 .group         0x00000000        0x8 ./User/rmp_test.o
 .group         0x00000000        0x8 ./User/rmp_test.o
 .group         0x00000000        0x8 ./User/rmp_test.o
 .group         0x00000000        0x8 ./User/rmp_test.o
 .group         0x00000000        0x8 ./User/rmp_test.o
 .group         0x00000000        0x8 ./User/rmp_test.o
 .group         0x00000000        0x8 ./User/rmp_test.o
 .group         0x00000000        0x8 ./User/rmp_test.o
 .group         0x00000000        0x8 ./User/rmp_test.o
 .group         0x00000000        0x8 ./User/rmp_test.o
 .group         0x00000000        0x8 ./User/rmp_test.o
 .text          0x00000000        0x0 ./User/rmp_test.o
 .data          0x00000000        0x0 ./User/rmp_test.o
 .bss           0x00000000        0x0 ./User/rmp_test.o
 .text.Timer_Init
                0x00000000       0x5c ./User/rmp_test.o
 .text.Int_Disable
                0x00000000       0x6c ./User/rmp_test.o
 .text.Test_Yield_1
                0x00000000       0x20 ./User/rmp_test.o
 .text.Rand     0x00000000       0x1c ./User/rmp_test.o
 .text.Swap     0x00000000        0xc ./User/rmp_test.o
 .group         0x00000000        0x8 ./Platform/rmp_platform_cmx_rvm.o
 .group         0x00000000        0x8 ./Platform/rmp_platform_cmx_rvm.o
 .group         0x00000000        0x8 ./Platform/rmp_platform_cmx_rvm.o
 .group         0x00000000        0x8 ./Platform/rmp_platform_cmx_rvm.o
 .group         0x00000000        0x8 ./Platform/rmp_platform_cmx_rvm.o
 .group         0x00000000        0x8 ./Platform/rmp_platform_cmx_rvm.o
 .group         0x00000000        0x8 ./Platform/rmp_platform_cmx_rvm.o
 .group         0x00000000        0x8 ./Platform/rmp_platform_cmx_rvm.o
 .group         0x00000000        0x8 ./Platform/rmp_platform_cmx_rvm.o
 .group         0x00000000        0x8 ./Platform/rmp_platform_cmx_rvm.o
 .group         0x00000000        0x8 ./Platform/rmp_platform_cmx_rvm.o
 .group         0x00000000        0x8 ./Platform/rmp_platform_cmx_rvm.o
 .group         0x00000000        0x8 ./Platform/rmp_platform_cmx_rvm.o
 .group         0x00000000        0x8 ./Platform/rmp_platform_cmx_rvm.o
 .group         0x00000000        0x8 ./Platform/rmp_platform_cmx_rvm.o
 .group         0x00000000        0x8 ./Platform/rmp_platform_cmx_rvm.o
 .group         0x00000000        0x8 ./Platform/rmp_platform_cmx_rvm.o
 .group         0x00000000        0x8 ./Platform/rmp_platform_cmx_rvm.o
 .group         0x00000000        0x8 ./Platform/rmp_platform_cmx_rvm.o
 .group         0x00000000        0x8 ./Platform/rmp_platform_cmx_rvm.o
 .group         0x00000000        0x8 ./Platform/rmp_platform_cmx_rvm.o
 .group         0x00000000        0x8 ./Platform/rmp_platform_cmx_rvm.o
 .group         0x00000000        0x8 ./Platform/rmp_platform_cmx_rvm.o
 .group         0x00000000        0x8 ./Platform/rmp_platform_cmx_rvm.o
 .group         0x00000000        0x8 ./Platform/rmp_platform_cmx_rvm.o
 .group         0x00000000        0x8 ./Platform/rmp_platform_cmx_rvm.o
 .group         0x00000000        0x8 ./Platform/rmp_platform_cmx_rvm.o
 .group         0x00000000        0x8 ./Platform/rmp_platform_cmx_rvm.o
 .group         0x00000000        0x8 ./Platform/rmp_platform_cmx_rvm.o
 .group         0x00000000        0x8 ./Platform/rmp_platform_cmx_rvm.o
 .group         0x00000000        0x8 ./Platform/rmp_platform_cmx_rvm.o
 .group         0x00000000        0x8 ./Platform/rmp_platform_cmx_rvm.o
 .group         0x00000000        0x8 ./Platform/rmp_platform_cmx_rvm.o
 .group         0x00000000        0x8 ./Platform/rmp_platform_cmx_rvm.o
 .group         0x00000000        0x8 ./Platform/rmp_platform_cmx_rvm.o
 .group         0x00000000        0x8 ./Platform/rmp_platform_cmx_rvm.o
 .group         0x00000000        0x8 ./Platform/rmp_platform_cmx_rvm.o
 .group         0x00000000        0x8 ./Platform/rmp_platform_cmx_rvm.o
 .group         0x00000000        0x8 ./Platform/rmp_platform_cmx_rvm.o
 .group         0x00000000        0x8 ./Platform/rmp_platform_cmx_rvm.o
 .group         0x00000000        0x8 ./Platform/rmp_platform_cmx_rvm.o
 .group         0x00000000        0x8 ./Platform/rmp_platform_cmx_rvm.o
 .group         0x00000000        0x8 ./Platform/rmp_platform_cmx_rvm.o
 .group         0x00000000        0x8 ./Platform/rmp_platform_cmx_rvm.o
 .group         0x00000000        0x8 ./Platform/rmp_platform_cmx_rvm.o
 .group         0x00000000        0x8 ./Platform/rmp_platform_cmx_rvm.o
 .group         0x00000000        0x8 ./Platform/rmp_platform_cmx_rvm.o
 .group         0x00000000        0x8 ./Platform/rmp_platform_cmx_rvm.o
 .group         0x00000000        0x8 ./Platform/rmp_platform_cmx_rvm.o
 .group         0x00000000        0x8 ./Platform/rmp_platform_cmx_rvm.o
 .group         0x00000000        0x8 ./Platform/rmp_platform_cmx_rvm.o
 .group         0x00000000        0x8 ./Platform/rmp_platform_cmx_rvm.o
 .group         0x00000000        0x8 ./Platform/rmp_platform_cmx_rvm.o
 .group         0x00000000        0x8 ./Platform/rmp_platform_cmx_rvm.o
 .group         0x00000000        0x8 ./Platform/rmp_platform_cmx_rvm.o
 .group         0x00000000        0x8 ./Platform/rmp_platform_cmx_rvm.o
 .group         0x00000000        0x8 ./Platform/rmp_platform_cmx_rvm.o
 .group         0x00000000        0x8 ./Platform/rmp_platform_cmx_rvm.o
 .group         0x00000000        0x8 ./Platform/rmp_platform_cmx_rvm.o
 .group         0x00000000        0x8 ./Platform/rmp_platform_cmx_rvm.o
 .group         0x00000000        0x8 ./Platform/rmp_platform_cmx_rvm.o
 .group         0x00000000        0x8 ./Platform/rmp_platform_cmx_rvm.o
 .group         0x00000000        0x8 ./Platform/rmp_platform_cmx_rvm.o
 .group         0x00000000        0x8 ./Platform/rmp_platform_cmx_rvm.o
 .group         0x00000000        0x8 ./Platform/rmp_platform_cmx_rvm.o
 .group         0x00000000        0x8 ./Platform/rmp_platform_cmx_rvm.o
 .group         0x00000000        0x8 ./Platform/rmp_platform_cmx_rvm.o
 .group         0x00000000        0x8 ./Platform/rmp_platform_cmx_rvm.o
 .group         0x00000000        0x8 ./Platform/rmp_platform_cmx_rvm.o
 .group         0x00000000        0x8 ./Platform/rmp_platform_cmx_rvm.o
 .group         0x00000000        0x8 ./Platform/rmp_platform_cmx_rvm.o
 .group         0x00000000        0x8 ./Platform/rmp_platform_cmx_rvm.o
 .group         0x00000000        0x8 ./Platform/rmp_platform_cmx_rvm.o
 .group         0x00000000        0x8 ./Platform/rmp_platform_cmx_rvm.o
 .group         0x00000000        0x8 ./Platform/rmp_platform_cmx_rvm.o
 .group         0x00000000        0x8 ./Platform/rmp_platform_cmx_rvm.o
 .group         0x00000000        0x8 ./Platform/rmp_platform_cmx_rvm.o
 .group         0x00000000        0x8 ./Platform/rmp_platform_cmx_rvm.o
 .group         0x00000000        0x8 ./Platform/rmp_platform_cmx_rvm.o
 .group         0x00000000        0x8 ./Platform/rmp_platform_cmx_rvm.o
 .group         0x00000000        0x8 ./Platform/rmp_platform_cmx_rvm.o
 .group         0x00000000        0x8 ./Platform/rmp_platform_cmx_rvm.o
 .group         0x00000000        0x8 ./Platform/rmp_platform_cmx_rvm.o
 .group         0x00000000        0x8 ./Platform/rmp_platform_cmx_rvm.o
 .group         0x00000000        0x8 ./Platform/rmp_platform_cmx_rvm.o
 .group         0x00000000        0x8 ./Platform/rmp_platform_cmx_rvm.o
 .group         0x00000000        0x8 ./Platform/rmp_platform_cmx_rvm.o
 .group         0x00000000        0x8 ./Platform/rmp_platform_cmx_rvm.o
 .group         0x00000000        0x8 ./Platform/rmp_platform_cmx_rvm.o
 .group         0x00000000        0x8 ./Platform/rmp_platform_cmx_rvm.o
 .group         0x00000000        0x8 ./Platform/rmp_platform_cmx_rvm.o
 .group         0x00000000        0x8 ./Platform/rmp_platform_cmx_rvm.o
 .group         0x00000000        0x8 ./Platform/rmp_platform_cmx_rvm.o
 .group         0x00000000        0x8 ./Platform/rmp_platform_cmx_rvm.o
 .group         0x00000000        0x8 ./Platform/rmp_platform_cmx_rvm.o
 .group         0x00000000        0x8 ./Platform/rmp_platform_cmx_rvm.o
 .group         0x00000000        0x8 ./Platform/rmp_platform_cmx_rvm.o
 .group         0x00000000        0x8 ./Platform/rmp_platform_cmx_rvm.o
 .group         0x00000000        0x8 ./Platform/rmp_platform_cmx_rvm.o
 .group         0x00000000        0x8 ./Platform/rmp_platform_cmx_rvm.o
 .group         0x00000000        0x8 ./Platform/rmp_platform_cmx_rvm.o
 .group         0x00000000        0x8 ./Platform/rmp_platform_cmx_rvm.o
 .group         0x00000000        0x8 ./Platform/rmp_platform_cmx_rvm.o
 .group         0x00000000        0x8 ./Platform/rmp_platform_cmx_rvm.o
 .group         0x00000000        0x8 ./Platform/rmp_platform_cmx_rvm.o
 .group         0x00000000        0x8 ./Platform/rmp_platform_cmx_rvm.o
 .group         0x00000000        0x8 ./Platform/rmp_platform_cmx_rvm.o
 .group         0x00000000        0x8 ./Platform/rmp_platform_cmx_rvm.o
 .group         0x00000000        0x8 ./Platform/rmp_platform_cmx_rvm.o
 .group         0x00000000        0x8 ./Platform/rmp_platform_cmx_rvm.o
 .group         0x00000000        0x8 ./Platform/rmp_platform_cmx_rvm.o
 .group         0x00000000        0x8 ./Platform/rmp_platform_cmx_rvm.o
 .group         0x00000000        0x8 ./Platform/rmp_platform_cmx_rvm.o
 .group         0x00000000        0x8 ./Platform/rmp_platform_cmx_rvm.o
 .group         0x00000000        0x8 ./Platform/rmp_platform_cmx_rvm.o
 .group         0x00000000        0x8 ./Platform/rmp_platform_cmx_rvm.o
 .group         0x00000000        0x8 ./Platform/rmp_platform_cmx_rvm.o
 .group         0x00000000        0x8 ./Platform/rmp_platform_cmx_rvm.o
 .group         0x00000000        0x8 ./Platform/rmp_platform_cmx_rvm.o
 .text          0x00000000        0x0 ./Platform/rmp_platform_cmx_rvm.o
 .data          0x00000000        0x0 ./Platform/rmp_platform_cmx_rvm.o
 .bss           0x00000000        0x0 ./Platform/rmp_platform_cmx_rvm.o
 .text.RMP_Disable_Int
                0x00000000        0x4 ./Platform/rmp_platform_cmx_rvm.o
 .text.RMP_Enable_Int
                0x00000000        0x4 ./Platform/rmp_platform_cmx_rvm.o
 .debug_macro   0x00000000      0x886 ./Platform/rmp_platform_cmx_rvm.o
 .debug_macro   0x00000000       0x58 ./Platform/rmp_platform_cmx_rvm.o
 .debug_macro   0x00000000      0x227 ./Platform/rmp_platform_cmx_rvm.o
 .debug_macro   0x00000000       0x46 ./Platform/rmp_platform_cmx_rvm.o
 .debug_macro   0x00000000       0x2e ./Platform/rmp_platform_cmx_rvm.o
 .debug_macro   0x00000000       0x3b ./Platform/rmp_platform_cmx_rvm.o
 .debug_macro   0x00000000      0x34e ./Platform/rmp_platform_cmx_rvm.o
 .debug_macro   0x00000000       0x35 ./Platform/rmp_platform_cmx_rvm.o
 .debug_macro   0x00000000       0x50 ./Platform/rmp_platform_cmx_rvm.o
 .debug_macro   0x00000000     0x1114 ./Platform/rmp_platform_cmx_rvm.o
 .debug_macro   0x00000000    0x19f38 ./Platform/rmp_platform_cmx_rvm.o
 .debug_macro   0x00000000       0x43 ./Platform/rmp_platform_cmx_rvm.o
 .debug_macro   0x00000000      0x252 ./Platform/rmp_platform_cmx_rvm.o
 .debug_macro   0x00000000     0x35cf ./Platform/rmp_platform_cmx_rvm.o
 .debug_macro   0x00000000       0x22 ./Platform/rmp_platform_cmx_rvm.o
 .debug_macro   0x00000000       0x4c ./Platform/rmp_platform_cmx_rvm.o
 .debug_macro   0x00000000       0x8d ./Platform/rmp_platform_cmx_rvm.o
 .debug_macro   0x00000000       0x35 ./Platform/rmp_platform_cmx_rvm.o
 .debug_macro   0x00000000       0x9c ./Platform/rmp_platform_cmx_rvm.o
 .debug_macro   0x00000000       0x16 ./Platform/rmp_platform_cmx_rvm.o
 .debug_macro   0x00000000       0x4a ./Platform/rmp_platform_cmx_rvm.o
 .debug_macro   0x00000000       0x97 ./Platform/rmp_platform_cmx_rvm.o
 .debug_macro   0x00000000      0x30d ./Platform/rmp_platform_cmx_rvm.o
 .debug_macro   0x00000000       0xfd ./Platform/rmp_platform_cmx_rvm.o
 .debug_macro   0x00000000       0x10 ./Platform/rmp_platform_cmx_rvm.o
 .debug_macro   0x00000000       0x52 ./Platform/rmp_platform_cmx_rvm.o
 .debug_macro   0x00000000       0x1f ./Platform/rmp_platform_cmx_rvm.o
 .debug_macro   0x00000000       0x43 ./Platform/rmp_platform_cmx_rvm.o
 .debug_macro   0x00000000       0x20 ./Platform/rmp_platform_cmx_rvm.o
 .debug_macro   0x00000000      0x187 ./Platform/rmp_platform_cmx_rvm.o
 .debug_macro   0x00000000       0x10 ./Platform/rmp_platform_cmx_rvm.o
 .debug_macro   0x00000000       0x5e ./Platform/rmp_platform_cmx_rvm.o
 .debug_macro   0x00000000       0x1c ./Platform/rmp_platform_cmx_rvm.o
 .debug_macro   0x00000000       0x52 ./Platform/rmp_platform_cmx_rvm.o
 .debug_macro   0x00000000       0x40 ./Platform/rmp_platform_cmx_rvm.o
 .debug_macro   0x00000000       0x10 ./Platform/rmp_platform_cmx_rvm.o
 .debug_macro   0x00000000       0x40 ./Platform/rmp_platform_cmx_rvm.o
 .debug_macro   0x00000000       0xd7 ./Platform/rmp_platform_cmx_rvm.o
 .debug_macro   0x00000000       0x16 ./Platform/rmp_platform_cmx_rvm.o
 .debug_macro   0x00000000      0x18b ./Platform/rmp_platform_cmx_rvm.o
 .debug_macro   0x00000000       0x5e ./Platform/rmp_platform_cmx_rvm.o
 .debug_macro   0x00000000     0x1add ./Platform/rmp_platform_cmx_rvm.o
 .debug_macro   0x00000000      0x6ca ./Platform/rmp_platform_cmx_rvm.o
 .debug_macro   0x00000000      0x11e ./Platform/rmp_platform_cmx_rvm.o
 .debug_macro   0x00000000      0x277 ./Platform/rmp_platform_cmx_rvm.o
 .debug_macro   0x00000000       0x27 ./Platform/rmp_platform_cmx_rvm.o
 .debug_macro   0x00000000      0x24f ./Platform/rmp_platform_cmx_rvm.o
 .debug_macro   0x00000000       0x71 ./Platform/rmp_platform_cmx_rvm.o
 .debug_macro   0x00000000       0x58 ./Platform/rmp_platform_cmx_rvm.o
 .debug_macro   0x00000000      0x23a ./Platform/rmp_platform_cmx_rvm.o
 .debug_macro   0x00000000      0x408 ./Platform/rmp_platform_cmx_rvm.o
 .debug_macro   0x00000000      0x161 ./Platform/rmp_platform_cmx_rvm.o
 .debug_macro   0x00000000      0x100 ./Platform/rmp_platform_cmx_rvm.o
 .debug_macro   0x00000000      0x3f3 ./Platform/rmp_platform_cmx_rvm.o
 .debug_macro   0x00000000      0x2e2 ./Platform/rmp_platform_cmx_rvm.o
 .debug_macro   0x00000000       0xab ./Platform/rmp_platform_cmx_rvm.o
 .debug_macro   0x00000000       0x4c ./Platform/rmp_platform_cmx_rvm.o
 .debug_macro   0x00000000       0x2e ./Platform/rmp_platform_cmx_rvm.o
 .debug_macro   0x00000000      0x22b ./Platform/rmp_platform_cmx_rvm.o
 .debug_macro   0x00000000       0xe5 ./Platform/rmp_platform_cmx_rvm.o
 .debug_macro   0x00000000       0xa1 ./Platform/rmp_platform_cmx_rvm.o
 .debug_macro   0x00000000       0x3c ./Platform/rmp_platform_cmx_rvm.o
 .debug_macro   0x00000000      0x22c ./Platform/rmp_platform_cmx_rvm.o
 .debug_macro   0x00000000      0xcd5 ./Platform/rmp_platform_cmx_rvm.o
 .debug_macro   0x00000000      0x156 ./Platform/rmp_platform_cmx_rvm.o
 .debug_macro   0x00000000      0x3de ./Platform/rmp_platform_cmx_rvm.o
 .debug_macro   0x00000000       0x12 ./Platform/rmp_platform_cmx_rvm.o
 .debug_macro   0x00000000      0x516 ./Platform/rmp_platform_cmx_rvm.o
 .debug_macro   0x00000000       0x88 ./Platform/rmp_platform_cmx_rvm.o
 .debug_macro   0x00000000       0xe3 ./Platform/rmp_platform_cmx_rvm.o
 .debug_macro   0x00000000       0x10 ./Platform/rmp_platform_cmx_rvm.o
 .debug_macro   0x00000000      0x209 ./Platform/rmp_platform_cmx_rvm.o
 .debug_macro   0x00000000       0x61 ./Platform/rmp_platform_cmx_rvm.o
 .debug_macro   0x00000000       0x90 ./Platform/rmp_platform_cmx_rvm.o
 .debug_macro   0x00000000      0x1b5 ./Platform/rmp_platform_cmx_rvm.o
 .debug_macro   0x00000000       0x87 ./Platform/rmp_platform_cmx_rvm.o
 .debug_macro   0x00000000      0x28d ./Platform/rmp_platform_cmx_rvm.o
 .debug_macro   0x00000000      0x255 ./Platform/rmp_platform_cmx_rvm.o
 .debug_macro   0x00000000      0x132 ./Platform/rmp_platform_cmx_rvm.o
 .debug_macro   0x00000000      0x10c ./Platform/rmp_platform_cmx_rvm.o
 .debug_macro   0x00000000       0x35 ./Platform/rmp_platform_cmx_rvm.o
 .debug_macro   0x00000000      0x2e2 ./Platform/rmp_platform_cmx_rvm.o
 .debug_macro   0x00000000       0x7b ./Platform/rmp_platform_cmx_rvm.o
 .debug_macro   0x00000000      0x313 ./Platform/rmp_platform_cmx_rvm.o
 .debug_macro   0x00000000      0x4da ./Platform/rmp_platform_cmx_rvm.o
 .debug_macro   0x00000000       0xd6 ./Platform/rmp_platform_cmx_rvm.o
 .debug_macro   0x00000000      0x447 ./Platform/rmp_platform_cmx_rvm.o
 .debug_macro   0x00000000      0x757 ./Platform/rmp_platform_cmx_rvm.o
 .debug_macro   0x00000000      0x198 ./Platform/rmp_platform_cmx_rvm.o
 .debug_macro   0x00000000      0x1ed ./Platform/rmp_platform_cmx_rvm.o
 .debug_macro   0x00000000      0x2e2 ./Platform/rmp_platform_cmx_rvm.o
 .debug_macro   0x00000000      0x65b ./Platform/rmp_platform_cmx_rvm.o
 .debug_macro   0x00000000      0x2aa ./Platform/rmp_platform_cmx_rvm.o
 .debug_macro   0x00000000      0x169 ./Platform/rmp_platform_cmx_rvm.o
 .debug_macro   0x00000000      0x4e8 ./Platform/rmp_platform_cmx_rvm.o
 .debug_macro   0x00000000       0x47 ./Platform/rmp_platform_cmx_rvm.o
 .debug_macro   0x00000000      0x1df ./Platform/rmp_platform_cmx_rvm.o
 .debug_macro   0x00000000       0x29 ./Platform/rmp_platform_cmx_rvm.o
 .debug_macro   0x00000000       0x58 ./Platform/rmp_platform_cmx_rvm.o
 .debug_macro   0x00000000      0x1f4 ./Platform/rmp_platform_cmx_rvm.o
 .debug_macro   0x00000000       0x30 ./Platform/rmp_platform_cmx_rvm.o
 .debug_macro   0x00000000       0x58 ./Platform/rmp_platform_cmx_rvm.o
 .debug_macro   0x00000000      0x2f7 ./Platform/rmp_platform_cmx_rvm.o
 .debug_macro   0x00000000       0x5e ./Platform/rmp_platform_cmx_rvm.o
 .debug_macro   0x00000000       0xa5 ./Platform/rmp_platform_cmx_rvm.o
 .debug_macro   0x00000000       0x89 ./Platform/rmp_platform_cmx_rvm.o
 .debug_macro   0x00000000      0x1f4 ./Platform/rmp_platform_cmx_rvm.o
 .debug_macro   0x00000000      0x120 ./Platform/rmp_platform_cmx_rvm.o
 .debug_macro   0x00000000       0x75 ./Platform/rmp_platform_cmx_rvm.o
 .debug_macro   0x00000000      0x2a3 ./Platform/rmp_platform_cmx_rvm.o
 .debug_macro   0x00000000      0x137 ./Platform/rmp_platform_cmx_rvm.o
 .debug_macro   0x00000000      0x2c4 ./Platform/rmp_platform_cmx_rvm.o
 .debug_macro   0x00000000      0x16c ./Platform/rmp_platform_cmx_rvm.o
 .debug_macro   0x00000000       0x2e ./Platform/rmp_platform_cmx_rvm.o
 .debug_macro   0x00000000       0xfb ./Platform/rmp_platform_cmx_rvm.o
 .debug_macro   0x00000000       0x16 ./Platform/rmp_platform_cmx_rvm.o
 .debug_macro   0x00000000       0x19 ./Platform/rmp_platform_cmx_rvm.o
 .debug_macro   0x00000000       0x35 ./Platform/rmp_platform_cmx_rvm.o
 .data          0x00000000        0x0 ./Platform/rmp_platform_cmx_rvm_asm_gcc.o
 .bss           0x00000000        0x0 ./Platform/rmp_platform_cmx_rvm_asm_gcc.o
 .group         0x00000000        0x8 ./Lib/rvm_guest_cmx.o
 .group         0x00000000        0x8 ./Lib/rvm_guest_cmx.o
 .group         0x00000000        0x8 ./Lib/rvm_guest_cmx.o
 .group         0x00000000        0x8 ./Lib/rvm_guest_cmx.o
 .text          0x00000000        0x0 ./Lib/rvm_guest_cmx.o
 .data          0x00000000        0x0 ./Lib/rvm_guest_cmx.o
 .bss           0x00000000        0x0 ./Lib/rvm_guest_cmx.o
 .text.RVM_Disable_Int
                0x00000000       0x24 ./Lib/rvm_guest_cmx.o
 .text.RVM_Del_Int
                0x00000000       0x20 ./Lib/rvm_guest_cmx.o
 .text.RVM_Reg_Evt
                0x00000000       0x20 ./Lib/rvm_guest_cmx.o
 .text.RVM_Del_Evt
                0x00000000       0x20 ./Lib/rvm_guest_cmx.o
 .text.RVM_Wait_Evt
                0x00000000       0x20 ./Lib/rvm_guest_cmx.o
 .text.RVM_Send_Evt
                0x00000000       0x20 ./Lib/rvm_guest_cmx.o
 .text.RVM_Query_Evt
                0x00000000       0x20 ./Lib/rvm_guest_cmx.o
 .text.RVM_Query_VM
                0x00000000       0x74 ./Lib/rvm_guest_cmx.o
 .text.RVM_Tim_Prog
                0x00000000       0x20 ./Lib/rvm_guest_cmx.o
 .debug_macro   0x00000000      0x886 ./Lib/rvm_guest_cmx.o
 .debug_macro   0x00000000      0x227 ./Lib/rvm_guest_cmx.o
 .debug_macro   0x00000000       0x46 ./Lib/rvm_guest_cmx.o
 .data          0x00000000        0x0 ./Lib/rvm_guest_cmx_asm_gcc.o
 .bss           0x00000000        0x0 ./Lib/rvm_guest_cmx_asm_gcc.o
 .group         0x00000000        0x8 ./Kernel/rmp_kernel.o
 .group         0x00000000        0x8 ./Kernel/rmp_kernel.o
 .group         0x00000000        0x8 ./Kernel/rmp_kernel.o
 .group         0x00000000        0x8 ./Kernel/rmp_kernel.o
 .group         0x00000000        0x8 ./Kernel/rmp_kernel.o
 .group         0x00000000        0x8 ./Kernel/rmp_kernel.o
 .group         0x00000000        0x8 ./Kernel/rmp_kernel.o
 .group         0x00000000        0x8 ./Kernel/rmp_kernel.o
 .group         0x00000000        0x8 ./Kernel/rmp_kernel.o
 .group         0x00000000        0x8 ./Kernel/rmp_kernel.o
 .group         0x00000000        0x8 ./Kernel/rmp_kernel.o
 .group         0x00000000        0x8 ./Kernel/rmp_kernel.o
 .group         0x00000000        0x8 ./Kernel/rmp_kernel.o
 .group         0x00000000        0x8 ./Kernel/rmp_kernel.o
 .group         0x00000000        0x8 ./Kernel/rmp_kernel.o
 .group         0x00000000        0x8 ./Kernel/rmp_kernel.o
 .group         0x00000000        0x8 ./Kernel/rmp_kernel.o
 .group         0x00000000        0x8 ./Kernel/rmp_kernel.o
 .group         0x00000000        0x8 ./Kernel/rmp_kernel.o
 .group         0x00000000        0x8 ./Kernel/rmp_kernel.o
 .group         0x00000000        0x8 ./Kernel/rmp_kernel.o
 .group         0x00000000        0x8 ./Kernel/rmp_kernel.o
 .group         0x00000000        0x8 ./Kernel/rmp_kernel.o
 .group         0x00000000        0x8 ./Kernel/rmp_kernel.o
 .group         0x00000000        0x8 ./Kernel/rmp_kernel.o
 .group         0x00000000        0x8 ./Kernel/rmp_kernel.o
 .group         0x00000000        0x8 ./Kernel/rmp_kernel.o
 .group         0x00000000        0x8 ./Kernel/rmp_kernel.o
 .group         0x00000000        0x8 ./Kernel/rmp_kernel.o
 .group         0x00000000        0x8 ./Kernel/rmp_kernel.o
 .group         0x00000000        0x8 ./Kernel/rmp_kernel.o
 .group         0x00000000        0x8 ./Kernel/rmp_kernel.o
 .group         0x00000000        0x8 ./Kernel/rmp_kernel.o
 .group         0x00000000        0x8 ./Kernel/rmp_kernel.o
 .group         0x00000000        0x8 ./Kernel/rmp_kernel.o
 .group         0x00000000        0x8 ./Kernel/rmp_kernel.o
 .group         0x00000000        0x8 ./Kernel/rmp_kernel.o
 .group         0x00000000        0x8 ./Kernel/rmp_kernel.o
 .group         0x00000000        0x8 ./Kernel/rmp_kernel.o
 .group         0x00000000        0x8 ./Kernel/rmp_kernel.o
 .group         0x00000000        0x8 ./Kernel/rmp_kernel.o
 .group         0x00000000        0x8 ./Kernel/rmp_kernel.o
 .group         0x00000000        0x8 ./Kernel/rmp_kernel.o
 .group         0x00000000        0x8 ./Kernel/rmp_kernel.o
 .group         0x00000000        0x8 ./Kernel/rmp_kernel.o
 .group         0x00000000        0x8 ./Kernel/rmp_kernel.o
 .group         0x00000000        0x8 ./Kernel/rmp_kernel.o
 .group         0x00000000        0x8 ./Kernel/rmp_kernel.o
 .group         0x00000000        0x8 ./Kernel/rmp_kernel.o
 .group         0x00000000        0x8 ./Kernel/rmp_kernel.o
 .group         0x00000000        0x8 ./Kernel/rmp_kernel.o
 .group         0x00000000        0x8 ./Kernel/rmp_kernel.o
 .group         0x00000000        0x8 ./Kernel/rmp_kernel.o
 .group         0x00000000        0x8 ./Kernel/rmp_kernel.o
 .group         0x00000000        0x8 ./Kernel/rmp_kernel.o
 .group         0x00000000        0x8 ./Kernel/rmp_kernel.o
 .group         0x00000000        0x8 ./Kernel/rmp_kernel.o
 .group         0x00000000        0x8 ./Kernel/rmp_kernel.o
 .group         0x00000000        0x8 ./Kernel/rmp_kernel.o
 .group         0x00000000        0x8 ./Kernel/rmp_kernel.o
 .group         0x00000000        0x8 ./Kernel/rmp_kernel.o
 .group         0x00000000        0x8 ./Kernel/rmp_kernel.o
 .group         0x00000000        0x8 ./Kernel/rmp_kernel.o
 .group         0x00000000        0x8 ./Kernel/rmp_kernel.o
 .group         0x00000000        0x8 ./Kernel/rmp_kernel.o
 .group         0x00000000        0x8 ./Kernel/rmp_kernel.o
 .group         0x00000000        0x8 ./Kernel/rmp_kernel.o
 .group         0x00000000        0x8 ./Kernel/rmp_kernel.o
 .group         0x00000000        0x8 ./Kernel/rmp_kernel.o
 .group         0x00000000        0x8 ./Kernel/rmp_kernel.o
 .group         0x00000000        0x8 ./Kernel/rmp_kernel.o
 .group         0x00000000        0x8 ./Kernel/rmp_kernel.o
 .group         0x00000000        0x8 ./Kernel/rmp_kernel.o
 .group         0x00000000        0x8 ./Kernel/rmp_kernel.o
 .group         0x00000000        0x8 ./Kernel/rmp_kernel.o
 .group         0x00000000        0x8 ./Kernel/rmp_kernel.o
 .group         0x00000000        0x8 ./Kernel/rmp_kernel.o
 .group         0x00000000        0x8 ./Kernel/rmp_kernel.o
 .group         0x00000000        0x8 ./Kernel/rmp_kernel.o
 .group         0x00000000        0x8 ./Kernel/rmp_kernel.o
 .group         0x00000000        0x8 ./Kernel/rmp_kernel.o
 .group         0x00000000        0x8 ./Kernel/rmp_kernel.o
 .group         0x00000000        0x8 ./Kernel/rmp_kernel.o
 .group         0x00000000        0x8 ./Kernel/rmp_kernel.o
 .group         0x00000000        0x8 ./Kernel/rmp_kernel.o
 .group         0x00000000        0x8 ./Kernel/rmp_kernel.o
 .group         0x00000000        0x8 ./Kernel/rmp_kernel.o
 .group         0x00000000        0x8 ./Kernel/rmp_kernel.o
 .group         0x00000000        0x8 ./Kernel/rmp_kernel.o
 .group         0x00000000        0x8 ./Kernel/rmp_kernel.o
 .group         0x00000000        0x8 ./Kernel/rmp_kernel.o
 .group         0x00000000        0x8 ./Kernel/rmp_kernel.o
 .group         0x00000000        0x8 ./Kernel/rmp_kernel.o
 .group         0x00000000        0x8 ./Kernel/rmp_kernel.o
 .group         0x00000000        0x8 ./Kernel/rmp_kernel.o
 .group         0x00000000        0x8 ./Kernel/rmp_kernel.o
 .group         0x00000000        0x8 ./Kernel/rmp_kernel.o
 .group         0x00000000        0x8 ./Kernel/rmp_kernel.o
 .group         0x00000000        0x8 ./Kernel/rmp_kernel.o
 .group         0x00000000        0x8 ./Kernel/rmp_kernel.o
 .group         0x00000000        0x8 ./Kernel/rmp_kernel.o
 .group         0x00000000        0x8 ./Kernel/rmp_kernel.o
 .group         0x00000000        0x8 ./Kernel/rmp_kernel.o
 .group         0x00000000        0x8 ./Kernel/rmp_kernel.o
 .group         0x00000000        0x8 ./Kernel/rmp_kernel.o
 .group         0x00000000        0x8 ./Kernel/rmp_kernel.o
 .group         0x00000000        0x8 ./Kernel/rmp_kernel.o
 .group         0x00000000        0x8 ./Kernel/rmp_kernel.o
 .group         0x00000000        0x8 ./Kernel/rmp_kernel.o
 .group         0x00000000        0x8 ./Kernel/rmp_kernel.o
 .group         0x00000000        0x8 ./Kernel/rmp_kernel.o
 .group         0x00000000        0x8 ./Kernel/rmp_kernel.o
 .group         0x00000000        0x8 ./Kernel/rmp_kernel.o
 .group         0x00000000        0x8 ./Kernel/rmp_kernel.o
 .group         0x00000000        0x8 ./Kernel/rmp_kernel.o
 .group         0x00000000        0x8 ./Kernel/rmp_kernel.o
 .group         0x00000000        0x8 ./Kernel/rmp_kernel.o
 .group         0x00000000        0x8 ./Kernel/rmp_kernel.o
 .group         0x00000000        0x8 ./Kernel/rmp_kernel.o
 .text          0x00000000        0x0 ./Kernel/rmp_kernel.o
 .data          0x00000000        0x0 ./Kernel/rmp_kernel.o
 .bss           0x00000000        0x0 ./Kernel/rmp_kernel.o
 .text.RMP_Print_Uint
                0x00000000       0x58 ./Kernel/rmp_kernel.o
 .text.RMP_List_Crt
                0x00000000        0x8 ./Kernel/rmp_kernel.o
 .text.RMP_List_Del
                0x00000000        0x8 ./Kernel/rmp_kernel.o
 .text.RMP_List_Ins
                0x00000000        0xc ./Kernel/rmp_kernel.o
 .text.RMP_CRC16
                0x00000000       0x4c ./Kernel/rmp_kernel.o
 .text._RMP_Get_Near_Ticks
                0x00000000       0x30 ./Kernel/rmp_kernel.o
 .text.RMP_Thd_Del
                0x00000000      0x1d4 ./Kernel/rmp_kernel.o
 .text.RMP_Thd_Suspend
                0x00000000      0x14c ./Kernel/rmp_kernel.o
 .text.RMP_Thd_Resume
                0x00000000      0x138 ./Kernel/rmp_kernel.o
 .text.RMP_Thd_Delay
                0x00000000      0x118 ./Kernel/rmp_kernel.o
 .text.RMP_Thd_Cancel
                0x00000000      0x11c ./Kernel/rmp_kernel.o
 .text.RMP_Sem_Del
                0x00000000      0x170 ./Kernel/rmp_kernel.o
 .text.RMP_Sem_Abort
                0x00000000      0x178 ./Kernel/rmp_kernel.o
 .text.RMP_RBIT_Get
                0x00000000       0x38 ./Kernel/rmp_kernel.o
 .text.RMP_LSB_Get
                0x00000000       0x40 ./Kernel/rmp_kernel.o
 .rodata        0x00000000      0x100 ./Kernel/rmp_kernel.o
 .rodata.CRC16_High.12476
                0x00000000      0x100 ./Kernel/rmp_kernel.o
 .debug_macro   0x00000000      0x886 ./Kernel/rmp_kernel.o
 .debug_macro   0x00000000       0x58 ./Kernel/rmp_kernel.o
 .debug_macro   0x00000000      0x227 ./Kernel/rmp_kernel.o
 .debug_macro   0x00000000       0x46 ./Kernel/rmp_kernel.o
 .debug_macro   0x00000000       0x2e ./Kernel/rmp_kernel.o
 .debug_macro   0x00000000       0x3b ./Kernel/rmp_kernel.o
 .debug_macro   0x00000000      0x34e ./Kernel/rmp_kernel.o
 .debug_macro   0x00000000       0x35 ./Kernel/rmp_kernel.o
 .debug_macro   0x00000000       0x50 ./Kernel/rmp_kernel.o
 .debug_macro   0x00000000     0x1114 ./Kernel/rmp_kernel.o
 .debug_macro   0x00000000    0x19f38 ./Kernel/rmp_kernel.o
 .debug_macro   0x00000000       0x43 ./Kernel/rmp_kernel.o
 .debug_macro   0x00000000      0x252 ./Kernel/rmp_kernel.o
 .debug_macro   0x00000000     0x35cf ./Kernel/rmp_kernel.o
 .debug_macro   0x00000000       0x22 ./Kernel/rmp_kernel.o
 .debug_macro   0x00000000       0x4c ./Kernel/rmp_kernel.o
 .debug_macro   0x00000000       0x8d ./Kernel/rmp_kernel.o
 .debug_macro   0x00000000       0x35 ./Kernel/rmp_kernel.o
 .debug_macro   0x00000000       0x9c ./Kernel/rmp_kernel.o
 .debug_macro   0x00000000       0x16 ./Kernel/rmp_kernel.o
 .debug_macro   0x00000000       0x4a ./Kernel/rmp_kernel.o
 .debug_macro   0x00000000       0x97 ./Kernel/rmp_kernel.o
 .debug_macro   0x00000000      0x30d ./Kernel/rmp_kernel.o
 .debug_macro   0x00000000       0xfd ./Kernel/rmp_kernel.o
 .debug_macro   0x00000000       0x10 ./Kernel/rmp_kernel.o
 .debug_macro   0x00000000       0x52 ./Kernel/rmp_kernel.o
 .debug_macro   0x00000000       0x1f ./Kernel/rmp_kernel.o
 .debug_macro   0x00000000       0x43 ./Kernel/rmp_kernel.o
 .debug_macro   0x00000000       0x20 ./Kernel/rmp_kernel.o
 .debug_macro   0x00000000      0x187 ./Kernel/rmp_kernel.o
 .debug_macro   0x00000000       0x10 ./Kernel/rmp_kernel.o
 .debug_macro   0x00000000       0x5e ./Kernel/rmp_kernel.o
 .debug_macro   0x00000000       0x1c ./Kernel/rmp_kernel.o
 .debug_macro   0x00000000       0x52 ./Kernel/rmp_kernel.o
 .debug_macro   0x00000000       0x40 ./Kernel/rmp_kernel.o
 .debug_macro   0x00000000       0x10 ./Kernel/rmp_kernel.o
 .debug_macro   0x00000000       0x40 ./Kernel/rmp_kernel.o
 .debug_macro   0x00000000       0xd7 ./Kernel/rmp_kernel.o
 .debug_macro   0x00000000       0x16 ./Kernel/rmp_kernel.o
 .debug_macro   0x00000000      0x18b ./Kernel/rmp_kernel.o
 .debug_macro   0x00000000       0x5e ./Kernel/rmp_kernel.o
 .debug_macro   0x00000000     0x1add ./Kernel/rmp_kernel.o
 .debug_macro   0x00000000      0x6ca ./Kernel/rmp_kernel.o
 .debug_macro   0x00000000      0x11e ./Kernel/rmp_kernel.o
 .debug_macro   0x00000000      0x277 ./Kernel/rmp_kernel.o
 .debug_macro   0x00000000       0x27 ./Kernel/rmp_kernel.o
 .debug_macro   0x00000000      0x24f ./Kernel/rmp_kernel.o
 .debug_macro   0x00000000       0x71 ./Kernel/rmp_kernel.o
 .debug_macro   0x00000000       0x58 ./Kernel/rmp_kernel.o
 .debug_macro   0x00000000      0x23a ./Kernel/rmp_kernel.o
 .debug_macro   0x00000000      0x408 ./Kernel/rmp_kernel.o
 .debug_macro   0x00000000      0x161 ./Kernel/rmp_kernel.o
 .debug_macro   0x00000000      0x100 ./Kernel/rmp_kernel.o
 .debug_macro   0x00000000      0x3f3 ./Kernel/rmp_kernel.o
 .debug_macro   0x00000000      0x2e2 ./Kernel/rmp_kernel.o
 .debug_macro   0x00000000       0xab ./Kernel/rmp_kernel.o
 .debug_macro   0x00000000       0x4c ./Kernel/rmp_kernel.o
 .debug_macro   0x00000000       0x2e ./Kernel/rmp_kernel.o
 .debug_macro   0x00000000      0x22b ./Kernel/rmp_kernel.o
 .debug_macro   0x00000000       0xe5 ./Kernel/rmp_kernel.o
 .debug_macro   0x00000000       0xa1 ./Kernel/rmp_kernel.o
 .debug_macro   0x00000000       0x3c ./Kernel/rmp_kernel.o
 .debug_macro   0x00000000      0x22c ./Kernel/rmp_kernel.o
 .debug_macro   0x00000000      0xcd5 ./Kernel/rmp_kernel.o
 .debug_macro   0x00000000      0x156 ./Kernel/rmp_kernel.o
 .debug_macro   0x00000000      0x3de ./Kernel/rmp_kernel.o
 .debug_macro   0x00000000       0x12 ./Kernel/rmp_kernel.o
 .debug_macro   0x00000000      0x516 ./Kernel/rmp_kernel.o
 .debug_macro   0x00000000       0x88 ./Kernel/rmp_kernel.o
 .debug_macro   0x00000000       0xe3 ./Kernel/rmp_kernel.o
 .debug_macro   0x00000000       0x10 ./Kernel/rmp_kernel.o
 .debug_macro   0x00000000      0x209 ./Kernel/rmp_kernel.o
 .debug_macro   0x00000000       0x61 ./Kernel/rmp_kernel.o
 .debug_macro   0x00000000       0x90 ./Kernel/rmp_kernel.o
 .debug_macro   0x00000000      0x1b5 ./Kernel/rmp_kernel.o
 .debug_macro   0x00000000       0x87 ./Kernel/rmp_kernel.o
 .debug_macro   0x00000000      0x28d ./Kernel/rmp_kernel.o
 .debug_macro   0x00000000      0x255 ./Kernel/rmp_kernel.o
 .debug_macro   0x00000000      0x132 ./Kernel/rmp_kernel.o
 .debug_macro   0x00000000      0x10c ./Kernel/rmp_kernel.o
 .debug_macro   0x00000000       0x35 ./Kernel/rmp_kernel.o
 .debug_macro   0x00000000      0x2e2 ./Kernel/rmp_kernel.o
 .debug_macro   0x00000000       0x7b ./Kernel/rmp_kernel.o
 .debug_macro   0x00000000      0x313 ./Kernel/rmp_kernel.o
 .debug_macro   0x00000000      0x4da ./Kernel/rmp_kernel.o
 .debug_macro   0x00000000       0xd6 ./Kernel/rmp_kernel.o
 .debug_macro   0x00000000      0x447 ./Kernel/rmp_kernel.o
 .debug_macro   0x00000000      0x757 ./Kernel/rmp_kernel.o
 .debug_macro   0x00000000      0x198 ./Kernel/rmp_kernel.o
 .debug_macro   0x00000000      0x1ed ./Kernel/rmp_kernel.o
 .debug_macro   0x00000000      0x2e2 ./Kernel/rmp_kernel.o
 .debug_macro   0x00000000      0x65b ./Kernel/rmp_kernel.o
 .debug_macro   0x00000000      0x2aa ./Kernel/rmp_kernel.o
 .debug_macro   0x00000000      0x169 ./Kernel/rmp_kernel.o
 .debug_macro   0x00000000      0x4e8 ./Kernel/rmp_kernel.o
 .debug_macro   0x00000000       0x47 ./Kernel/rmp_kernel.o
 .debug_macro   0x00000000      0x1df ./Kernel/rmp_kernel.o
 .debug_macro   0x00000000       0x29 ./Kernel/rmp_kernel.o
 .debug_macro   0x00000000       0x58 ./Kernel/rmp_kernel.o
 .debug_macro   0x00000000      0x1f4 ./Kernel/rmp_kernel.o
 .debug_macro   0x00000000       0x30 ./Kernel/rmp_kernel.o
 .debug_macro   0x00000000       0x58 ./Kernel/rmp_kernel.o
 .debug_macro   0x00000000      0x2f7 ./Kernel/rmp_kernel.o
 .debug_macro   0x00000000       0x5e ./Kernel/rmp_kernel.o
 .debug_macro   0x00000000       0xa5 ./Kernel/rmp_kernel.o
 .debug_macro   0x00000000       0x89 ./Kernel/rmp_kernel.o
 .debug_macro   0x00000000      0x1f4 ./Kernel/rmp_kernel.o
 .debug_macro   0x00000000      0x120 ./Kernel/rmp_kernel.o
 .debug_macro   0x00000000       0x75 ./Kernel/rmp_kernel.o
 .debug_macro   0x00000000      0x2a3 ./Kernel/rmp_kernel.o
 .debug_macro   0x00000000      0x137 ./Kernel/rmp_kernel.o
 .debug_macro   0x00000000      0x2c4 ./Kernel/rmp_kernel.o
 .debug_macro   0x00000000      0x16c ./Kernel/rmp_kernel.o
 .debug_macro   0x00000000       0x2e ./Kernel/rmp_kernel.o
 .debug_macro   0x00000000       0xfb ./Kernel/rmp_kernel.o
 .debug_macro   0x00000000       0x16 ./Kernel/rmp_kernel.o
 .debug_macro   0x00000000       0x19 ./Kernel/rmp_kernel.o
 .debug_macro   0x00000000       0x30 ./Kernel/rmp_kernel.o
 .text          0x00000000        0x0 /home/pry/eclipse/gcc-arm-none-eabi-5_4-2016q3/bin/../lib/gcc/arm-none-eabi/5.4.1/../../../../arm-none-eabi/lib/armv7e-m/softfp/libc.a(lib_a-exit.o)
 .data          0x00000000        0x0 /home/pry/eclipse/gcc-arm-none-eabi-5_4-2016q3/bin/../lib/gcc/arm-none-eabi/5.4.1/../../../../arm-none-eabi/lib/armv7e-m/softfp/libc.a(lib_a-exit.o)
 .bss           0x00000000        0x0 /home/pry/eclipse/gcc-arm-none-eabi-5_4-2016q3/bin/../lib/gcc/arm-none-eabi/5.4.1/../../../../arm-none-eabi/lib/armv7e-m/softfp/libc.a(lib_a-exit.o)
 .text.exit     0x00000000       0x20 /home/pry/eclipse/gcc-arm-none-eabi-5_4-2016q3/bin/../lib/gcc/arm-none-eabi/5.4.1/../../../../arm-none-eabi/lib/armv7e-m/softfp/libc.a(lib_a-exit.o)
 .debug_frame   0x00000000       0x28 /home/pry/eclipse/gcc-arm-none-eabi-5_4-2016q3/bin/../lib/gcc/arm-none-eabi/5.4.1/../../../../arm-none-eabi/lib/armv7e-m/softfp/libc.a(lib_a-exit.o)
 .ARM.attributes
                0x00000000       0x32 /home/pry/eclipse/gcc-arm-none-eabi-5_4-2016q3/bin/../lib/gcc/arm-none-eabi/5.4.1/../../../../arm-none-eabi/lib/armv7e-m/softfp/libc.a(lib_a-exit.o)
 .text          0x00000000        0x0 /home/pry/eclipse/gcc-arm-none-eabi-5_4-2016q3/bin/../lib/gcc/arm-none-eabi/5.4.1/../../../../arm-none-eabi/lib/armv7e-m/softfp/libc.a(lib_a-impure.o)
 .data          0x00000000        0x0 /home/pry/eclipse/gcc-arm-none-eabi-5_4-2016q3/bin/../lib/gcc/arm-none-eabi/5.4.1/../../../../arm-none-eabi/lib/armv7e-m/softfp/libc.a(lib_a-impure.o)
 .bss           0x00000000        0x0 /home/pry/eclipse/gcc-arm-none-eabi-5_4-2016q3/bin/../lib/gcc/arm-none-eabi/5.4.1/../../../../arm-none-eabi/lib/armv7e-m/softfp/libc.a(lib_a-impure.o)
 .data._impure_ptr
                0x00000000        0x4 /home/pry/eclipse/gcc-arm-none-eabi-5_4-2016q3/bin/../lib/gcc/arm-none-eabi/5.4.1/../../../../arm-none-eabi/lib/armv7e-m/softfp/libc.a(lib_a-impure.o)
 .text          0x00000000        0x0 /home/pry/eclipse/gcc-arm-none-eabi-5_4-2016q3/bin/../lib/gcc/arm-none-eabi/5.4.1/../../../../arm-none-eabi/lib/armv7e-m/softfp/libc.a(lib_a-init.o)
 .data          0x00000000        0x0 /home/pry/eclipse/gcc-arm-none-eabi-5_4-2016q3/bin/../lib/gcc/arm-none-eabi/5.4.1/../../../../arm-none-eabi/lib/armv7e-m/softfp/libc.a(lib_a-init.o)
 .bss           0x00000000        0x0 /home/pry/eclipse/gcc-arm-none-eabi-5_4-2016q3/bin/../lib/gcc/arm-none-eabi/5.4.1/../../../../arm-none-eabi/lib/armv7e-m/softfp/libc.a(lib_a-init.o)
 .text          0x00000000      0x134 /home/pry/eclipse/gcc-arm-none-eabi-5_4-2016q3/bin/../lib/gcc/arm-none-eabi/5.4.1/../../../../arm-none-eabi/lib/armv7e-m/softfp/libc.a(lib_a-memcpy.o)
 .data          0x00000000        0x0 /home/pry/eclipse/gcc-arm-none-eabi-5_4-2016q3/bin/../lib/gcc/arm-none-eabi/5.4.1/../../../../arm-none-eabi/lib/armv7e-m/softfp/libc.a(lib_a-memcpy.o)
 .bss           0x00000000        0x0 /home/pry/eclipse/gcc-arm-none-eabi-5_4-2016q3/bin/../lib/gcc/arm-none-eabi/5.4.1/../../../../arm-none-eabi/lib/armv7e-m/softfp/libc.a(lib_a-memcpy.o)
 .ARM.attributes
                0x00000000       0x20 /home/pry/eclipse/gcc-arm-none-eabi-5_4-2016q3/bin/../lib/gcc/arm-none-eabi/5.4.1/../../../../arm-none-eabi/lib/armv7e-m/softfp/libc.a(lib_a-memcpy.o)
 .text          0x00000000        0x0 /home/pry/eclipse/gcc-arm-none-eabi-5_4-2016q3/bin/../lib/gcc/arm-none-eabi/5.4.1/../../../../arm-none-eabi/lib/armv7e-m/softfp/libc.a(lib_a-memset.o)
 .data          0x00000000        0x0 /home/pry/eclipse/gcc-arm-none-eabi-5_4-2016q3/bin/../lib/gcc/arm-none-eabi/5.4.1/../../../../arm-none-eabi/lib/armv7e-m/softfp/libc.a(lib_a-memset.o)
 .bss           0x00000000        0x0 /home/pry/eclipse/gcc-arm-none-eabi-5_4-2016q3/bin/../lib/gcc/arm-none-eabi/5.4.1/../../../../arm-none-eabi/lib/armv7e-m/softfp/libc.a(lib_a-memset.o)
 .text.memset   0x00000000       0x9c /home/pry/eclipse/gcc-arm-none-eabi-5_4-2016q3/bin/../lib/gcc/arm-none-eabi/5.4.1/../../../../arm-none-eabi/lib/armv7e-m/softfp/libc.a(lib_a-memset.o)
 .debug_frame   0x00000000       0x34 /home/pry/eclipse/gcc-arm-none-eabi-5_4-2016q3/bin/../lib/gcc/arm-none-eabi/5.4.1/../../../../arm-none-eabi/lib/armv7e-m/softfp/libc.a(lib_a-memset.o)
 .ARM.attributes
                0x00000000       0x32 /home/pry/eclipse/gcc-arm-none-eabi-5_4-2016q3/bin/../lib/gcc/arm-none-eabi/5.4.1/../../../../arm-none-eabi/lib/armv7e-m/softfp/libc.a(lib_a-memset.o)
 .text          0x00000000        0x0 /home/pry/eclipse/gcc-arm-none-eabi-5_4-2016q3/bin/../lib/gcc/arm-none-eabi/5.4.1/../../../../arm-none-eabi/lib/armv7e-m/softfp/libc.a(lib_a-__call_atexit.o)
 .data          0x00000000        0x0 /home/pry/eclipse/gcc-arm-none-eabi-5_4-2016q3/bin/../lib/gcc/arm-none-eabi/5.4.1/../../../../arm-none-eabi/lib/armv7e-m/softfp/libc.a(lib_a-__call_atexit.o)
 .bss           0x00000000        0x0 /home/pry/eclipse/gcc-arm-none-eabi-5_4-2016q3/bin/../lib/gcc/arm-none-eabi/5.4.1/../../../../arm-none-eabi/lib/armv7e-m/softfp/libc.a(lib_a-__call_atexit.o)
 .text.__call_exitprocs
                0x00000000       0xd8 /home/pry/eclipse/gcc-arm-none-eabi-5_4-2016q3/bin/../lib/gcc/arm-none-eabi/5.4.1/../../../../arm-none-eabi/lib/armv7e-m/softfp/libc.a(lib_a-__call_atexit.o)
 .text          0x00000000        0x0 /home/pry/eclipse/gcc-arm-none-eabi-5_4-2016q3/bin/../lib/gcc/arm-none-eabi/5.4.1/../../../../arm-none-eabi/lib/armv7e-m/softfp/libc.a(lib_a-atexit.o)
 .data          0x00000000        0x0 /home/pry/eclipse/gcc-arm-none-eabi-5_4-2016q3/bin/../lib/gcc/arm-none-eabi/5.4.1/../../../../arm-none-eabi/lib/armv7e-m/softfp/libc.a(lib_a-atexit.o)
 .bss           0x00000000        0x0 /home/pry/eclipse/gcc-arm-none-eabi-5_4-2016q3/bin/../lib/gcc/arm-none-eabi/5.4.1/../../../../arm-none-eabi/lib/armv7e-m/softfp/libc.a(lib_a-atexit.o)
 .text          0x00000000        0x0 /home/pry/eclipse/gcc-arm-none-eabi-5_4-2016q3/bin/../lib/gcc/arm-none-eabi/5.4.1/../../../../arm-none-eabi/lib/armv7e-m/softfp/libc.a(lib_a-fini.o)
 .data          0x00000000        0x0 /home/pry/eclipse/gcc-arm-none-eabi-5_4-2016q3/bin/../lib/gcc/arm-none-eabi/5.4.1/../../../../arm-none-eabi/lib/armv7e-m/softfp/libc.a(lib_a-fini.o)
 .bss           0x00000000        0x0 /home/pry/eclipse/gcc-arm-none-eabi-5_4-2016q3/bin/../lib/gcc/arm-none-eabi/5.4.1/../../../../arm-none-eabi/lib/armv7e-m/softfp/libc.a(lib_a-fini.o)
 .text          0x00000000        0x0 /home/pry/eclipse/gcc-arm-none-eabi-5_4-2016q3/bin/../lib/gcc/arm-none-eabi/5.4.1/../../../../arm-none-eabi/lib/armv7e-m/softfp/libc.a(lib_a-__atexit.o)
 .data          0x00000000        0x0 /home/pry/eclipse/gcc-arm-none-eabi-5_4-2016q3/bin/../lib/gcc/arm-none-eabi/5.4.1/../../../../arm-none-eabi/lib/armv7e-m/softfp/libc.a(lib_a-__atexit.o)
 .bss           0x00000000        0x0 /home/pry/eclipse/gcc-arm-none-eabi-5_4-2016q3/bin/../lib/gcc/arm-none-eabi/5.4.1/../../../../arm-none-eabi/lib/armv7e-m/softfp/libc.a(lib_a-__atexit.o)
 .text          0x00000000        0x0 /home/pry/eclipse/gcc-arm-none-eabi-5_4-2016q3/bin/../lib/gcc/arm-none-eabi/5.4.1/armv7e-m/softfp/crtend.o
 .data          0x00000000        0x0 /home/pry/eclipse/gcc-arm-none-eabi-5_4-2016q3/bin/../lib/gcc/arm-none-eabi/5.4.1/armv7e-m/softfp/crtend.o
 .bss           0x00000000        0x0 /home/pry/eclipse/gcc-arm-none-eabi-5_4-2016q3/bin/../lib/gcc/arm-none-eabi/5.4.1/armv7e-m/softfp/crtend.o
 .eh_frame      0x00000000        0x4 /home/pry/eclipse/gcc-arm-none-eabi-5_4-2016q3/bin/../lib/gcc/arm-none-eabi/5.4.1/armv7e-m/softfp/crtend.o
 .jcr           0x00000000        0x4 /home/pry/eclipse/gcc-arm-none-eabi-5_4-2016q3/bin/../lib/gcc/arm-none-eabi/5.4.1/armv7e-m/softfp/crtend.o
 .ARM.attributes
                0x00000000       0x32 /home/pry/eclipse/gcc-arm-none-eabi-5_4-2016q3/bin/../lib/gcc/arm-none-eabi/5.4.1/armv7e-m/softfp/crtend.o
 .text          0x00000000        0x0 /home/pry/eclipse/gcc-arm-none-eabi-5_4-2016q3/bin/../lib/gcc/arm-none-eabi/5.4.1/armv7e-m/softfp/crtn.o
 .data          0x00000000        0x0 /home/pry/eclipse/gcc-arm-none-eabi-5_4-2016q3/bin/../lib/gcc/arm-none-eabi/5.4.1/armv7e-m/softfp/crtn.o
 .bss           0x00000000        0x0 /home/pry/eclipse/gcc-arm-none-eabi-5_4-2016q3/bin/../lib/gcc/arm-none-eabi/5.4.1/armv7e-m/softfp/crtn.o

Memory Configuration

Name             Origin             Length             Attributes
RAM              0x20020000         0x00060000         xrw
FLASH            0x08020000         0x000e0000         xr
*default*        0x00000000         0xffffffff

Linker script and memory map

LOAD /home/pry/eclipse/gcc-arm-none-eabi-5_4-2016q3/bin/../lib/gcc/arm-none-eabi/5.4.1/armv7e-m/softfp/crti.o
LOAD /home/pry/eclipse/gcc-arm-none-eabi-5_4-2016q3/bin/../lib/gcc/arm-none-eabi/5.4.1/armv7e-m/softfp/crtbegin.o
LOAD /home/pry/eclipse/gcc-arm-none-eabi-5_4-2016q3/bin/../lib/gcc/arm-none-eabi/5.4.1/../../../../arm-none-eabi/lib/armv7e-m/softfp/crt0.o
                0x20080000                __stack = (ORIGIN (RAM) + LENGTH (RAM))
                0x20080000                _estack = __stack
                0x00000400                __Main_Stack_Size = 0x400
                [!provide]                PROVIDE (_Main_Stack_Size, __Main_Stack_Size)
                0x2007fc00                __Main_Stack_Limit = (__stack - __Main_Stack_Size)
                [!provide]                PROVIDE (_Main_Stack_Limit, __Main_Stack_Limit)
                0x00000100                _Minimum_Stack_Size = 0x100
                [!provide]                PROVIDE (_Heap_Begin, _end_noinit)
                [!provide]                PROVIDE (_Heap_Limit, (__stack - __Main_Stack_Size))

.text           0x08020000     0x3154
 *rvm_guest_cmx_asm_gcc.o(.text .text.*)
 .text          0x08020000       0xf0 ./Lib/rvm_guest_cmx_asm_gcc.o
                0x08020004                _RVM_Entry
                0x0802003a                RVM_MSB_Get
                0x08020048                RVM_Fetch_And
                0x08020060                RVM_Fetch_Or
                0x08020078                _RVM_Hypercall
                0x0802008c                RVM_Int_Rcv
                0x080200a4                _RVM_Yield
                0x080200b8                _RVM_Kern
 *(.text .text.*)
 .text          0x080200f0       0x5c /home/pry/eclipse/gcc-arm-none-eabi-5_4-2016q3/bin/../lib/gcc/arm-none-eabi/5.4.1/armv7e-m/softfp/crtbegin.o
 .text.Int_Handler
                0x0802014c      0x100 ./User/rmp_test.o
                0x0802014c                Int_Handler
 .text.TIM_Base_SetConfig
                0x0802024c      0x120 ./User/rmp_test.o
                0x0802024c                TIM_Base_SetConfig
 .text.Int_Init
                0x0802036c      0x150 ./User/rmp_test.o
                0x0802036c                Int_Init
 .text.Test_Mail_1
                0x080204bc       0x40 ./User/rmp_test.o
                0x080204bc                Test_Mail_1
 .text.Test_Sem_1
                0x080204fc       0x28 ./User/rmp_test.o
                0x080204fc                Test_Sem_1
 .text.Func_1   0x08020524       0x3c ./User/rmp_test.o
                0x08020524                Func_1
 .text.Test_Yield_2
                0x08020560       0x48 ./User/rmp_test.o
                0x08020560                Test_Yield_2
 .text.Test_Mail_2
                0x080205a8       0x54 ./User/rmp_test.o
                0x080205a8                Test_Mail_2
 .text.Test_Sem_2
                0x080205fc       0x54 ./User/rmp_test.o
                0x080205fc                Test_Sem_2
 .text.Test_Mail_ISR
                0x08020650       0x68 ./User/rmp_test.o
                0x08020650                Test_Mail_ISR
 .text.Test_Sem_ISR
                0x080206b8       0x64 ./User/rmp_test.o
                0x080206b8                Test_Sem_ISR
 .text.Test_Mem_Pool
                0x0802071c      0x6c4 ./User/rmp_test.o
                0x0802071c                Test_Mem_Pool
 .text.Func_2   0x08020de0      0x118 ./User/rmp_test.o
                0x08020de0                Func_2
 .text.RMP_Init_Hook
                0x08020ef8       0xd4 ./User/rmp_test.o
                0x08020ef8                RMP_Init_Hook
 .text.RMP_Init_Idle
                0x08020fcc        0x4 ./User/rmp_test.o
                0x08020fcc                RMP_Init_Idle
 .text.RMP_PendSV_Handler
                0x08020fd0       0x84 ./Platform/rmp_platform_cmx_rvm.o
 .text.RMP_SysTick_Handler
                0x08021054        0x8 ./Platform/rmp_platform_cmx_rvm.o
 .text._RMP_Stack_Init
                0x0802105c       0x1c ./Platform/rmp_platform_cmx_rvm.o
                0x0802105c                _RMP_Stack_Init
 .text._RMP_Low_Level_Init
                0x08021078       0x2c ./Platform/rmp_platform_cmx_rvm.o
                0x08021078                _RMP_Low_Level_Init
 .text._RMP_Plat_Hook
                0x080210a4        0x4 ./Platform/rmp_platform_cmx_rvm.o
                0x080210a4                _RMP_Plat_Hook
 .text.RMP_Putchar
                0x080210a8       0x48 ./Platform/rmp_platform_cmx_rvm.o
                0x080210a8                RMP_Putchar
 .text._RMP_Yield
                0x080210f0        0x4 ./Platform/rmp_platform_cmx_rvm.o
                0x080210f0                _RMP_Yield
 *fill*         0x080210f4        0x4 
 .text          0x080210f8       0x1c ./Platform/rmp_platform_cmx_rvm_asm_gcc.o
                0x080210f8                RMP_MSB_Get
                0x08021106                _RMP_Start
 .text.RVM_Int  0x08021114       0x94 ./Lib/rvm_guest_cmx.o
 .text.RVM_Init
                0x080211a8       0x3c ./Lib/rvm_guest_cmx.o
                0x080211a8                RVM_Init
 .text.RVM_Vect_Init
                0x080211e4       0x1c ./Lib/rvm_guest_cmx.o
                0x080211e4                RVM_Vect_Init
 .text.RVM_Enable_Int
                0x08021200       0x20 ./Lib/rvm_guest_cmx.o
                0x08021200                RVM_Enable_Int
 .text.RVM_Mask_Int
                0x08021220       0x14 ./Lib/rvm_guest_cmx.o
                0x08021220                RVM_Mask_Int
 .text.RVM_Unmask_Int
                0x08021234       0x20 ./Lib/rvm_guest_cmx.o
                0x08021234                RVM_Unmask_Int
 .text.RVM_Reg_Int
                0x08021254       0x28 ./Lib/rvm_guest_cmx.o
                0x08021254                RVM_Reg_Int
 .text.RVM_Print
                0x0802127c       0x20 ./Lib/rvm_guest_cmx.o
                0x0802127c                RVM_Print
 .text.RVM_Yield
                0x0802129c       0x38 ./Lib/rvm_guest_cmx.o
                0x0802129c                RVM_Yield
 .text.RVM_HW_Int_Enable
                0x080212d4       0x14 ./Lib/rvm_guest_cmx.o
                0x080212d4                RVM_HW_Int_Enable
 .text.RVM_HW_Int_Disable
                0x080212e8       0x14 ./Lib/rvm_guest_cmx.o
                0x080212e8                RVM_HW_Int_Disable
 .text.RVM_HW_Int_Prio
                0x080212fc       0x14 ./Lib/rvm_guest_cmx.o
                0x080212fc                RVM_HW_Int_Prio
 .text.RMP_Clear
                0x08021310       0x98 ./Kernel/rmp_kernel.o
                0x08021310                RMP_Clear
 .text.RMP_Print_Int
                0x080213a8       0xcc ./Kernel/rmp_kernel.o
                0x080213a8                RMP_Print_Int
 .text.RMP_Print_String
                0x08021474       0x20 ./Kernel/rmp_kernel.o
                0x08021474                RMP_Print_String
 .text.RMP_Lock_Sched
                0x08021494       0x20 ./Kernel/rmp_kernel.o
                0x08021494                RMP_Lock_Sched
 .text.RMP_Unlock_Sched
                0x080214b4       0x4c ./Kernel/rmp_kernel.o
                0x080214b4                RMP_Unlock_Sched
 .text.RMP_Init
                0x08021500       0x30 ./Kernel/rmp_kernel.o
                0x08021500                RMP_Init
 .text.RMP_Yield
                0x08021530       0x1c ./Kernel/rmp_kernel.o
                0x08021530                RMP_Yield
 .text._RMP_Get_High_Rdy
                0x0802154c       0x88 ./Kernel/rmp_kernel.o
                0x0802154c                _RMP_Get_High_Rdy
 .text._RMP_Tick_Handler
                0x080215d4      0x130 ./Kernel/rmp_kernel.o
                0x080215d4                _RMP_Tick_Handler
 .text.RMP_Thd_Crt
                0x08021704      0x168 ./Kernel/rmp_kernel.o
                0x08021704                RMP_Thd_Crt
 .text.RMP_Thd_Set
                0x0802186c      0x188 ./Kernel/rmp_kernel.o
                0x0802186c                RMP_Thd_Set
 .text.RMP_Thd_Snd
                0x080219f4      0x2b8 ./Kernel/rmp_kernel.o
                0x080219f4                RMP_Thd_Snd
 .text.RMP_Thd_Snd_ISR
                0x08021cac       0xd8 ./Kernel/rmp_kernel.o
                0x08021cac                RMP_Thd_Snd_ISR
 .text.RMP_Thd_Rcv
                0x08021d84      0x334 ./Kernel/rmp_kernel.o
                0x08021d84                RMP_Thd_Rcv
 .text.RMP_Sem_Crt
                0x080220b8       0xe4 ./Kernel/rmp_kernel.o
                0x080220b8                RMP_Sem_Crt
 .text.RMP_Sem_Pend
                0x0802219c      0x214 ./Kernel/rmp_kernel.o
                0x0802219c                RMP_Sem_Pend
 .text.RMP_Sem_Post
                0x080223b0      0x1d8 ./Kernel/rmp_kernel.o
                0x080223b0                RMP_Sem_Post
 .text.RMP_Sem_Post_ISR
                0x08022588      0x108 ./Kernel/rmp_kernel.o
                0x08022588                RMP_Sem_Post_ISR
 .text.RMP_Save_Ctx
                0x08022690        0x4 ./Kernel/rmp_kernel.o
                0x08022690                RMP_Save_Ctx
 .text.RMP_Load_Ctx
                0x08022694        0x4 ./Kernel/rmp_kernel.o
                0x08022694                RMP_Load_Ctx
 .text.startup.main
                0x08022698       0xc4 ./Kernel/rmp_kernel.o
                0x08022698                main
 .text.RMP_Mem_Init
                0x0802275c      0x14c ./Kernel/rmp_kernel.o
                0x0802275c                RMP_Mem_Init
 .text.RMP_Malloc
                0x080228a8      0x2a8 ./Kernel/rmp_kernel.o
                0x080228a8                RMP_Malloc
 .text.RMP_Free
                0x08022b50      0x1b8 ./Kernel/rmp_kernel.o
                0x08022b50                RMP_Free
 .text.__libc_init_array
                0x08022d08       0x50 /home/pry/eclipse/gcc-arm-none-eabi-5_4-2016q3/bin/../lib/gcc/arm-none-eabi/5.4.1/../../../../arm-none-eabi/lib/armv7e-m/softfp/libc.a(lib_a-init.o)
                0x08022d08                __libc_init_array
 .text.startup.register_fini
                0x08022d58       0x14 /home/pry/eclipse/gcc-arm-none-eabi-5_4-2016q3/bin/../lib/gcc/arm-none-eabi/5.4.1/../../../../arm-none-eabi/lib/armv7e-m/softfp/libc.a(lib_a-__call_atexit.o)
 .text.atexit   0x08022d6c        0xc /home/pry/eclipse/gcc-arm-none-eabi-5_4-2016q3/bin/../lib/gcc/arm-none-eabi/5.4.1/../../../../arm-none-eabi/lib/armv7e-m/softfp/libc.a(lib_a-atexit.o)
                0x08022d6c                atexit
 .text.__libc_fini_array
                0x08022d78       0x28 /home/pry/eclipse/gcc-arm-none-eabi-5_4-2016q3/bin/../lib/gcc/arm-none-eabi/5.4.1/../../../../arm-none-eabi/lib/armv7e-m/softfp/libc.a(lib_a-fini.o)
                0x08022d78                __libc_fini_array
 .text.__register_exitproc
                0x08022da0       0xa4 /home/pry/eclipse/gcc-arm-none-eabi-5_4-2016q3/bin/../lib/gcc/arm-none-eabi/5.4.1/../../../../arm-none-eabi/lib/armv7e-m/softfp/libc.a(lib_a-__atexit.o)
                0x08022da0                __register_exitproc
 *(.rodata .rodata.* .constdata .constdata.*)
 .rodata.str1.4
                0x08022e44      0x194 ./User/rmp_test.o
                                0x198 (size before relaxing)
 .rodata.RVM_Img
                0x08022fd8       0x60 ./Lib/rvm_guest_cmx.o
                0x08022fd8                RVM_Img
 .rodata.RVM_Pgtbl
                0x08023038       0x14 ./Lib/rvm_guest_cmx.o
                0x08023038                RVM_Pgtbl
 .rodata.RVM_Kcap
                0x0802304c        0x4 ./Lib/rvm_guest_cmx.o
                0x0802304c                RVM_Kcap
 .rodata.RMP_RBIT_Table
                0x08023050      0x100 ./Kernel/rmp_kernel.o
 .rodata._global_impure_ptr
                0x08023150        0x4 /home/pry/eclipse/gcc-arm-none-eabi-5_4-2016q3/bin/../lib/gcc/arm-none-eabi/5.4.1/../../../../arm-none-eabi/lib/armv7e-m/softfp/libc.a(lib_a-impure.o)
                0x08023150                _global_impure_ptr

.eh_frame       0x08023154        0x0
 .eh_frame      0x08023154        0x0 /home/pry/eclipse/gcc-arm-none-eabi-5_4-2016q3/bin/../lib/gcc/arm-none-eabi/5.4.1/armv7e-m/softfp/crtbegin.o

.glue_7         0x08023154        0x0
 .glue_7        0x08023154        0x0 linker stubs

.glue_7t        0x08023154        0x0
 .glue_7t       0x08023154        0x0 linker stubs

.vfp11_veneer   0x08023154        0x0
 .vfp11_veneer  0x08023154        0x0 linker stubs

.v4_bx          0x08023154        0x0
 .v4_bx         0x08023154        0x0 linker stubs

.iplt           0x08023154        0x0
 .iplt          0x08023154        0x0 /home/pry/eclipse/gcc-arm-none-eabi-5_4-2016q3/bin/../lib/gcc/arm-none-eabi/5.4.1/armv7e-m/softfp/crtbegin.o

.rel.dyn        0x08023154        0x0
 .rel.iplt      0x08023154        0x0 /home/pry/eclipse/gcc-arm-none-eabi-5_4-2016q3/bin/../lib/gcc/arm-none-eabi/5.4.1/armv7e-m/softfp/crtbegin.o

.inits          0x08023154       0x38
                0x08023154                __data_regions_array_start = .
                0x08023154        0x4 LONG 0x8024000 LOADADDR (.data)
                0x08023158        0x4 LONG 0x20020000 ADDR (.data)
                0x0802315c        0x4 LONG 0x20020430 (ADDR (.data) + SIZEOF (.data))
                0x08023160                __data_regions_array_end = .
                0x08023160                __bss_regions_array_start = .
                0x08023160        0x4 LONG 0x20020430 ADDR (.bss)
                0x08023164        0x4 LONG 0x20029214 (ADDR (.bss) + SIZEOF (.bss))
                0x08023168                __bss_regions_array_end = .
 *(.init)
 .init          0x08023168        0x4 /home/pry/eclipse/gcc-arm-none-eabi-5_4-2016q3/bin/../lib/gcc/arm-none-eabi/5.4.1/armv7e-m/softfp/crti.o
                0x08023168                _init
 .init          0x0802316c        0x8 /home/pry/eclipse/gcc-arm-none-eabi-5_4-2016q3/bin/../lib/gcc/arm-none-eabi/5.4.1/armv7e-m/softfp/crtn.o
 *(.fini)
 .fini          0x08023174        0x4 /home/pry/eclipse/gcc-arm-none-eabi-5_4-2016q3/bin/../lib/gcc/arm-none-eabi/5.4.1/armv7e-m/softfp/crti.o
                0x08023174                _fini
 .fini          0x08023178        0x8 /home/pry/eclipse/gcc-arm-none-eabi-5_4-2016q3/bin/../lib/gcc/arm-none-eabi/5.4.1/armv7e-m/softfp/crtn.o
                0x08023180                . = ALIGN (0x4)
                0x08023180                PROVIDE (__preinit_array_start, .)
 *(.preinit_array_sysinit .preinit_array_sysinit.*)
 *(.preinit_array_platform .preinit_array_platform.*)
 *(.preinit_array .preinit_array.*)
                0x08023180                PROVIDE (__preinit_array_end, .)
                0x08023180                . = ALIGN (0x4)
                0x08023180                PROVIDE (__init_array_start, .)
 *(SORT(.init_array.*))
 .init_array.00000
                0x08023180        0x4 /home/pry/eclipse/gcc-arm-none-eabi-5_4-2016q3/bin/../lib/gcc/arm-none-eabi/5.4.1/../../../../arm-none-eabi/lib/armv7e-m/softfp/libc.a(lib_a-__call_atexit.o)
 *(.init_array)
 .init_array    0x08023184        0x4 /home/pry/eclipse/gcc-arm-none-eabi-5_4-2016q3/bin/../lib/gcc/arm-none-eabi/5.4.1/armv7e-m/softfp/crtbegin.o
                0x08023188                PROVIDE (__init_array_end, .)
                0x08023188                . = ALIGN (0x4)
                0x08023188                PROVIDE (__fini_array_start, .)
 *(SORT(.fini_array.*))
 *(.fini_array)
 .fini_array    0x08023188        0x4 /home/pry/eclipse/gcc-arm-none-eabi-5_4-2016q3/bin/../lib/gcc/arm-none-eabi/5.4.1/armv7e-m/softfp/crtbegin.o
                0x0802318c                PROVIDE (__fini_array_end, .)
                0x08024000                _sidata = LOADADDR (.data)

.data           0x20020000      0x430 load address 0x08024000
 FILL mask 0xff
                0x20020000                _sdata = .
                0x20020000                __data_start__ = .
 *(.data_begin .data_begin.*)
 *(.data .data.*)
 .data.LFSR.12484
                0x20020000        0x4 ./User/rmp_test.o
 *fill*         0x20020004        0x4 ff
 .data.impure_data
                0x20020008      0x428 /home/pry/eclipse/gcc-arm-none-eabi-5_4-2016q3/bin/../lib/gcc/arm-none-eabi/5.4.1/../../../../arm-none-eabi/lib/armv7e-m/softfp/libc.a(lib_a-impure.o)
 *(.data_end .data_end.*)
                0x20020430                . = ALIGN (0x4)
                0x20020430                _edata = .
                0x20020430                __data_end__ = .

.jcr            0x20020430        0x0 load address 0x08024430
 .jcr           0x20020430        0x0 /home/pry/eclipse/gcc-arm-none-eabi-5_4-2016q3/bin/../lib/gcc/arm-none-eabi/5.4.1/armv7e-m/softfp/crtbegin.o

.igot.plt       0x20020430        0x0 load address 0x08024430
 .igot.plt      0x20020430        0x0 /home/pry/eclipse/gcc-arm-none-eabi-5_4-2016q3/bin/../lib/gcc/arm-none-eabi/5.4.1/armv7e-m/softfp/crtbegin.o

.bss            0x20020430     0x8de4 load address 0x08024430
                0x20020430                __bss_start__ = .
                0x20020430                _sbss = .
 *(.bss_begin .bss_begin.*)
 *(.bss .bss.*)
 .bss           0x20020430       0x1c /home/pry/eclipse/gcc-arm-none-eabi-5_4-2016q3/bin/../lib/gcc/arm-none-eabi/5.4.1/armv7e-m/softfp/crtbegin.o
 .bss.Semaphore_ISR_Time
                0x2002044c        0x4 ./User/rmp_test.o
                0x2002044c                Semaphore_ISR_Time
 .bss.Count.12477
                0x20020450        0x4 ./User/rmp_test.o
 .bss.Pool      0x20020454     0x8000 ./User/rmp_test.o
                0x20020454                Pool
 .bss.Alloc.12494
                0x20028454        0x8 ./User/rmp_test.o
 .bss.End       0x2002845c        0x4 ./User/rmp_test.o
                0x2002845c                End
 .bss.Mem.12493
                0x20028460       0x20 ./User/rmp_test.o
 .bss.Mailbox_Time
                0x20028480        0x4 ./User/rmp_test.o
                0x20028480                Mailbox_Time
 .bss.Count.12470
                0x20028484        0x4 ./User/rmp_test.o
 .bss.Yield_Time
                0x20028488        0x4 ./User/rmp_test.o
                0x20028488                Yield_Time
 .bss.Count.12517
                0x2002848c        0x4 ./User/rmp_test.o
 .bss.Start     0x20028490        0x4 ./User/rmp_test.o
                0x20028490                Start
 .bss.Free.12495
                0x20028494        0x8 ./User/rmp_test.o
 .bss.Amount.12497
                0x2002849c       0x20 ./User/rmp_test.o
 .bss.Temp      0x200284bc        0x4 ./User/rmp_test.o
                0x200284bc                Temp
 .bss.TIM4_Handle
                0x200284c0       0x40 ./User/rmp_test.o
                0x200284c0                TIM4_Handle
 .bss.Mailbox_ISR_Time
                0x20028500        0x4 ./User/rmp_test.o
                0x20028500                Mailbox_ISR_Time
 .bss.Size.12496
                0x20028504        0x8 ./User/rmp_test.o
 .bss.Semaphore_Time
                0x2002850c        0x4 ./User/rmp_test.o
                0x2002850c                Semaphore_Time
 .bss.Total     0x20028510        0x4 ./User/rmp_test.o
                0x20028510                Total
 .bss.Memory_Time
                0x20028514        0x4 ./User/rmp_test.o
                0x20028514                Memory_Time
 .bss.TIM2_Handle
                0x20028518       0x40 ./User/rmp_test.o
                0x20028518                TIM2_Handle
 .bss.Count.12429
                0x20028558        0x4 ./User/rmp_test.o
 .bss.RMP_Console_Ptr
                0x2002855c        0x4 ./Platform/rmp_platform_cmx_rvm.o
 .bss.RVM_Int_Pend
                0x20028560        0x4 ./Lib/rvm_guest_cmx.o
 .bss.RVM_Int_Enable
                0x20028564        0x4 ./Lib/rvm_guest_cmx.o
 .bss.RVM_Int_Active
                0x20028568        0x4 ./Lib/rvm_guest_cmx.o
 .bss.RMP_Init_Stack
                0x2002856c      0x100 ./Kernel/rmp_kernel.o
 .bss.RMP_Bitmap
                0x2002866c        0x4 ./Kernel/rmp_kernel.o
 .bss.RMP_Sched_Pend
                0x20028670        0x4 ./Kernel/rmp_kernel.o
 .bss.RMP_Run   0x20028674      0x100 ./Kernel/rmp_kernel.o
 .bss.RMP_Sched_Lock_Cnt
                0x20028774        0x4 ./Kernel/rmp_kernel.o
 .bss.RMP_Timer_Pend
                0x20028778        0x4 ./Kernel/rmp_kernel.o
 .bss.RMP_Init_Thd
                0x2002877c       0x3c ./Kernel/rmp_kernel.o
 .bss.RMP_Delay
                0x200287b8        0x8 ./Kernel/rmp_kernel.o
 .bss.RMP_Sched_Locked
                0x200287c0        0x4 ./Kernel/rmp_kernel.o
 *(COMMON)
 COMMON         0x200287c4      0x8c4 ./User/rmp_test.o
                0x200287c4                Stack_2
                0x20028bc4                Sem_1
                0x20028bd4                Thd_2
                0x20028c10                Thd_1
                0x20028c4c                Thd_Test
                0x20028c88                Stack_1
 COMMON         0x20029088      0x180 ./Lib/rvm_guest_cmx.o
                0x20029088                RVM_Regs
                0x200290f0                RVM_Flag
                0x200290f4                RVM_Param
                0x20029108                RVM_Vect
                0x20029188                RVM_Console
 COMMON         0x20029208        0xc ./Kernel/rmp_kernel.o
                0x20029208                RMP_Cur_SP
                0x2002920c                RMP_Cur_Thd
                0x20029210                RMP_Tick
 *(.bss_end .bss_end.*)
                0x20029214                . = ALIGN (0x4)
                0x20029214                __bss_end__ = .
                0x20029214                _ebss = .

.noinit         0x20029214      0x500 load address 0x08024430
                0x20029214                _noinit = .
 *(.noinit .noinit.*)
 .noinit        0x20029214      0x500 ./Lib/rvm_guest_cmx_asm_gcc.o
                0x20029214                RVM_User_Stack
                0x20029314                RVM_Int_Stack
                0x20029714                . = ALIGN (0x4)
                0x20029714                _end_noinit = .
                [!provide]                PROVIDE (end, _end_noinit)
                [!provide]                PROVIDE (_end, _end_noinit)
                [!provide]                PROVIDE (__end, _end_noinit)
                [!provide]                PROVIDE (__end__, _end_noinit)

._check_stack   0x20029214      0x100 load address 0x08024430
                0x20029314                . = (. + _Minimum_Stack_Size)
 *fill*         0x20029214      0x100 
LOAD ./User/rmp_test.o
LOAD ./Platform/rmp_platform_cmx_rvm.o
LOAD ./Platform/rmp_platform_cmx_rvm_asm_gcc.o
LOAD ./Lib/rvm_guest_cmx.o
LOAD ./Lib/rvm_guest_cmx_asm_gcc.o
LOAD ./Kernel/rmp_kernel.o
START GROUP
LOAD /home/pry/eclipse/gcc-arm-none-eabi-5_4-2016q3/bin/../lib/gcc/arm-none-eabi/5.4.1/armv7e-m/softfp/libgcc.a
LOAD /home/pry/eclipse/gcc-arm-none-eabi-5_4-2016q3/bin/../lib/gcc/arm-none-eabi/5.4.1/../../../../arm-none-eabi/lib/armv7e-m/softfp/libc.a
END GROUP
LOAD /home/pry/eclipse/gcc-arm-none-eabi-5_4-2016q3/bin/../lib/gcc/arm-none-eabi/5.4.1/armv7e-m/softfp/crtend.o
LOAD /home/pry/eclipse/gcc-arm-none-eabi-5_4-2016q3/bin/../lib/gcc/arm-none-eabi/5.4.1/armv7e-m/softfp/crtn.o
OUTPUT(RMP elf32-littlearm)

.ARM.attributes
                0x00000000       0x2e
 .ARM.attributes
                0x00000000       0x22 /home/pry/eclipse/gcc-arm-none-eabi-5_4-2016q3/bin/../lib/gcc/arm-none-eabi/5.4.1/armv7e-m/softfp/crti.o
 .ARM.attributes
                0x00000022       0x32 /home/pry/eclipse/gcc-arm-none-eabi-5_4-2016q3/bin/../lib/gcc/arm-none-eabi/5.4.1/armv7e-m/softfp/crtbegin.o
 .ARM.attributes
                0x00000054       0x35 ./User/rmp_test.o
 .ARM.attributes
                0x00000089       0x35 ./Platform/rmp_platform_cmx_rvm.o
 .ARM.attributes
                0x000000be       0x25 ./Platform/rmp_platform_cmx_rvm_asm_gcc.o
 .ARM.attributes
                0x000000e3       0x35 ./Lib/rvm_guest_cmx.o
 .ARM.attributes
                0x00000118       0x25 ./Lib/rvm_guest_cmx_asm_gcc.o
 .ARM.attributes
                0x0000013d       0x35 ./Kernel/rmp_kernel.o
 .ARM.attributes
                0x00000172       0x32 /home/pry/eclipse/gcc-arm-none-eabi-5_4-2016q3/bin/../lib/gcc/arm-none-eabi/5.4.1/../../../../arm-none-eabi/lib/armv7e-m/softfp/libc.a(lib_a-impure.o)
 .ARM.attributes
                0x000001a4       0x32 /home/pry/eclipse/gcc-arm-none-eabi-5_4-2016q3/bin/../lib/gcc/arm-none-eabi/5.4.1/../../../../arm-none-eabi/lib/armv7e-m/softfp/libc.a(lib_a-init.o)
 .ARM.attributes
                0x000001d6       0x32 /home/pry/eclipse/gcc-arm-none-eabi-5_4-2016q3/bin/../lib/gcc/arm-none-eabi/5.4.1/../../../../arm-none-eabi/lib/armv7e-m/softfp/libc.a(lib_a-__call_atexit.o)
 .ARM.attributes
                0x00000208       0x32 /home/pry/eclipse/gcc-arm-none-eabi-5_4-2016q3/bin/../lib/gcc/arm-none-eabi/5.4.1/../../../../arm-none-eabi/lib/armv7e-m/softfp/libc.a(lib_a-atexit.o)
 .ARM.attributes
                0x0000023a       0x32 /home/pry/eclipse/gcc-arm-none-eabi-5_4-2016q3/bin/../lib/gcc/arm-none-eabi/5.4.1/../../../../arm-none-eabi/lib/armv7e-m/softfp/libc.a(lib_a-fini.o)
 .ARM.attributes
                0x0000026c       0x32 /home/pry/eclipse/gcc-arm-none-eabi-5_4-2016q3/bin/../lib/gcc/arm-none-eabi/5.4.1/../../../../arm-none-eabi/lib/armv7e-m/softfp/libc.a(lib_a-__atexit.o)
 .ARM.attributes
                0x0000029e       0x22 /home/pry/eclipse/gcc-arm-none-eabi-5_4-2016q3/bin/../lib/gcc/arm-none-eabi/5.4.1/armv7e-m/softfp/crtn.o

.comment        0x00000000       0x6e
 .comment       0x00000000       0x6e ./User/rmp_test.o
                                 0x6f (size before relaxing)
 .comment       0x0000006e       0x6f ./Platform/rmp_platform_cmx_rvm.o
 .comment       0x0000006e       0x6f ./Lib/rvm_guest_cmx.o
 .comment       0x0000006e       0x6f ./Kernel/rmp_kernel.o

.debug_info     0x00000000     0x5e1b
 .debug_info    0x00000000     0x1c0b ./User/rmp_test.o
 .debug_info    0x00001c0b      0x4b3 ./Platform/rmp_platform_cmx_rvm.o
 .debug_info    0x000020be      0xcc7 ./Lib/rvm_guest_cmx.o
 .debug_info    0x00002d85     0x3096 ./Kernel/rmp_kernel.o

.debug_abbrev   0x00000000      0xbbf
 .debug_abbrev  0x00000000      0x35a ./User/rmp_test.o
 .debug_abbrev  0x0000035a      0x196 ./Platform/rmp_platform_cmx_rvm.o
 .debug_abbrev  0x000004f0      0x331 ./Lib/rvm_guest_cmx.o
 .debug_abbrev  0x00000821      0x39e ./Kernel/rmp_kernel.o

.debug_loc      0x00000000     0x3fde
 .debug_loc     0x00000000      0x213 ./User/rmp_test.o
 .debug_loc     0x00000213      0x134 ./Platform/rmp_platform_cmx_rvm.o
 .debug_loc     0x00000347      0x60b ./Lib/rvm_guest_cmx.o
 .debug_loc     0x00000952     0x368c ./Kernel/rmp_kernel.o

.debug_aranges  0x00000000      0x310
 .debug_aranges
                0x00000000       0xb8 ./User/rmp_test.o
 .debug_aranges
                0x000000b8       0x58 ./Platform/rmp_platform_cmx_rvm.o
 .debug_aranges
                0x00000110       0xb8 ./Lib/rvm_guest_cmx.o
 .debug_aranges
                0x000001c8      0x148 ./Kernel/rmp_kernel.o

.debug_ranges   0x00000000     0x1288
 .debug_ranges  0x00000000      0x558 ./User/rmp_test.o
 .debug_ranges  0x00000558       0x48 ./Platform/rmp_platform_cmx_rvm.o
 .debug_ranges  0x000005a0       0xf8 ./Lib/rvm_guest_cmx.o
 .debug_ranges  0x00000698      0xbf0 ./Kernel/rmp_kernel.o

.debug_macro    0x00000000    0x2bfbc
 .debug_macro   0x00000000      0x56e ./User/rmp_test.o
 .debug_macro   0x0000056e      0x886 ./User/rmp_test.o
 .debug_macro   0x00000df4       0x10 ./User/rmp_test.o
 .debug_macro   0x00000e04       0x58 ./User/rmp_test.o
 .debug_macro   0x00000e5c      0x227 ./User/rmp_test.o
 .debug_macro   0x00001083       0x46 ./User/rmp_test.o
 .debug_macro   0x000010c9       0x2e ./User/rmp_test.o
 .debug_macro   0x000010f7       0x3b ./User/rmp_test.o
 .debug_macro   0x00001132      0x34e ./User/rmp_test.o
 .debug_macro   0x00001480       0x35 ./User/rmp_test.o
 .debug_macro   0x000014b5       0x50 ./User/rmp_test.o
 .debug_macro   0x00001505     0x1114 ./User/rmp_test.o
 .debug_macro   0x00002619    0x19f38 ./User/rmp_test.o
 .debug_macro   0x0001c551       0x43 ./User/rmp_test.o
 .debug_macro   0x0001c594      0x252 ./User/rmp_test.o
 .debug_macro   0x0001c7e6     0x35cf ./User/rmp_test.o
 .debug_macro   0x0001fdb5       0x22 ./User/rmp_test.o
 .debug_macro   0x0001fdd7       0x4c ./User/rmp_test.o
 .debug_macro   0x0001fe23       0x8d ./User/rmp_test.o
 .debug_macro   0x0001feb0       0x35 ./User/rmp_test.o
 .debug_macro   0x0001fee5       0x9c ./User/rmp_test.o
 .debug_macro   0x0001ff81       0x16 ./User/rmp_test.o
 .debug_macro   0x0001ff97       0x4a ./User/rmp_test.o
 .debug_macro   0x0001ffe1       0x97 ./User/rmp_test.o
 .debug_macro   0x00020078      0x30d ./User/rmp_test.o
 .debug_macro   0x00020385       0xfd ./User/rmp_test.o
 .debug_macro   0x00020482       0x10 ./User/rmp_test.o
 .debug_macro   0x00020492       0x52 ./User/rmp_test.o
 .debug_macro   0x000204e4       0x1f ./User/rmp_test.o
 .debug_macro   0x00020503       0x43 ./User/rmp_test.o
 .debug_macro   0x00020546       0x20 ./User/rmp_test.o
 .debug_macro   0x00020566      0x187 ./User/rmp_test.o
 .debug_macro   0x000206ed       0x10 ./User/rmp_test.o
 .debug_macro   0x000206fd       0x5e ./User/rmp_test.o
 .debug_macro   0x0002075b       0x1c ./User/rmp_test.o
 .debug_macro   0x00020777       0x52 ./User/rmp_test.o
 .debug_macro   0x000207c9       0x40 ./User/rmp_test.o
 .debug_macro   0x00020809       0x10 ./User/rmp_test.o
 .debug_macro   0x00020819       0x40 ./User/rmp_test.o
 .debug_macro   0x00020859       0xd7 ./User/rmp_test.o
 .debug_macro   0x00020930       0x16 ./User/rmp_test.o
 .debug_macro   0x00020946      0x18b ./User/rmp_test.o
 .debug_macro   0x00020ad1       0x5e ./User/rmp_test.o
 .debug_macro   0x00020b2f     0x1add ./User/rmp_test.o
 .debug_macro   0x0002260c      0x6ca ./User/rmp_test.o
 .debug_macro   0x00022cd6      0x11e ./User/rmp_test.o
 .debug_macro   0x00022df4      0x277 ./User/rmp_test.o
 .debug_macro   0x0002306b       0x27 ./User/rmp_test.o
 .debug_macro   0x00023092      0x24f ./User/rmp_test.o
 .debug_macro   0x000232e1       0x71 ./User/rmp_test.o
 .debug_macro   0x00023352       0x58 ./User/rmp_test.o
 .debug_macro   0x000233aa      0x23a ./User/rmp_test.o
 .debug_macro   0x000235e4      0x408 ./User/rmp_test.o
 .debug_macro   0x000239ec      0x161 ./User/rmp_test.o
 .debug_macro   0x00023b4d      0x100 ./User/rmp_test.o
 .debug_macro   0x00023c4d      0x3f3 ./User/rmp_test.o
 .debug_macro   0x00024040      0x2e2 ./User/rmp_test.o
 .debug_macro   0x00024322       0xab ./User/rmp_test.o
 .debug_macro   0x000243cd       0x4c ./User/rmp_test.o
 .debug_macro   0x00024419       0x2e ./User/rmp_test.o
 .debug_macro   0x00024447      0x22b ./User/rmp_test.o
 .debug_macro   0x00024672       0xe5 ./User/rmp_test.o
 .debug_macro   0x00024757       0xa1 ./User/rmp_test.o
 .debug_macro   0x000247f8       0x3c ./User/rmp_test.o
 .debug_macro   0x00024834      0x22c ./User/rmp_test.o
 .debug_macro   0x00024a60      0xcd5 ./User/rmp_test.o
 .debug_macro   0x00025735      0x156 ./User/rmp_test.o
 .debug_macro   0x0002588b      0x3de ./User/rmp_test.o
 .debug_macro   0x00025c69       0x12 ./User/rmp_test.o
 .debug_macro   0x00025c7b      0x516 ./User/rmp_test.o
 .debug_macro   0x00026191       0x88 ./User/rmp_test.o
 .debug_macro   0x00026219       0xe3 ./User/rmp_test.o
 .debug_macro   0x000262fc       0x10 ./User/rmp_test.o
 .debug_macro   0x0002630c      0x209 ./User/rmp_test.o
 .debug_macro   0x00026515       0x61 ./User/rmp_test.o
 .debug_macro   0x00026576       0x90 ./User/rmp_test.o
 .debug_macro   0x00026606      0x1b5 ./User/rmp_test.o
 .debug_macro   0x000267bb       0x87 ./User/rmp_test.o
 .debug_macro   0x00026842      0x28d ./User/rmp_test.o
 .debug_macro   0x00026acf      0x255 ./User/rmp_test.o
 .debug_macro   0x00026d24      0x132 ./User/rmp_test.o
 .debug_macro   0x00026e56      0x10c ./User/rmp_test.o
 .debug_macro   0x00026f62       0x35 ./User/rmp_test.o
 .debug_macro   0x00026f97      0x2e2 ./User/rmp_test.o
 .debug_macro   0x00027279       0x7b ./User/rmp_test.o
 .debug_macro   0x000272f4      0x313 ./User/rmp_test.o
 .debug_macro   0x00027607      0x4da ./User/rmp_test.o
 .debug_macro   0x00027ae1       0xd6 ./User/rmp_test.o
 .debug_macro   0x00027bb7      0x447 ./User/rmp_test.o
 .debug_macro   0x00027ffe      0x757 ./User/rmp_test.o
 .debug_macro   0x00028755      0x198 ./User/rmp_test.o
 .debug_macro   0x000288ed      0x1ed ./User/rmp_test.o
 .debug_macro   0x00028ada      0x2e2 ./User/rmp_test.o
 .debug_macro   0x00028dbc      0x65b ./User/rmp_test.o
 .debug_macro   0x00029417      0x2aa ./User/rmp_test.o
 .debug_macro   0x000296c1      0x169 ./User/rmp_test.o
 .debug_macro   0x0002982a      0x4e8 ./User/rmp_test.o
 .debug_macro   0x00029d12       0x47 ./User/rmp_test.o
 .debug_macro   0x00029d59      0x1df ./User/rmp_test.o
 .debug_macro   0x00029f38       0x29 ./User/rmp_test.o
 .debug_macro   0x00029f61       0x58 ./User/rmp_test.o
 .debug_macro   0x00029fb9      0x1f4 ./User/rmp_test.o
 .debug_macro   0x0002a1ad       0x30 ./User/rmp_test.o
 .debug_macro   0x0002a1dd       0x58 ./User/rmp_test.o
 .debug_macro   0x0002a235      0x2f7 ./User/rmp_test.o
 .debug_macro   0x0002a52c       0x5e ./User/rmp_test.o
 .debug_macro   0x0002a58a       0xa5 ./User/rmp_test.o
 .debug_macro   0x0002a62f       0x89 ./User/rmp_test.o
 .debug_macro   0x0002a6b8      0x1f4 ./User/rmp_test.o
 .debug_macro   0x0002a8ac      0x120 ./User/rmp_test.o
 .debug_macro   0x0002a9cc       0x75 ./User/rmp_test.o
 .debug_macro   0x0002aa41      0x2a3 ./User/rmp_test.o
 .debug_macro   0x0002ace4      0x137 ./User/rmp_test.o
 .debug_macro   0x0002ae1b      0x2c4 ./User/rmp_test.o
 .debug_macro   0x0002b0df      0x16c ./User/rmp_test.o
 .debug_macro   0x0002b24b       0x2e ./User/rmp_test.o
 .debug_macro   0x0002b279       0xfb ./User/rmp_test.o
 .debug_macro   0x0002b374       0x10 ./User/rmp_test.o
 .debug_macro   0x0002b384       0x16 ./User/rmp_test.o
 .debug_macro   0x0002b39a       0x19 ./User/rmp_test.o
 .debug_macro   0x0002b3b3       0x10 ./User/rmp_test.o
 .debug_macro   0x0002b3c3       0x30 ./User/rmp_test.o
 .debug_macro   0x0002b3f3       0x35 ./User/rmp_test.o
 .debug_macro   0x0002b428       0x1c ./User/rmp_test.o
 .debug_macro   0x0002b444      0x560 ./Platform/rmp_platform_cmx_rvm.o
 .debug_macro   0x0002b9a4       0x30 ./Platform/rmp_platform_cmx_rvm.o
 .debug_macro   0x0002b9d4       0x35 ./Lib/rvm_guest_cmx.o
 .debug_macro   0x0002ba09       0x12 ./Lib/rvm_guest_cmx.o
 .debug_macro   0x0002ba1b      0x56c ./Kernel/rmp_kernel.o
 .debug_macro   0x0002bf87       0x35 ./Kernel/rmp_kernel.o

.debug_line     0x00000000     0x4fce
 .debug_line    0x00000000     0x17b7 ./User/rmp_test.o
 .debug_line    0x000017b7     0x10d8 ./Platform/rmp_platform_cmx_rvm.o
 .debug_line    0x0000288f      0x3a7 ./Lib/rvm_guest_cmx.o
 .debug_line    0x00002c36     0x2398 ./Kernel/rmp_kernel.o

.debug_str      0x00000000   0x12ab23
 .debug_str     0x00000000   0x12a283 ./User/rmp_test.o
                             0x12a662 (size before relaxing)
 .debug_str     0x0012a283      0x1f1 ./Platform/rmp_platform_cmx_rvm.o
                             0x129e83 (size before relaxing)
 .debug_str     0x0012a474      0x2f7 ./Lib/rvm_guest_cmx.o
                               0x327e (size before relaxing)
 .debug_str     0x0012a76b      0x3b8 ./Kernel/rmp_kernel.o
                             0x12a2f8 (size before relaxing)

.debug_frame    0x00000000      0xcdc
 .debug_frame   0x00000000      0x28c ./User/rmp_test.o
 .debug_frame   0x0000028c       0xd0 ./Platform/rmp_platform_cmx_rvm.o
 .debug_frame   0x0000035c      0x1f4 ./Lib/rvm_guest_cmx.o
 .debug_frame   0x00000550      0x688 ./Kernel/rmp_kernel.o
 .debug_frame   0x00000bd8       0x2c /home/pry/eclipse/gcc-arm-none-eabi-5_4-2016q3/bin/../lib/gcc/arm-none-eabi/5.4.1/../../../../arm-none-eabi/lib/armv7e-m/softfp/libc.a(lib_a-init.o)
 .debug_frame   0x00000c04       0x50 /home/pry/eclipse/gcc-arm-none-eabi-5_4-2016q3/bin/../lib/gcc/arm-none-eabi/5.4.1/../../../../arm-none-eabi/lib/armv7e-m/softfp/libc.a(lib_a-__call_atexit.o)
 .debug_frame   0x00000c54       0x20 /home/pry/eclipse/gcc-arm-none-eabi-5_4-2016q3/bin/../lib/gcc/arm-none-eabi/5.4.1/../../../../arm-none-eabi/lib/armv7e-m/softfp/libc.a(lib_a-atexit.o)
 .debug_frame   0x00000c74       0x34 /home/pry/eclipse/gcc-arm-none-eabi-5_4-2016q3/bin/../lib/gcc/arm-none-eabi/5.4.1/../../../../arm-none-eabi/lib/armv7e-m/softfp/libc.a(lib_a-fini.o)
 .debug_frame   0x00000ca8       0x34 /home/pry/eclipse/gcc-arm-none-eabi-5_4-2016q3/bin/../lib/gcc/arm-none-eabi/5.4.1/../../../../arm-none-eabi/lib/armv7e-m/softfp/libc.a(lib_a-__atexit.o)
