Archive member included to satisfy reference by file (symbol)

/home/pry/eclipse/gcc-arm-none-eabi-5_4-2016q3/bin/../lib/gcc/arm-none-eabi/5.4.1/../../../../arm-none-eabi/lib/armv7e-m/softfp/libc.a(lib_a-exit.o)
                              /home/pry/eclipse/gcc-arm-none-eabi-5_4-2016q3/bin/../lib/gcc/arm-none-eabi/5.4.1/../../../../arm-none-eabi/lib/armv7e-m/softfp/crt0.o (exit)
/home/pry/eclipse/gcc-arm-none-eabi-5_4-2016q3/bin/../lib/gcc/arm-none-eabi/5.4.1/../../../../arm-none-eabi/lib/armv7e-m/softfp/libc.a(lib_a-impure.o)
                              /home/pry/eclipse/gcc-arm-none-eabi-5_4-2016q3/bin/../lib/gcc/arm-none-eabi/5.4.1/../../../../arm-none-eabi/lib/armv7e-m/softfp/libc.a(lib_a-exit.o) (_global_impure_ptr)
/home/pry/eclipse/gcc-arm-none-eabi-5_4-2016q3/bin/../lib/gcc/arm-none-eabi/5.4.1/../../../../arm-none-eabi/lib/armv7e-m/softfp/libc.a(lib_a-init.o)
                              /home/pry/eclipse/gcc-arm-none-eabi-5_4-2016q3/bin/../lib/gcc/arm-none-eabi/5.4.1/../../../../arm-none-eabi/lib/armv7e-m/softfp/crt0.o (__libc_init_array)
/home/pry/eclipse/gcc-arm-none-eabi-5_4-2016q3/bin/../lib/gcc/arm-none-eabi/5.4.1/../../../../arm-none-eabi/lib/armv7e-m/softfp/libc.a(lib_a-memcpy.o)
                              ./Kernel/rmp_kernel.o (memcpy)
/home/pry/eclipse/gcc-arm-none-eabi-5_4-2016q3/bin/../lib/gcc/arm-none-eabi/5.4.1/../../../../arm-none-eabi/lib/armv7e-m/softfp/libc.a(lib_a-memset.o)
                              /home/pry/eclipse/gcc-arm-none-eabi-5_4-2016q3/bin/../lib/gcc/arm-none-eabi/5.4.1/../../../../arm-none-eabi/lib/armv7e-m/softfp/crt0.o (memset)
/home/pry/eclipse/gcc-arm-none-eabi-5_4-2016q3/bin/../lib/gcc/arm-none-eabi/5.4.1/../../../../arm-none-eabi/lib/armv7e-m/softfp/libc.a(lib_a-__call_atexit.o)
                              /home/pry/eclipse/gcc-arm-none-eabi-5_4-2016q3/bin/../lib/gcc/arm-none-eabi/5.4.1/../../../../arm-none-eabi/lib/armv7e-m/softfp/libc.a(lib_a-exit.o) (__call_exitprocs)
/home/pry/eclipse/gcc-arm-none-eabi-5_4-2016q3/bin/../lib/gcc/arm-none-eabi/5.4.1/../../../../arm-none-eabi/lib/armv7e-m/softfp/libc.a(lib_a-atexit.o)
                              /home/pry/eclipse/gcc-arm-none-eabi-5_4-2016q3/bin/../lib/gcc/arm-none-eabi/5.4.1/../../../../arm-none-eabi/lib/armv7e-m/softfp/libc.a(lib_a-__call_atexit.o) (atexit)
/home/pry/eclipse/gcc-arm-none-eabi-5_4-2016q3/bin/../lib/gcc/arm-none-eabi/5.4.1/../../../../arm-none-eabi/lib/armv7e-m/softfp/libc.a(lib_a-fini.o)
                              /home/pry/eclipse/gcc-arm-none-eabi-5_4-2016q3/bin/../lib/gcc/arm-none-eabi/5.4.1/../../../../arm-none-eabi/lib/armv7e-m/softfp/libc.a(lib_a-__call_atexit.o) (__libc_fini_array)
/home/pry/eclipse/gcc-arm-none-eabi-5_4-2016q3/bin/../lib/gcc/arm-none-eabi/5.4.1/../../../../arm-none-eabi/lib/armv7e-m/softfp/libc.a(lib_a-__atexit.o)
                              /home/pry/eclipse/gcc-arm-none-eabi-5_4-2016q3/bin/../lib/gcc/arm-none-eabi/5.4.1/../../../../arm-none-eabi/lib/armv7e-m/softfp/libc.a(lib_a-atexit.o) (__register_exitproc)

Allocating common symbols
Common symbol       size              file

RVM_Regs            0x68              ./Lib/rvm_guest_cmx.o
RMP_Cur_SP          0x4               ./Kernel/rmp_kernel.o
RMP_Cur_Thd         0x4               ./Kernel/rmp_kernel.o
RMP_Tick            0x4               ./Kernel/rmp_kernel.o
RVM_Flag            0x4               ./Lib/rvm_guest_cmx.o
RVM_Param           0x14              ./Lib/rvm_guest_cmx.o
RVM_Vect            0x80              ./Lib/rvm_guest_cmx.o
RVM_Console         0x80              ./Lib/rvm_guest_cmx.o

Discarded input sections

 .text          0x00000000        0x0 /home/pry/eclipse/gcc-arm-none-eabi-5_4-2016q3/bin/../lib/gcc/arm-none-eabi/5.4.1/armv7e-m/softfp/crti.o
 .data          0x00000000        0x0 /home/pry/eclipse/gcc-arm-none-eabi-5_4-2016q3/bin/../lib/gcc/arm-none-eabi/5.4.1/armv7e-m/softfp/crti.o
 .bss           0x00000000        0x0 /home/pry/eclipse/gcc-arm-none-eabi-5_4-2016q3/bin/../lib/gcc/arm-none-eabi/5.4.1/armv7e-m/softfp/crti.o
 .data          0x00000000        0x4 /home/pry/eclipse/gcc-arm-none-eabi-5_4-2016q3/bin/../lib/gcc/arm-none-eabi/5.4.1/armv7e-m/softfp/crtbegin.o
 .text          0x00000000       0x74 /home/pry/eclipse/gcc-arm-none-eabi-5_4-2016q3/bin/../lib/gcc/arm-none-eabi/5.4.1/../../../../arm-none-eabi/lib/armv7e-m/softfp/crt0.o
 .data          0x00000000        0x0 /home/pry/eclipse/gcc-arm-none-eabi-5_4-2016q3/bin/../lib/gcc/arm-none-eabi/5.4.1/../../../../arm-none-eabi/lib/armv7e-m/softfp/crt0.o
 .bss           0x00000000        0x0 /home/pry/eclipse/gcc-arm-none-eabi-5_4-2016q3/bin/../lib/gcc/arm-none-eabi/5.4.1/../../../../arm-none-eabi/lib/armv7e-m/softfp/crt0.o
 .ARM.extab     0x00000000        0x0 /home/pry/eclipse/gcc-arm-none-eabi-5_4-2016q3/bin/../lib/gcc/arm-none-eabi/5.4.1/../../../../arm-none-eabi/lib/armv7e-m/softfp/crt0.o
 .ARM.exidx     0x00000000        0x8 /home/pry/eclipse/gcc-arm-none-eabi-5_4-2016q3/bin/../lib/gcc/arm-none-eabi/5.4.1/../../../../arm-none-eabi/lib/armv7e-m/softfp/crt0.o
 .ARM.attributes
                0x00000000       0x20 /home/pry/eclipse/gcc-arm-none-eabi-5_4-2016q3/bin/../lib/gcc/arm-none-eabi/5.4.1/../../../../arm-none-eabi/lib/armv7e-m/softfp/crt0.o
 .group         0x00000000        0x8 ./User/rmp_test.o
 .group         0x00000000        0x8 ./User/rmp_test.o
 .group         0x00000000        0x8 ./User/rmp_test.o
 .group         0x00000000        0x8 ./User/rmp_test.o
 .group         0x00000000        0x8 ./User/rmp_test.o
 .group         0x00000000        0x8 ./User/rmp_test.o
 .group         0x00000000        0x8 ./User/rmp_test.o
 .group         0x00000000        0x8 ./User/rmp_test.o
 .group         0x00000000        0x8 ./User/rmp_test.o
 .group         0x00000000        0x8 ./User/rmp_test.o
 .group         0x00000000        0x8 ./User/rmp_test.o
 .group         0x00000000        0x8 ./User/rmp_test.o
 .group         0x00000000        0x8 ./User/rmp_test.o
 .group         0x00000000        0x8 ./User/rmp_test.o
 .group         0x00000000        0x8 ./User/rmp_test.o
 .group         0x00000000        0x8 ./User/rmp_test.o
 .group         0x00000000        0x8 ./User/rmp_test.o
 .group         0x00000000        0x8 ./User/rmp_test.o
 .group         0x00000000        0x8 ./User/rmp_test.o
 .group         0x00000000        0x8 ./User/rmp_test.o
 .group         0x00000000        0x8 ./User/rmp_test.o
 .group         0x00000000        0x8 ./User/rmp_test.o
 .group         0x00000000        0x8 ./User/rmp_test.o
 .group         0x00000000        0x8 ./User/rmp_test.o
 .group         0x00000000        0x8 ./User/rmp_test.o
 .group         0x00000000        0x8 ./User/rmp_test.o
 .group         0x00000000        0x8 ./User/rmp_test.o
 .group         0x00000000        0x8 ./User/rmp_test.o
 .group         0x00000000        0x8 ./User/rmp_test.o
 .group         0x00000000        0x8 ./User/rmp_test.o
 .group         0x00000000        0x8 ./User/rmp_test.o
 .group         0x00000000        0x8 ./User/rmp_test.o
 .group         0x00000000        0x8 ./User/rmp_test.o
 .group         0x00000000        0x8 ./User/rmp_test.o
 .group         0x00000000        0x8 ./User/rmp_test.o
 .group         0x00000000        0x8 ./User/rmp_test.o
 .group         0x00000000        0x8 ./User/rmp_test.o
 .group         0x00000000        0x8 ./User/rmp_test.o
 .group         0x00000000        0x8 ./User/rmp_test.o
 .group         0x00000000        0x8 ./User/rmp_test.o
 .group         0x00000000        0x8 ./User/rmp_test.o
 .group         0x00000000        0x8 ./User/rmp_test.o
 .group         0x00000000        0x8 ./User/rmp_test.o
 .group         0x00000000        0x8 ./User/rmp_test.o
 .group         0x00000000        0x8 ./User/rmp_test.o
 .group         0x00000000        0x8 ./User/rmp_test.o
 .group         0x00000000        0x8 ./User/rmp_test.o
 .group         0x00000000        0x8 ./User/rmp_test.o
 .group         0x00000000        0x8 ./User/rmp_test.o
 .group         0x00000000        0x8 ./User/rmp_test.o
 .group         0x00000000        0x8 ./User/rmp_test.o
 .group         0x00000000        0x8 ./User/rmp_test.o
 .group         0x00000000        0x8 ./User/rmp_test.o
 .group         0x00000000        0x8 ./User/rmp_test.o
 .group         0x00000000        0x8 ./User/rmp_test.o
 .group         0x00000000        0x8 ./User/rmp_test.o
 .group         0x00000000        0x8 ./User/rmp_test.o
 .group         0x00000000        0x8 ./User/rmp_test.o
 .group         0x00000000        0x8 ./User/rmp_test.o
 .group         0x00000000        0x8 ./User/rmp_test.o
 .group         0x00000000        0x8 ./User/rmp_test.o
 .group         0x00000000        0x8 ./User/rmp_test.o
 .group         0x00000000        0x8 ./User/rmp_test.o
 .group         0x00000000        0x8 ./User/rmp_test.o
 .group         0x00000000        0x8 ./User/rmp_test.o
 .group         0x00000000        0x8 ./User/rmp_test.o
 .group         0x00000000        0x8 ./User/rmp_test.o
 .group         0x00000000        0x8 ./User/rmp_test.o
 .group         0x00000000        0x8 ./User/rmp_test.o
 .group         0x00000000        0x8 ./User/rmp_test.o
 .group         0x00000000        0x8 ./User/rmp_test.o
 .group         0x00000000        0x8 ./User/rmp_test.o
 .group         0x00000000        0x8 ./User/rmp_test.o
 .group         0x00000000        0x8 ./User/rmp_test.o
 .group         0x00000000        0x8 ./User/rmp_test.o
 .group         0x00000000        0x8 ./User/rmp_test.o
 .group         0x00000000        0x8 ./User/rmp_test.o
 .group         0x00000000        0x8 ./User/rmp_test.o
 .group         0x00000000        0x8 ./User/rmp_test.o
 .group         0x00000000        0x8 ./User/rmp_test.o
 .group         0x00000000        0x8 ./User/rmp_test.o
 .group         0x00000000        0x8 ./User/rmp_test.o
 .group         0x00000000        0x8 ./User/rmp_test.o
 .group         0x00000000        0x8 ./User/rmp_test.o
 .group         0x00000000        0x8 ./User/rmp_test.o
 .group         0x00000000        0x8 ./User/rmp_test.o
 .group         0x00000000        0x8 ./User/rmp_test.o
 .group         0x00000000        0x8 ./User/rmp_test.o
 .group         0x00000000        0x8 ./User/rmp_test.o
 .group         0x00000000        0x8 ./User/rmp_test.o
 .group         0x00000000        0x8 ./User/rmp_test.o
 .group         0x00000000        0x8 ./User/rmp_test.o
 .group         0x00000000        0x8 ./User/rmp_test.o
 .group         0x00000000        0x8 ./User/rmp_test.o
 .group         0x00000000        0x8 ./User/rmp_test.o
 .group         0x00000000        0x8 ./User/rmp_test.o
 .group         0x00000000        0x8 ./User/rmp_test.o
 .group         0x00000000        0x8 ./User/rmp_test.o
 .group         0x00000000        0x8 ./User/rmp_test.o
 .group         0x00000000        0x8 ./User/rmp_test.o
 .group         0x00000000        0x8 ./User/rmp_test.o
 .group         0x00000000        0x8 ./User/rmp_test.o
 .group         0x00000000        0x8 ./User/rmp_test.o
 .group         0x00000000        0x8 ./User/rmp_test.o
 .group         0x00000000        0x8 ./User/rmp_test.o
 .group         0x00000000        0x8 ./User/rmp_test.o
 .group         0x00000000        0x8 ./User/rmp_test.o
 .group         0x00000000        0x8 ./User/rmp_test.o
 .group         0x00000000        0x8 ./User/rmp_test.o
 .group         0x00000000        0x8 ./User/rmp_test.o
 .group         0x00000000        0x8 ./User/rmp_test.o
 .group         0x00000000        0x8 ./User/rmp_test.o
 .group         0x00000000        0x8 ./User/rmp_test.o
 .group         0x00000000        0x8 ./User/rmp_test.o
 .group         0x00000000        0x8 ./User/rmp_test.o
 .group         0x00000000        0x8 ./User/rmp_test.o
 .group         0x00000000        0x8 ./User/rmp_test.o
 .group         0x00000000        0x8 ./User/rmp_test.o
 .group         0x00000000        0x8 ./User/rmp_test.o
 .group         0x00000000        0x8 ./User/rmp_test.o
 .group         0x00000000        0x8 ./User/rmp_test.o
 .group         0x00000000        0x8 ./User/rmp_test.o
 .group         0x00000000        0x8 ./User/rmp_test.o
 .text          0x00000000        0x0 ./User/rmp_test.o
 .data          0x00000000        0x0 ./User/rmp_test.o
 .bss           0x00000000        0x0 ./User/rmp_test.o
 .group         0x00000000        0x8 ./Platform/rmp_platform_cmx_rvm.o
 .group         0x00000000        0x8 ./Platform/rmp_platform_cmx_rvm.o
 .group         0x00000000        0x8 ./Platform/rmp_platform_cmx_rvm.o
 .group         0x00000000        0x8 ./Platform/rmp_platform_cmx_rvm.o
 .group         0x00000000        0x8 ./Platform/rmp_platform_cmx_rvm.o
 .group         0x00000000        0x8 ./Platform/rmp_platform_cmx_rvm.o
 .group         0x00000000        0x8 ./Platform/rmp_platform_cmx_rvm.o
 .group         0x00000000        0x8 ./Platform/rmp_platform_cmx_rvm.o
 .group         0x00000000        0x8 ./Platform/rmp_platform_cmx_rvm.o
 .group         0x00000000        0x8 ./Platform/rmp_platform_cmx_rvm.o
 .group         0x00000000        0x8 ./Platform/rmp_platform_cmx_rvm.o
 .group         0x00000000        0x8 ./Platform/rmp_platform_cmx_rvm.o
 .group         0x00000000        0x8 ./Platform/rmp_platform_cmx_rvm.o
 .group         0x00000000        0x8 ./Platform/rmp_platform_cmx_rvm.o
 .group         0x00000000        0x8 ./Platform/rmp_platform_cmx_rvm.o
 .group         0x00000000        0x8 ./Platform/rmp_platform_cmx_rvm.o
 .group         0x00000000        0x8 ./Platform/rmp_platform_cmx_rvm.o
 .group         0x00000000        0x8 ./Platform/rmp_platform_cmx_rvm.o
 .group         0x00000000        0x8 ./Platform/rmp_platform_cmx_rvm.o
 .group         0x00000000        0x8 ./Platform/rmp_platform_cmx_rvm.o
 .group         0x00000000        0x8 ./Platform/rmp_platform_cmx_rvm.o
 .group         0x00000000        0x8 ./Platform/rmp_platform_cmx_rvm.o
 .group         0x00000000        0x8 ./Platform/rmp_platform_cmx_rvm.o
 .group         0x00000000        0x8 ./Platform/rmp_platform_cmx_rvm.o
 .group         0x00000000        0x8 ./Platform/rmp_platform_cmx_rvm.o
 .group         0x00000000        0x8 ./Platform/rmp_platform_cmx_rvm.o
 .group         0x00000000        0x8 ./Platform/rmp_platform_cmx_rvm.o
 .group         0x00000000        0x8 ./Platform/rmp_platform_cmx_rvm.o
 .group         0x00000000        0x8 ./Platform/rmp_platform_cmx_rvm.o
 .group         0x00000000        0x8 ./Platform/rmp_platform_cmx_rvm.o
 .group         0x00000000        0x8 ./Platform/rmp_platform_cmx_rvm.o
 .group         0x00000000        0x8 ./Platform/rmp_platform_cmx_rvm.o
 .group         0x00000000        0x8 ./Platform/rmp_platform_cmx_rvm.o
 .group         0x00000000        0x8 ./Platform/rmp_platform_cmx_rvm.o
 .group         0x00000000        0x8 ./Platform/rmp_platform_cmx_rvm.o
 .group         0x00000000        0x8 ./Platform/rmp_platform_cmx_rvm.o
 .group         0x00000000        0x8 ./Platform/rmp_platform_cmx_rvm.o
 .group         0x00000000        0x8 ./Platform/rmp_platform_cmx_rvm.o
 .group         0x00000000        0x8 ./Platform/rmp_platform_cmx_rvm.o
 .group         0x00000000        0x8 ./Platform/rmp_platform_cmx_rvm.o
 .group         0x00000000        0x8 ./Platform/rmp_platform_cmx_rvm.o
 .group         0x00000000        0x8 ./Platform/rmp_platform_cmx_rvm.o
 .group         0x00000000        0x8 ./Platform/rmp_platform_cmx_rvm.o
 .group         0x00000000        0x8 ./Platform/rmp_platform_cmx_rvm.o
 .group         0x00000000        0x8 ./Platform/rmp_platform_cmx_rvm.o
 .group         0x00000000        0x8 ./Platform/rmp_platform_cmx_rvm.o
 .group         0x00000000        0x8 ./Platform/rmp_platform_cmx_rvm.o
 .group         0x00000000        0x8 ./Platform/rmp_platform_cmx_rvm.o
 .group         0x00000000        0x8 ./Platform/rmp_platform_cmx_rvm.o
 .group         0x00000000        0x8 ./Platform/rmp_platform_cmx_rvm.o
 .group         0x00000000        0x8 ./Platform/rmp_platform_cmx_rvm.o
 .group         0x00000000        0x8 ./Platform/rmp_platform_cmx_rvm.o
 .group         0x00000000        0x8 ./Platform/rmp_platform_cmx_rvm.o
 .group         0x00000000        0x8 ./Platform/rmp_platform_cmx_rvm.o
 .group         0x00000000        0x8 ./Platform/rmp_platform_cmx_rvm.o
 .group         0x00000000        0x8 ./Platform/rmp_platform_cmx_rvm.o
 .group         0x00000000        0x8 ./Platform/rmp_platform_cmx_rvm.o
 .group         0x00000000        0x8 ./Platform/rmp_platform_cmx_rvm.o
 .group         0x00000000        0x8 ./Platform/rmp_platform_cmx_rvm.o
 .group         0x00000000        0x8 ./Platform/rmp_platform_cmx_rvm.o
 .group         0x00000000        0x8 ./Platform/rmp_platform_cmx_rvm.o
 .group         0x00000000        0x8 ./Platform/rmp_platform_cmx_rvm.o
 .group         0x00000000        0x8 ./Platform/rmp_platform_cmx_rvm.o
 .group         0x00000000        0x8 ./Platform/rmp_platform_cmx_rvm.o
 .group         0x00000000        0x8 ./Platform/rmp_platform_cmx_rvm.o
 .group         0x00000000        0x8 ./Platform/rmp_platform_cmx_rvm.o
 .group         0x00000000        0x8 ./Platform/rmp_platform_cmx_rvm.o
 .group         0x00000000        0x8 ./Platform/rmp_platform_cmx_rvm.o
 .group         0x00000000        0x8 ./Platform/rmp_platform_cmx_rvm.o
 .group         0x00000000        0x8 ./Platform/rmp_platform_cmx_rvm.o
 .group         0x00000000        0x8 ./Platform/rmp_platform_cmx_rvm.o
 .group         0x00000000        0x8 ./Platform/rmp_platform_cmx_rvm.o
 .group         0x00000000        0x8 ./Platform/rmp_platform_cmx_rvm.o
 .group         0x00000000        0x8 ./Platform/rmp_platform_cmx_rvm.o
 .group         0x00000000        0x8 ./Platform/rmp_platform_cmx_rvm.o
 .group         0x00000000        0x8 ./Platform/rmp_platform_cmx_rvm.o
 .group         0x00000000        0x8 ./Platform/rmp_platform_cmx_rvm.o
 .group         0x00000000        0x8 ./Platform/rmp_platform_cmx_rvm.o
 .group         0x00000000        0x8 ./Platform/rmp_platform_cmx_rvm.o
 .group         0x00000000        0x8 ./Platform/rmp_platform_cmx_rvm.o
 .group         0x00000000        0x8 ./Platform/rmp_platform_cmx_rvm.o
 .group         0x00000000        0x8 ./Platform/rmp_platform_cmx_rvm.o
 .group         0x00000000        0x8 ./Platform/rmp_platform_cmx_rvm.o
 .group         0x00000000        0x8 ./Platform/rmp_platform_cmx_rvm.o
 .group         0x00000000        0x8 ./Platform/rmp_platform_cmx_rvm.o
 .group         0x00000000        0x8 ./Platform/rmp_platform_cmx_rvm.o
 .group         0x00000000        0x8 ./Platform/rmp_platform_cmx_rvm.o
 .group         0x00000000        0x8 ./Platform/rmp_platform_cmx_rvm.o
 .group         0x00000000        0x8 ./Platform/rmp_platform_cmx_rvm.o
 .group         0x00000000        0x8 ./Platform/rmp_platform_cmx_rvm.o
 .group         0x00000000        0x8 ./Platform/rmp_platform_cmx_rvm.o
 .group         0x00000000        0x8 ./Platform/rmp_platform_cmx_rvm.o
 .group         0x00000000        0x8 ./Platform/rmp_platform_cmx_rvm.o
 .group         0x00000000        0x8 ./Platform/rmp_platform_cmx_rvm.o
 .group         0x00000000        0x8 ./Platform/rmp_platform_cmx_rvm.o
 .group         0x00000000        0x8 ./Platform/rmp_platform_cmx_rvm.o
 .group         0x00000000        0x8 ./Platform/rmp_platform_cmx_rvm.o
 .group         0x00000000        0x8 ./Platform/rmp_platform_cmx_rvm.o
 .group         0x00000000        0x8 ./Platform/rmp_platform_cmx_rvm.o
 .group         0x00000000        0x8 ./Platform/rmp_platform_cmx_rvm.o
 .group         0x00000000        0x8 ./Platform/rmp_platform_cmx_rvm.o
 .group         0x00000000        0x8 ./Platform/rmp_platform_cmx_rvm.o
 .group         0x00000000        0x8 ./Platform/rmp_platform_cmx_rvm.o
 .group         0x00000000        0x8 ./Platform/rmp_platform_cmx_rvm.o
 .group         0x00000000        0x8 ./Platform/rmp_platform_cmx_rvm.o
 .group         0x00000000        0x8 ./Platform/rmp_platform_cmx_rvm.o
 .group         0x00000000        0x8 ./Platform/rmp_platform_cmx_rvm.o
 .group         0x00000000        0x8 ./Platform/rmp_platform_cmx_rvm.o
 .group         0x00000000        0x8 ./Platform/rmp_platform_cmx_rvm.o
 .group         0x00000000        0x8 ./Platform/rmp_platform_cmx_rvm.o
 .group         0x00000000        0x8 ./Platform/rmp_platform_cmx_rvm.o
 .group         0x00000000        0x8 ./Platform/rmp_platform_cmx_rvm.o
 .group         0x00000000        0x8 ./Platform/rmp_platform_cmx_rvm.o
 .group         0x00000000        0x8 ./Platform/rmp_platform_cmx_rvm.o
 .group         0x00000000        0x8 ./Platform/rmp_platform_cmx_rvm.o
 .group         0x00000000        0x8 ./Platform/rmp_platform_cmx_rvm.o
 .group         0x00000000        0x8 ./Platform/rmp_platform_cmx_rvm.o
 .group         0x00000000        0x8 ./Platform/rmp_platform_cmx_rvm.o
 .group         0x00000000        0x8 ./Platform/rmp_platform_cmx_rvm.o
 .text          0x00000000        0x0 ./Platform/rmp_platform_cmx_rvm.o
 .data          0x00000000        0x0 ./Platform/rmp_platform_cmx_rvm.o
 .bss           0x00000000        0x0 ./Platform/rmp_platform_cmx_rvm.o
 .text._RMP_Stack_Init
                0x00000000       0x1c ./Platform/rmp_platform_cmx_rvm.o
 .text.RMP_Putchar
                0x00000000       0x48 ./Platform/rmp_platform_cmx_rvm.o
 .text.RMP_Disable_Int
                0x00000000        0x4 ./Platform/rmp_platform_cmx_rvm.o
 .text.RMP_Enable_Int
                0x00000000        0x4 ./Platform/rmp_platform_cmx_rvm.o
 .debug_macro   0x00000000      0x886 ./Platform/rmp_platform_cmx_rvm.o
 .debug_macro   0x00000000       0x58 ./Platform/rmp_platform_cmx_rvm.o
 .debug_macro   0x00000000      0x227 ./Platform/rmp_platform_cmx_rvm.o
 .debug_macro   0x00000000       0x46 ./Platform/rmp_platform_cmx_rvm.o
 .debug_macro   0x00000000       0x2e ./Platform/rmp_platform_cmx_rvm.o
 .debug_macro   0x00000000       0x3b ./Platform/rmp_platform_cmx_rvm.o
 .debug_macro   0x00000000      0x34e ./Platform/rmp_platform_cmx_rvm.o
 .debug_macro   0x00000000       0x35 ./Platform/rmp_platform_cmx_rvm.o
 .debug_macro   0x00000000       0x50 ./Platform/rmp_platform_cmx_rvm.o
 .debug_macro   0x00000000     0x1114 ./Platform/rmp_platform_cmx_rvm.o
 .debug_macro   0x00000000    0x19f38 ./Platform/rmp_platform_cmx_rvm.o
 .debug_macro   0x00000000       0x43 ./Platform/rmp_platform_cmx_rvm.o
 .debug_macro   0x00000000      0x252 ./Platform/rmp_platform_cmx_rvm.o
 .debug_macro   0x00000000     0x35cf ./Platform/rmp_platform_cmx_rvm.o
 .debug_macro   0x00000000       0x22 ./Platform/rmp_platform_cmx_rvm.o
 .debug_macro   0x00000000       0x4c ./Platform/rmp_platform_cmx_rvm.o
 .debug_macro   0x00000000       0x8d ./Platform/rmp_platform_cmx_rvm.o
 .debug_macro   0x00000000       0x35 ./Platform/rmp_platform_cmx_rvm.o
 .debug_macro   0x00000000       0x9c ./Platform/rmp_platform_cmx_rvm.o
 .debug_macro   0x00000000       0x16 ./Platform/rmp_platform_cmx_rvm.o
 .debug_macro   0x00000000       0x4a ./Platform/rmp_platform_cmx_rvm.o
 .debug_macro   0x00000000       0x97 ./Platform/rmp_platform_cmx_rvm.o
 .debug_macro   0x00000000      0x30d ./Platform/rmp_platform_cmx_rvm.o
 .debug_macro   0x00000000       0xfd ./Platform/rmp_platform_cmx_rvm.o
 .debug_macro   0x00000000       0x10 ./Platform/rmp_platform_cmx_rvm.o
 .debug_macro   0x00000000       0x52 ./Platform/rmp_platform_cmx_rvm.o
 .debug_macro   0x00000000       0x1f ./Platform/rmp_platform_cmx_rvm.o
 .debug_macro   0x00000000       0x43 ./Platform/rmp_platform_cmx_rvm.o
 .debug_macro   0x00000000       0x20 ./Platform/rmp_platform_cmx_rvm.o
 .debug_macro   0x00000000      0x187 ./Platform/rmp_platform_cmx_rvm.o
 .debug_macro   0x00000000       0x10 ./Platform/rmp_platform_cmx_rvm.o
 .debug_macro   0x00000000       0x5e ./Platform/rmp_platform_cmx_rvm.o
 .debug_macro   0x00000000       0x1c ./Platform/rmp_platform_cmx_rvm.o
 .debug_macro   0x00000000       0x52 ./Platform/rmp_platform_cmx_rvm.o
 .debug_macro   0x00000000       0x40 ./Platform/rmp_platform_cmx_rvm.o
 .debug_macro   0x00000000       0x10 ./Platform/rmp_platform_cmx_rvm.o
 .debug_macro   0x00000000       0x40 ./Platform/rmp_platform_cmx_rvm.o
 .debug_macro   0x00000000       0xd7 ./Platform/rmp_platform_cmx_rvm.o
 .debug_macro   0x00000000       0x16 ./Platform/rmp_platform_cmx_rvm.o
 .debug_macro   0x00000000      0x18b ./Platform/rmp_platform_cmx_rvm.o
 .debug_macro   0x00000000       0x5e ./Platform/rmp_platform_cmx_rvm.o
 .debug_macro   0x00000000     0x1add ./Platform/rmp_platform_cmx_rvm.o
 .debug_macro   0x00000000      0x6ca ./Platform/rmp_platform_cmx_rvm.o
 .debug_macro   0x00000000      0x11e ./Platform/rmp_platform_cmx_rvm.o
 .debug_macro   0x00000000      0x277 ./Platform/rmp_platform_cmx_rvm.o
 .debug_macro   0x00000000       0x27 ./Platform/rmp_platform_cmx_rvm.o
 .debug_macro   0x00000000      0x24f ./Platform/rmp_platform_cmx_rvm.o
 .debug_macro   0x00000000       0x71 ./Platform/rmp_platform_cmx_rvm.o
 .debug_macro   0x00000000       0x58 ./Platform/rmp_platform_cmx_rvm.o
 .debug_macro   0x00000000      0x23a ./Platform/rmp_platform_cmx_rvm.o
 .debug_macro   0x00000000      0x408 ./Platform/rmp_platform_cmx_rvm.o
 .debug_macro   0x00000000      0x161 ./Platform/rmp_platform_cmx_rvm.o
 .debug_macro   0x00000000      0x100 ./Platform/rmp_platform_cmx_rvm.o
 .debug_macro   0x00000000      0x3f3 ./Platform/rmp_platform_cmx_rvm.o
 .debug_macro   0x00000000      0x2e2 ./Platform/rmp_platform_cmx_rvm.o
 .debug_macro   0x00000000       0xab ./Platform/rmp_platform_cmx_rvm.o
 .debug_macro   0x00000000       0x4c ./Platform/rmp_platform_cmx_rvm.o
 .debug_macro   0x00000000       0x2e ./Platform/rmp_platform_cmx_rvm.o
 .debug_macro   0x00000000      0x22b ./Platform/rmp_platform_cmx_rvm.o
 .debug_macro   0x00000000       0xe5 ./Platform/rmp_platform_cmx_rvm.o
 .debug_macro   0x00000000       0xa1 ./Platform/rmp_platform_cmx_rvm.o
 .debug_macro   0x00000000       0x3c ./Platform/rmp_platform_cmx_rvm.o
 .debug_macro   0x00000000      0x22c ./Platform/rmp_platform_cmx_rvm.o
 .debug_macro   0x00000000      0xcd5 ./Platform/rmp_platform_cmx_rvm.o
 .debug_macro   0x00000000      0x156 ./Platform/rmp_platform_cmx_rvm.o
 .debug_macro   0x00000000      0x3de ./Platform/rmp_platform_cmx_rvm.o
 .debug_macro   0x00000000       0x12 ./Platform/rmp_platform_cmx_rvm.o
 .debug_macro   0x00000000      0x516 ./Platform/rmp_platform_cmx_rvm.o
 .debug_macro   0x00000000       0x88 ./Platform/rmp_platform_cmx_rvm.o
 .debug_macro   0x00000000       0xe3 ./Platform/rmp_platform_cmx_rvm.o
 .debug_macro   0x00000000       0x10 ./Platform/rmp_platform_cmx_rvm.o
 .debug_macro   0x00000000      0x209 ./Platform/rmp_platform_cmx_rvm.o
 .debug_macro   0x00000000       0x61 ./Platform/rmp_platform_cmx_rvm.o
 .debug_macro   0x00000000       0x90 ./Platform/rmp_platform_cmx_rvm.o
 .debug_macro   0x00000000      0x1b5 ./Platform/rmp_platform_cmx_rvm.o
 .debug_macro   0x00000000       0x87 ./Platform/rmp_platform_cmx_rvm.o
 .debug_macro   0x00000000      0x28d ./Platform/rmp_platform_cmx_rvm.o
 .debug_macro   0x00000000      0x255 ./Platform/rmp_platform_cmx_rvm.o
 .debug_macro   0x00000000      0x132 ./Platform/rmp_platform_cmx_rvm.o
 .debug_macro   0x00000000      0x10c ./Platform/rmp_platform_cmx_rvm.o
 .debug_macro   0x00000000       0x35 ./Platform/rmp_platform_cmx_rvm.o
 .debug_macro   0x00000000      0x2e2 ./Platform/rmp_platform_cmx_rvm.o
 .debug_macro   0x00000000       0x7b ./Platform/rmp_platform_cmx_rvm.o
 .debug_macro   0x00000000      0x313 ./Platform/rmp_platform_cmx_rvm.o
 .debug_macro   0x00000000      0x4da ./Platform/rmp_platform_cmx_rvm.o
 .debug_macro   0x00000000       0xd6 ./Platform/rmp_platform_cmx_rvm.o
 .debug_macro   0x00000000      0x447 ./Platform/rmp_platform_cmx_rvm.o
 .debug_macro   0x00000000      0x757 ./Platform/rmp_platform_cmx_rvm.o
 .debug_macro   0x00000000      0x198 ./Platform/rmp_platform_cmx_rvm.o
 .debug_macro   0x00000000      0x1ed ./Platform/rmp_platform_cmx_rvm.o
 .debug_macro   0x00000000      0x2e2 ./Platform/rmp_platform_cmx_rvm.o
 .debug_macro   0x00000000      0x65b ./Platform/rmp_platform_cmx_rvm.o
 .debug_macro   0x00000000      0x2aa ./Platform/rmp_platform_cmx_rvm.o
 .debug_macro   0x00000000      0x169 ./Platform/rmp_platform_cmx_rvm.o
 .debug_macro   0x00000000      0x4e8 ./Platform/rmp_platform_cmx_rvm.o
 .debug_macro   0x00000000       0x47 ./Platform/rmp_platform_cmx_rvm.o
 .debug_macro   0x00000000      0x1df ./Platform/rmp_platform_cmx_rvm.o
 .debug_macro   0x00000000       0x29 ./Platform/rmp_platform_cmx_rvm.o
 .debug_macro   0x00000000       0x58 ./Platform/rmp_platform_cmx_rvm.o
 .debug_macro   0x00000000      0x1f4 ./Platform/rmp_platform_cmx_rvm.o
 .debug_macro   0x00000000       0x30 ./Platform/rmp_platform_cmx_rvm.o
 .debug_macro   0x00000000       0x58 ./Platform/rmp_platform_cmx_rvm.o
 .debug_macro   0x00000000      0x2f7 ./Platform/rmp_platform_cmx_rvm.o
 .debug_macro   0x00000000       0x5e ./Platform/rmp_platform_cmx_rvm.o
 .debug_macro   0x00000000       0xa5 ./Platform/rmp_platform_cmx_rvm.o
 .debug_macro   0x00000000       0x89 ./Platform/rmp_platform_cmx_rvm.o
 .debug_macro   0x00000000      0x1f4 ./Platform/rmp_platform_cmx_rvm.o
 .debug_macro   0x00000000      0x120 ./Platform/rmp_platform_cmx_rvm.o
 .debug_macro   0x00000000       0x75 ./Platform/rmp_platform_cmx_rvm.o
 .debug_macro   0x00000000      0x2a3 ./Platform/rmp_platform_cmx_rvm.o
 .debug_macro   0x00000000      0x137 ./Platform/rmp_platform_cmx_rvm.o
 .debug_macro   0x00000000      0x2c4 ./Platform/rmp_platform_cmx_rvm.o
 .debug_macro   0x00000000      0x16c ./Platform/rmp_platform_cmx_rvm.o
 .debug_macro   0x00000000       0x2e ./Platform/rmp_platform_cmx_rvm.o
 .debug_macro   0x00000000       0xfb ./Platform/rmp_platform_cmx_rvm.o
 .debug_macro   0x00000000       0x16 ./Platform/rmp_platform_cmx_rvm.o
 .debug_macro   0x00000000       0x19 ./Platform/rmp_platform_cmx_rvm.o
 .debug_macro   0x00000000       0x35 ./Platform/rmp_platform_cmx_rvm.o
 .data          0x00000000        0x0 ./Platform/rmp_platform_cmx_rvm_asm_gcc.o
 .bss           0x00000000        0x0 ./Platform/rmp_platform_cmx_rvm_asm_gcc.o
 .group         0x00000000        0x8 ./Lib/rvm_guest_cmx.o
 .group         0x00000000        0x8 ./Lib/rvm_guest_cmx.o
 .group         0x00000000        0x8 ./Lib/rvm_guest_cmx.o
 .group         0x00000000        0x8 ./Lib/rvm_guest_cmx.o
 .text          0x00000000        0x0 ./Lib/rvm_guest_cmx.o
 .data          0x00000000        0x0 ./Lib/rvm_guest_cmx.o
 .bss           0x00000000        0x0 ./Lib/rvm_guest_cmx.o
 .text.RVM_Disable_Int
                0x00000000       0x24 ./Lib/rvm_guest_cmx.o
 .text.RVM_Reg_Int
                0x00000000       0x28 ./Lib/rvm_guest_cmx.o
 .text.RVM_Del_Int
                0x00000000       0x20 ./Lib/rvm_guest_cmx.o
 .text.RVM_Reg_Evt
                0x00000000       0x20 ./Lib/rvm_guest_cmx.o
 .text.RVM_Del_Evt
                0x00000000       0x20 ./Lib/rvm_guest_cmx.o
 .text.RVM_Wait_Evt
                0x00000000       0x20 ./Lib/rvm_guest_cmx.o
 .text.RVM_Send_Evt
                0x00000000       0x20 ./Lib/rvm_guest_cmx.o
 .text.RVM_Query_Evt
                0x00000000       0x20 ./Lib/rvm_guest_cmx.o
 .text.RVM_Query_VM
                0x00000000       0x74 ./Lib/rvm_guest_cmx.o
 .text.RVM_Tim_Prog
                0x00000000       0x20 ./Lib/rvm_guest_cmx.o
 .text.RVM_Print
                0x00000000       0x20 ./Lib/rvm_guest_cmx.o
 .text.RVM_HW_Int_Enable
                0x00000000       0x14 ./Lib/rvm_guest_cmx.o
 .text.RVM_HW_Int_Disable
                0x00000000       0x14 ./Lib/rvm_guest_cmx.o
 .text.RVM_HW_Int_Prio
                0x00000000       0x14 ./Lib/rvm_guest_cmx.o
 .debug_macro   0x00000000      0x886 ./Lib/rvm_guest_cmx.o
 .debug_macro   0x00000000      0x227 ./Lib/rvm_guest_cmx.o
 .debug_macro   0x00000000       0x46 ./Lib/rvm_guest_cmx.o
 .data          0x00000000        0x0 ./Lib/rvm_guest_cmx_asm_gcc.o
 .bss           0x00000000        0x0 ./Lib/rvm_guest_cmx_asm_gcc.o
 .group         0x00000000        0x8 ./Kernel/rmp_kernel.o
 .group         0x00000000        0x8 ./Kernel/rmp_kernel.o
 .group         0x00000000        0x8 ./Kernel/rmp_kernel.o
 .group         0x00000000        0x8 ./Kernel/rmp_kernel.o
 .group         0x00000000        0x8 ./Kernel/rmp_kernel.o
 .group         0x00000000        0x8 ./Kernel/rmp_kernel.o
 .group         0x00000000        0x8 ./Kernel/rmp_kernel.o
 .group         0x00000000        0x8 ./Kernel/rmp_kernel.o
 .group         0x00000000        0x8 ./Kernel/rmp_kernel.o
 .group         0x00000000        0x8 ./Kernel/rmp_kernel.o
 .group         0x00000000        0x8 ./Kernel/rmp_kernel.o
 .group         0x00000000        0x8 ./Kernel/rmp_kernel.o
 .group         0x00000000        0x8 ./Kernel/rmp_kernel.o
 .group         0x00000000        0x8 ./Kernel/rmp_kernel.o
 .group         0x00000000        0x8 ./Kernel/rmp_kernel.o
 .group         0x00000000        0x8 ./Kernel/rmp_kernel.o
 .group         0x00000000        0x8 ./Kernel/rmp_kernel.o
 .group         0x00000000        0x8 ./Kernel/rmp_kernel.o
 .group         0x00000000        0x8 ./Kernel/rmp_kernel.o
 .group         0x00000000        0x8 ./Kernel/rmp_kernel.o
 .group         0x00000000        0x8 ./Kernel/rmp_kernel.o
 .group         0x00000000        0x8 ./Kernel/rmp_kernel.o
 .group         0x00000000        0x8 ./Kernel/rmp_kernel.o
 .group         0x00000000        0x8 ./Kernel/rmp_kernel.o
 .group         0x00000000        0x8 ./Kernel/rmp_kernel.o
 .group         0x00000000        0x8 ./Kernel/rmp_kernel.o
 .group         0x00000000        0x8 ./Kernel/rmp_kernel.o
 .group         0x00000000        0x8 ./Kernel/rmp_kernel.o
 .group         0x00000000        0x8 ./Kernel/rmp_kernel.o
 .group         0x00000000        0x8 ./Kernel/rmp_kernel.o
 .group         0x00000000        0x8 ./Kernel/rmp_kernel.o
 .group         0x00000000        0x8 ./Kernel/rmp_kernel.o
 .group         0x00000000        0x8 ./Kernel/rmp_kernel.o
 .group         0x00000000        0x8 ./Kernel/rmp_kernel.o
 .group         0x00000000        0x8 ./Kernel/rmp_kernel.o
 .group         0x00000000        0x8 ./Kernel/rmp_kernel.o
 .group         0x00000000        0x8 ./Kernel/rmp_kernel.o
 .group         0x00000000        0x8 ./Kernel/rmp_kernel.o
 .group         0x00000000        0x8 ./Kernel/rmp_kernel.o
 .group         0x00000000        0x8 ./Kernel/rmp_kernel.o
 .group         0x00000000        0x8 ./Kernel/rmp_kernel.o
 .group         0x00000000        0x8 ./Kernel/rmp_kernel.o
 .group         0x00000000        0x8 ./Kernel/rmp_kernel.o
 .group         0x00000000        0x8 ./Kernel/rmp_kernel.o
 .group         0x00000000        0x8 ./Kernel/rmp_kernel.o
 .group         0x00000000        0x8 ./Kernel/rmp_kernel.o
 .group         0x00000000        0x8 ./Kernel/rmp_kernel.o
 .group         0x00000000        0x8 ./Kernel/rmp_kernel.o
 .group         0x00000000        0x8 ./Kernel/rmp_kernel.o
 .group         0x00000000        0x8 ./Kernel/rmp_kernel.o
 .group         0x00000000        0x8 ./Kernel/rmp_kernel.o
 .group         0x00000000        0x8 ./Kernel/rmp_kernel.o
 .group         0x00000000        0x8 ./Kernel/rmp_kernel.o
 .group         0x00000000        0x8 ./Kernel/rmp_kernel.o
 .group         0x00000000        0x8 ./Kernel/rmp_kernel.o
 .group         0x00000000        0x8 ./Kernel/rmp_kernel.o
 .group         0x00000000        0x8 ./Kernel/rmp_kernel.o
 .group         0x00000000        0x8 ./Kernel/rmp_kernel.o
 .group         0x00000000        0x8 ./Kernel/rmp_kernel.o
 .group         0x00000000        0x8 ./Kernel/rmp_kernel.o
 .group         0x00000000        0x8 ./Kernel/rmp_kernel.o
 .group         0x00000000        0x8 ./Kernel/rmp_kernel.o
 .group         0x00000000        0x8 ./Kernel/rmp_kernel.o
 .group         0x00000000        0x8 ./Kernel/rmp_kernel.o
 .group         0x00000000        0x8 ./Kernel/rmp_kernel.o
 .group         0x00000000        0x8 ./Kernel/rmp_kernel.o
 .group         0x00000000        0x8 ./Kernel/rmp_kernel.o
 .group         0x00000000        0x8 ./Kernel/rmp_kernel.o
 .group         0x00000000        0x8 ./Kernel/rmp_kernel.o
 .group         0x00000000        0x8 ./Kernel/rmp_kernel.o
 .group         0x00000000        0x8 ./Kernel/rmp_kernel.o
 .group         0x00000000        0x8 ./Kernel/rmp_kernel.o
 .group         0x00000000        0x8 ./Kernel/rmp_kernel.o
 .group         0x00000000        0x8 ./Kernel/rmp_kernel.o
 .group         0x00000000        0x8 ./Kernel/rmp_kernel.o
 .group         0x00000000        0x8 ./Kernel/rmp_kernel.o
 .group         0x00000000        0x8 ./Kernel/rmp_kernel.o
 .group         0x00000000        0x8 ./Kernel/rmp_kernel.o
 .group         0x00000000        0x8 ./Kernel/rmp_kernel.o
 .group         0x00000000        0x8 ./Kernel/rmp_kernel.o
 .group         0x00000000        0x8 ./Kernel/rmp_kernel.o
 .group         0x00000000        0x8 ./Kernel/rmp_kernel.o
 .group         0x00000000        0x8 ./Kernel/rmp_kernel.o
 .group         0x00000000        0x8 ./Kernel/rmp_kernel.o
 .group         0x00000000        0x8 ./Kernel/rmp_kernel.o
 .group         0x00000000        0x8 ./Kernel/rmp_kernel.o
 .group         0x00000000        0x8 ./Kernel/rmp_kernel.o
 .group         0x00000000        0x8 ./Kernel/rmp_kernel.o
 .group         0x00000000        0x8 ./Kernel/rmp_kernel.o
 .group         0x00000000        0x8 ./Kernel/rmp_kernel.o
 .group         0x00000000        0x8 ./Kernel/rmp_kernel.o
 .group         0x00000000        0x8 ./Kernel/rmp_kernel.o
 .group         0x00000000        0x8 ./Kernel/rmp_kernel.o
 .group         0x00000000        0x8 ./Kernel/rmp_kernel.o
 .group         0x00000000        0x8 ./Kernel/rmp_kernel.o
 .group         0x00000000        0x8 ./Kernel/rmp_kernel.o
 .group         0x00000000        0x8 ./Kernel/rmp_kernel.o
 .group         0x00000000        0x8 ./Kernel/rmp_kernel.o
 .group         0x00000000        0x8 ./Kernel/rmp_kernel.o
 .group         0x00000000        0x8 ./Kernel/rmp_kernel.o
 .group         0x00000000        0x8 ./Kernel/rmp_kernel.o
 .group         0x00000000        0x8 ./Kernel/rmp_kernel.o
 .group         0x00000000        0x8 ./Kernel/rmp_kernel.o
 .group         0x00000000        0x8 ./Kernel/rmp_kernel.o
 .group         0x00000000        0x8 ./Kernel/rmp_kernel.o
 .group         0x00000000        0x8 ./Kernel/rmp_kernel.o
 .group         0x00000000        0x8 ./Kernel/rmp_kernel.o
 .group         0x00000000        0x8 ./Kernel/rmp_kernel.o
 .group         0x00000000        0x8 ./Kernel/rmp_kernel.o
 .group         0x00000000        0x8 ./Kernel/rmp_kernel.o
 .group         0x00000000        0x8 ./Kernel/rmp_kernel.o
 .group         0x00000000        0x8 ./Kernel/rmp_kernel.o
 .group         0x00000000        0x8 ./Kernel/rmp_kernel.o
 .group         0x00000000        0x8 ./Kernel/rmp_kernel.o
 .group         0x00000000        0x8 ./Kernel/rmp_kernel.o
 .group         0x00000000        0x8 ./Kernel/rmp_kernel.o
 .group         0x00000000        0x8 ./Kernel/rmp_kernel.o
 .group         0x00000000        0x8 ./Kernel/rmp_kernel.o
 .group         0x00000000        0x8 ./Kernel/rmp_kernel.o
 .text          0x00000000        0x0 ./Kernel/rmp_kernel.o
 .data          0x00000000        0x0 ./Kernel/rmp_kernel.o
 .bss           0x00000000        0x0 ./Kernel/rmp_kernel.o
 .text.RMP_Clear
                0x00000000       0x98 ./Kernel/rmp_kernel.o
 .text.RMP_Print_Int
                0x00000000       0xcc ./Kernel/rmp_kernel.o
 .text.RMP_Print_Uint
                0x00000000       0x58 ./Kernel/rmp_kernel.o
 .text.RMP_Print_String
                0x00000000       0x20 ./Kernel/rmp_kernel.o
 .text.RMP_List_Crt
                0x00000000        0x8 ./Kernel/rmp_kernel.o
 .text.RMP_List_Del
                0x00000000        0x8 ./Kernel/rmp_kernel.o
 .text.RMP_List_Ins
                0x00000000        0xc ./Kernel/rmp_kernel.o
 .text.RMP_CRC16
                0x00000000       0x4c ./Kernel/rmp_kernel.o
 .text.RMP_Lock_Sched
                0x00000000       0x20 ./Kernel/rmp_kernel.o
 .text.RMP_Yield
                0x00000000       0x1c ./Kernel/rmp_kernel.o
 .text._RMP_Get_Near_Ticks
                0x00000000       0x30 ./Kernel/rmp_kernel.o
 .text.RMP_Thd_Crt
                0x00000000      0x168 ./Kernel/rmp_kernel.o
 .text.RMP_Thd_Del
                0x00000000      0x1d4 ./Kernel/rmp_kernel.o
 .text.RMP_Thd_Set
                0x00000000      0x188 ./Kernel/rmp_kernel.o
 .text.RMP_Thd_Suspend
                0x00000000      0x14c ./Kernel/rmp_kernel.o
 .text.RMP_Thd_Resume
                0x00000000      0x138 ./Kernel/rmp_kernel.o
 .text.RMP_Thd_Snd
                0x00000000      0x2b8 ./Kernel/rmp_kernel.o
 .text.RMP_Thd_Snd_ISR
                0x00000000       0xd8 ./Kernel/rmp_kernel.o
 .text.RMP_Thd_Rcv
                0x00000000      0x334 ./Kernel/rmp_kernel.o
 .text.RMP_Thd_Delay
                0x00000000      0x118 ./Kernel/rmp_kernel.o
 .text.RMP_Thd_Cancel
                0x00000000      0x11c ./Kernel/rmp_kernel.o
 .text.RMP_Sem_Crt
                0x00000000       0xe4 ./Kernel/rmp_kernel.o
 .text.RMP_Sem_Del
                0x00000000      0x170 ./Kernel/rmp_kernel.o
 .text.RMP_Sem_Pend
                0x00000000      0x214 ./Kernel/rmp_kernel.o
 .text.RMP_Sem_Abort
                0x00000000      0x178 ./Kernel/rmp_kernel.o
 .text.RMP_Sem_Post
                0x00000000      0x1d8 ./Kernel/rmp_kernel.o
 .text.RMP_Sem_Post_ISR
                0x00000000      0x108 ./Kernel/rmp_kernel.o
 .text.RMP_RBIT_Get
                0x00000000       0x38 ./Kernel/rmp_kernel.o
 .text.RMP_LSB_Get
                0x00000000       0x40 ./Kernel/rmp_kernel.o
 .text.RMP_Mem_Init
                0x00000000      0x14c ./Kernel/rmp_kernel.o
 .text.RMP_Malloc
                0x00000000      0x2a8 ./Kernel/rmp_kernel.o
 .text.RMP_Free
                0x00000000      0x1b8 ./Kernel/rmp_kernel.o
 .rodata        0x00000000      0x100 ./Kernel/rmp_kernel.o
 .rodata.CRC16_High.12476
                0x00000000      0x100 ./Kernel/rmp_kernel.o
 .rodata.RMP_RBIT_Table
                0x00000000      0x100 ./Kernel/rmp_kernel.o
 .debug_macro   0x00000000      0x886 ./Kernel/rmp_kernel.o
 .debug_macro   0x00000000       0x58 ./Kernel/rmp_kernel.o
 .debug_macro   0x00000000      0x227 ./Kernel/rmp_kernel.o
 .debug_macro   0x00000000       0x46 ./Kernel/rmp_kernel.o
 .debug_macro   0x00000000       0x2e ./Kernel/rmp_kernel.o
 .debug_macro   0x00000000       0x3b ./Kernel/rmp_kernel.o
 .debug_macro   0x00000000      0x34e ./Kernel/rmp_kernel.o
 .debug_macro   0x00000000       0x35 ./Kernel/rmp_kernel.o
 .debug_macro   0x00000000       0x50 ./Kernel/rmp_kernel.o
 .debug_macro   0x00000000     0x1114 ./Kernel/rmp_kernel.o
 .debug_macro   0x00000000    0x19f38 ./Kernel/rmp_kernel.o
 .debug_macro   0x00000000       0x43 ./Kernel/rmp_kernel.o
 .debug_macro   0x00000000      0x252 ./Kernel/rmp_kernel.o
 .debug_macro   0x00000000     0x35cf ./Kernel/rmp_kernel.o
 .debug_macro   0x00000000       0x22 ./Kernel/rmp_kernel.o
 .debug_macro   0x00000000       0x4c ./Kernel/rmp_kernel.o
 .debug_macro   0x00000000       0x8d ./Kernel/rmp_kernel.o
 .debug_macro   0x00000000       0x35 ./Kernel/rmp_kernel.o
 .debug_macro   0x00000000       0x9c ./Kernel/rmp_kernel.o
 .debug_macro   0x00000000       0x16 ./Kernel/rmp_kernel.o
 .debug_macro   0x00000000       0x4a ./Kernel/rmp_kernel.o
 .debug_macro   0x00000000       0x97 ./Kernel/rmp_kernel.o
 .debug_macro   0x00000000      0x30d ./Kernel/rmp_kernel.o
 .debug_macro   0x00000000       0xfd ./Kernel/rmp_kernel.o
 .debug_macro   0x00000000       0x10 ./Kernel/rmp_kernel.o
 .debug_macro   0x00000000       0x52 ./Kernel/rmp_kernel.o
 .debug_macro   0x00000000       0x1f ./Kernel/rmp_kernel.o
 .debug_macro   0x00000000       0x43 ./Kernel/rmp_kernel.o
 .debug_macro   0x00000000       0x20 ./Kernel/rmp_kernel.o
 .debug_macro   0x00000000      0x187 ./Kernel/rmp_kernel.o
 .debug_macro   0x00000000       0x10 ./Kernel/rmp_kernel.o
 .debug_macro   0x00000000       0x5e ./Kernel/rmp_kernel.o
 .debug_macro   0x00000000       0x1c ./Kernel/rmp_kernel.o
 .debug_macro   0x00000000       0x52 ./Kernel/rmp_kernel.o
 .debug_macro   0x00000000       0x40 ./Kernel/rmp_kernel.o
 .debug_macro   0x00000000       0x10 ./Kernel/rmp_kernel.o
 .debug_macro   0x00000000       0x40 ./Kernel/rmp_kernel.o
 .debug_macro   0x00000000       0xd7 ./Kernel/rmp_kernel.o
 .debug_macro   0x00000000       0x16 ./Kernel/rmp_kernel.o
 .debug_macro   0x00000000      0x18b ./Kernel/rmp_kernel.o
 .debug_macro   0x00000000       0x5e ./Kernel/rmp_kernel.o
 .debug_macro   0x00000000     0x1add ./Kernel/rmp_kernel.o
 .debug_macro   0x00000000      0x6ca ./Kernel/rmp_kernel.o
 .debug_macro   0x00000000      0x11e ./Kernel/rmp_kernel.o
 .debug_macro   0x00000000      0x277 ./Kernel/rmp_kernel.o
 .debug_macro   0x00000000       0x27 ./Kernel/rmp_kernel.o
 .debug_macro   0x00000000      0x24f ./Kernel/rmp_kernel.o
 .debug_macro   0x00000000       0x71 ./Kernel/rmp_kernel.o
 .debug_macro   0x00000000       0x58 ./Kernel/rmp_kernel.o
 .debug_macro   0x00000000      0x23a ./Kernel/rmp_kernel.o
 .debug_macro   0x00000000      0x408 ./Kernel/rmp_kernel.o
 .debug_macro   0x00000000      0x161 ./Kernel/rmp_kernel.o
 .debug_macro   0x00000000      0x100 ./Kernel/rmp_kernel.o
 .debug_macro   0x00000000      0x3f3 ./Kernel/rmp_kernel.o
 .debug_macro   0x00000000      0x2e2 ./Kernel/rmp_kernel.o
 .debug_macro   0x00000000       0xab ./Kernel/rmp_kernel.o
 .debug_macro   0x00000000       0x4c ./Kernel/rmp_kernel.o
 .debug_macro   0x00000000       0x2e ./Kernel/rmp_kernel.o
 .debug_macro   0x00000000      0x22b ./Kernel/rmp_kernel.o
 .debug_macro   0x00000000       0xe5 ./Kernel/rmp_kernel.o
 .debug_macro   0x00000000       0xa1 ./Kernel/rmp_kernel.o
 .debug_macro   0x00000000       0x3c ./Kernel/rmp_kernel.o
 .debug_macro   0x00000000      0x22c ./Kernel/rmp_kernel.o
 .debug_macro   0x00000000      0xcd5 ./Kernel/rmp_kernel.o
 .debug_macro   0x00000000      0x156 ./Kernel/rmp_kernel.o
 .debug_macro   0x00000000      0x3de ./Kernel/rmp_kernel.o
 .debug_macro   0x00000000       0x12 ./Kernel/rmp_kernel.o
 .debug_macro   0x00000000      0x516 ./Kernel/rmp_kernel.o
 .debug_macro   0x00000000       0x88 ./Kernel/rmp_kernel.o
 .debug_macro   0x00000000       0xe3 ./Kernel/rmp_kernel.o
 .debug_macro   0x00000000       0x10 ./Kernel/rmp_kernel.o
 .debug_macro   0x00000000      0x209 ./Kernel/rmp_kernel.o
 .debug_macro   0x00000000       0x61 ./Kernel/rmp_kernel.o
 .debug_macro   0x00000000       0x90 ./Kernel/rmp_kernel.o
 .debug_macro   0x00000000      0x1b5 ./Kernel/rmp_kernel.o
 .debug_macro   0x00000000       0x87 ./Kernel/rmp_kernel.o
 .debug_macro   0x00000000      0x28d ./Kernel/rmp_kernel.o
 .debug_macro   0x00000000      0x255 ./Kernel/rmp_kernel.o
 .debug_macro   0x00000000      0x132 ./Kernel/rmp_kernel.o
 .debug_macro   0x00000000      0x10c ./Kernel/rmp_kernel.o
 .debug_macro   0x00000000       0x35 ./Kernel/rmp_kernel.o
 .debug_macro   0x00000000      0x2e2 ./Kernel/rmp_kernel.o
 .debug_macro   0x00000000       0x7b ./Kernel/rmp_kernel.o
 .debug_macro   0x00000000      0x313 ./Kernel/rmp_kernel.o
 .debug_macro   0x00000000      0x4da ./Kernel/rmp_kernel.o
 .debug_macro   0x00000000       0xd6 ./Kernel/rmp_kernel.o
 .debug_macro   0x00000000      0x447 ./Kernel/rmp_kernel.o
 .debug_macro   0x00000000      0x757 ./Kernel/rmp_kernel.o
 .debug_macro   0x00000000      0x198 ./Kernel/rmp_kernel.o
 .debug_macro   0x00000000      0x1ed ./Kernel/rmp_kernel.o
 .debug_macro   0x00000000      0x2e2 ./Kernel/rmp_kernel.o
 .debug_macro   0x00000000      0x65b ./Kernel/rmp_kernel.o
 .debug_macro   0x00000000      0x2aa ./Kernel/rmp_kernel.o
 .debug_macro   0x00000000      0x169 ./Kernel/rmp_kernel.o
 .debug_macro   0x00000000      0x4e8 ./Kernel/rmp_kernel.o
 .debug_macro   0x00000000       0x47 ./Kernel/rmp_kernel.o
 .debug_macro   0x00000000      0x1df ./Kernel/rmp_kernel.o
 .debug_macro   0x00000000       0x29 ./Kernel/rmp_kernel.o
 .debug_macro   0x00000000       0x58 ./Kernel/rmp_kernel.o
 .debug_macro   0x00000000      0x1f4 ./Kernel/rmp_kernel.o
 .debug_macro   0x00000000       0x30 ./Kernel/rmp_kernel.o
 .debug_macro   0x00000000       0x58 ./Kernel/rmp_kernel.o
 .debug_macro   0x00000000      0x2f7 ./Kernel/rmp_kernel.o
 .debug_macro   0x00000000       0x5e ./Kernel/rmp_kernel.o
 .debug_macro   0x00000000       0xa5 ./Kernel/rmp_kernel.o
 .debug_macro   0x00000000       0x89 ./Kernel/rmp_kernel.o
 .debug_macro   0x00000000      0x1f4 ./Kernel/rmp_kernel.o
 .debug_macro   0x00000000      0x120 ./Kernel/rmp_kernel.o
 .debug_macro   0x00000000       0x75 ./Kernel/rmp_kernel.o
 .debug_macro   0x00000000      0x2a3 ./Kernel/rmp_kernel.o
 .debug_macro   0x00000000      0x137 ./Kernel/rmp_kernel.o
 .debug_macro   0x00000000      0x2c4 ./Kernel/rmp_kernel.o
 .debug_macro   0x00000000      0x16c ./Kernel/rmp_kernel.o
 .debug_macro   0x00000000       0x2e ./Kernel/rmp_kernel.o
 .debug_macro   0x00000000       0xfb ./Kernel/rmp_kernel.o
 .debug_macro   0x00000000       0x16 ./Kernel/rmp_kernel.o
 .debug_macro   0x00000000       0x19 ./Kernel/rmp_kernel.o
 .debug_macro   0x00000000       0x30 ./Kernel/rmp_kernel.o
 .text          0x00000000        0x0 /home/pry/eclipse/gcc-arm-none-eabi-5_4-2016q3/bin/../lib/gcc/arm-none-eabi/5.4.1/../../../../arm-none-eabi/lib/armv7e-m/softfp/libc.a(lib_a-exit.o)
 .data          0x00000000        0x0 /home/pry/eclipse/gcc-arm-none-eabi-5_4-2016q3/bin/../lib/gcc/arm-none-eabi/5.4.1/../../../../arm-none-eabi/lib/armv7e-m/softfp/libc.a(lib_a-exit.o)
 .bss           0x00000000        0x0 /home/pry/eclipse/gcc-arm-none-eabi-5_4-2016q3/bin/../lib/gcc/arm-none-eabi/5.4.1/../../../../arm-none-eabi/lib/armv7e-m/softfp/libc.a(lib_a-exit.o)
 .text.exit     0x00000000       0x20 /home/pry/eclipse/gcc-arm-none-eabi-5_4-2016q3/bin/../lib/gcc/arm-none-eabi/5.4.1/../../../../arm-none-eabi/lib/armv7e-m/softfp/libc.a(lib_a-exit.o)
 .debug_frame   0x00000000       0x28 /home/pry/eclipse/gcc-arm-none-eabi-5_4-2016q3/bin/../lib/gcc/arm-none-eabi/5.4.1/../../../../arm-none-eabi/lib/armv7e-m/softfp/libc.a(lib_a-exit.o)
 .ARM.attributes
                0x00000000       0x32 /home/pry/eclipse/gcc-arm-none-eabi-5_4-2016q3/bin/../lib/gcc/arm-none-eabi/5.4.1/../../../../arm-none-eabi/lib/armv7e-m/softfp/libc.a(lib_a-exit.o)
 .text          0x00000000        0x0 /home/pry/eclipse/gcc-arm-none-eabi-5_4-2016q3/bin/../lib/gcc/arm-none-eabi/5.4.1/../../../../arm-none-eabi/lib/armv7e-m/softfp/libc.a(lib_a-impure.o)
 .data          0x00000000        0x0 /home/pry/eclipse/gcc-arm-none-eabi-5_4-2016q3/bin/../lib/gcc/arm-none-eabi/5.4.1/../../../../arm-none-eabi/lib/armv7e-m/softfp/libc.a(lib_a-impure.o)
 .bss           0x00000000        0x0 /home/pry/eclipse/gcc-arm-none-eabi-5_4-2016q3/bin/../lib/gcc/arm-none-eabi/5.4.1/../../../../arm-none-eabi/lib/armv7e-m/softfp/libc.a(lib_a-impure.o)
 .data._impure_ptr
                0x00000000        0x4 /home/pry/eclipse/gcc-arm-none-eabi-5_4-2016q3/bin/../lib/gcc/arm-none-eabi/5.4.1/../../../../arm-none-eabi/lib/armv7e-m/softfp/libc.a(lib_a-impure.o)
 .text          0x00000000        0x0 /home/pry/eclipse/gcc-arm-none-eabi-5_4-2016q3/bin/../lib/gcc/arm-none-eabi/5.4.1/../../../../arm-none-eabi/lib/armv7e-m/softfp/libc.a(lib_a-init.o)
 .data          0x00000000        0x0 /home/pry/eclipse/gcc-arm-none-eabi-5_4-2016q3/bin/../lib/gcc/arm-none-eabi/5.4.1/../../../../arm-none-eabi/lib/armv7e-m/softfp/libc.a(lib_a-init.o)
 .bss           0x00000000        0x0 /home/pry/eclipse/gcc-arm-none-eabi-5_4-2016q3/bin/../lib/gcc/arm-none-eabi/5.4.1/../../../../arm-none-eabi/lib/armv7e-m/softfp/libc.a(lib_a-init.o)
 .text          0x00000000      0x134 /home/pry/eclipse/gcc-arm-none-eabi-5_4-2016q3/bin/../lib/gcc/arm-none-eabi/5.4.1/../../../../arm-none-eabi/lib/armv7e-m/softfp/libc.a(lib_a-memcpy.o)
 .data          0x00000000        0x0 /home/pry/eclipse/gcc-arm-none-eabi-5_4-2016q3/bin/../lib/gcc/arm-none-eabi/5.4.1/../../../../arm-none-eabi/lib/armv7e-m/softfp/libc.a(lib_a-memcpy.o)
 .bss           0x00000000        0x0 /home/pry/eclipse/gcc-arm-none-eabi-5_4-2016q3/bin/../lib/gcc/arm-none-eabi/5.4.1/../../../../arm-none-eabi/lib/armv7e-m/softfp/libc.a(lib_a-memcpy.o)
 .ARM.attributes
                0x00000000       0x20 /home/pry/eclipse/gcc-arm-none-eabi-5_4-2016q3/bin/../lib/gcc/arm-none-eabi/5.4.1/../../../../arm-none-eabi/lib/armv7e-m/softfp/libc.a(lib_a-memcpy.o)
 .text          0x00000000        0x0 /home/pry/eclipse/gcc-arm-none-eabi-5_4-2016q3/bin/../lib/gcc/arm-none-eabi/5.4.1/../../../../arm-none-eabi/lib/armv7e-m/softfp/libc.a(lib_a-memset.o)
 .data          0x00000000        0x0 /home/pry/eclipse/gcc-arm-none-eabi-5_4-2016q3/bin/../lib/gcc/arm-none-eabi/5.4.1/../../../../arm-none-eabi/lib/armv7e-m/softfp/libc.a(lib_a-memset.o)
 .bss           0x00000000        0x0 /home/pry/eclipse/gcc-arm-none-eabi-5_4-2016q3/bin/../lib/gcc/arm-none-eabi/5.4.1/../../../../arm-none-eabi/lib/armv7e-m/softfp/libc.a(lib_a-memset.o)
 .text.memset   0x00000000       0x9c /home/pry/eclipse/gcc-arm-none-eabi-5_4-2016q3/bin/../lib/gcc/arm-none-eabi/5.4.1/../../../../arm-none-eabi/lib/armv7e-m/softfp/libc.a(lib_a-memset.o)
 .debug_frame   0x00000000       0x34 /home/pry/eclipse/gcc-arm-none-eabi-5_4-2016q3/bin/../lib/gcc/arm-none-eabi/5.4.1/../../../../arm-none-eabi/lib/armv7e-m/softfp/libc.a(lib_a-memset.o)
 .ARM.attributes
                0x00000000       0x32 /home/pry/eclipse/gcc-arm-none-eabi-5_4-2016q3/bin/../lib/gcc/arm-none-eabi/5.4.1/../../../../arm-none-eabi/lib/armv7e-m/softfp/libc.a(lib_a-memset.o)
 .text          0x00000000        0x0 /home/pry/eclipse/gcc-arm-none-eabi-5_4-2016q3/bin/../lib/gcc/arm-none-eabi/5.4.1/../../../../arm-none-eabi/lib/armv7e-m/softfp/libc.a(lib_a-__call_atexit.o)
 .data          0x00000000        0x0 /home/pry/eclipse/gcc-arm-none-eabi-5_4-2016q3/bin/../lib/gcc/arm-none-eabi/5.4.1/../../../../arm-none-eabi/lib/armv7e-m/softfp/libc.a(lib_a-__call_atexit.o)
 .bss           0x00000000        0x0 /home/pry/eclipse/gcc-arm-none-eabi-5_4-2016q3/bin/../lib/gcc/arm-none-eabi/5.4.1/../../../../arm-none-eabi/lib/armv7e-m/softfp/libc.a(lib_a-__call_atexit.o)
 .text.__call_exitprocs
                0x00000000       0xd8 /home/pry/eclipse/gcc-arm-none-eabi-5_4-2016q3/bin/../lib/gcc/arm-none-eabi/5.4.1/../../../../arm-none-eabi/lib/armv7e-m/softfp/libc.a(lib_a-__call_atexit.o)
 .text          0x00000000        0x0 /home/pry/eclipse/gcc-arm-none-eabi-5_4-2016q3/bin/../lib/gcc/arm-none-eabi/5.4.1/../../../../arm-none-eabi/lib/armv7e-m/softfp/libc.a(lib_a-atexit.o)
 .data          0x00000000        0x0 /home/pry/eclipse/gcc-arm-none-eabi-5_4-2016q3/bin/../lib/gcc/arm-none-eabi/5.4.1/../../../../arm-none-eabi/lib/armv7e-m/softfp/libc.a(lib_a-atexit.o)
 .bss           0x00000000        0x0 /home/pry/eclipse/gcc-arm-none-eabi-5_4-2016q3/bin/../lib/gcc/arm-none-eabi/5.4.1/../../../../arm-none-eabi/lib/armv7e-m/softfp/libc.a(lib_a-atexit.o)
 .text          0x00000000        0x0 /home/pry/eclipse/gcc-arm-none-eabi-5_4-2016q3/bin/../lib/gcc/arm-none-eabi/5.4.1/../../../../arm-none-eabi/lib/armv7e-m/softfp/libc.a(lib_a-fini.o)
 .data          0x00000000        0x0 /home/pry/eclipse/gcc-arm-none-eabi-5_4-2016q3/bin/../lib/gcc/arm-none-eabi/5.4.1/../../../../arm-none-eabi/lib/armv7e-m/softfp/libc.a(lib_a-fini.o)
 .bss           0x00000000        0x0 /home/pry/eclipse/gcc-arm-none-eabi-5_4-2016q3/bin/../lib/gcc/arm-none-eabi/5.4.1/../../../../arm-none-eabi/lib/armv7e-m/softfp/libc.a(lib_a-fini.o)
 .text          0x00000000        0x0 /home/pry/eclipse/gcc-arm-none-eabi-5_4-2016q3/bin/../lib/gcc/arm-none-eabi/5.4.1/../../../../arm-none-eabi/lib/armv7e-m/softfp/libc.a(lib_a-__atexit.o)
 .data          0x00000000        0x0 /home/pry/eclipse/gcc-arm-none-eabi-5_4-2016q3/bin/../lib/gcc/arm-none-eabi/5.4.1/../../../../arm-none-eabi/lib/armv7e-m/softfp/libc.a(lib_a-__atexit.o)
 .bss           0x00000000        0x0 /home/pry/eclipse/gcc-arm-none-eabi-5_4-2016q3/bin/../lib/gcc/arm-none-eabi/5.4.1/../../../../arm-none-eabi/lib/armv7e-m/softfp/libc.a(lib_a-__atexit.o)
 .text          0x00000000        0x0 /home/pry/eclipse/gcc-arm-none-eabi-5_4-2016q3/bin/../lib/gcc/arm-none-eabi/5.4.1/armv7e-m/softfp/crtend.o
 .data          0x00000000        0x0 /home/pry/eclipse/gcc-arm-none-eabi-5_4-2016q3/bin/../lib/gcc/arm-none-eabi/5.4.1/armv7e-m/softfp/crtend.o
 .bss           0x00000000        0x0 /home/pry/eclipse/gcc-arm-none-eabi-5_4-2016q3/bin/../lib/gcc/arm-none-eabi/5.4.1/armv7e-m/softfp/crtend.o
 .eh_frame      0x00000000        0x4 /home/pry/eclipse/gcc-arm-none-eabi-5_4-2016q3/bin/../lib/gcc/arm-none-eabi/5.4.1/armv7e-m/softfp/crtend.o
 .jcr           0x00000000        0x4 /home/pry/eclipse/gcc-arm-none-eabi-5_4-2016q3/bin/../lib/gcc/arm-none-eabi/5.4.1/armv7e-m/softfp/crtend.o
 .ARM.attributes
                0x00000000       0x32 /home/pry/eclipse/gcc-arm-none-eabi-5_4-2016q3/bin/../lib/gcc/arm-none-eabi/5.4.1/armv7e-m/softfp/crtend.o
 .text          0x00000000        0x0 /home/pry/eclipse/gcc-arm-none-eabi-5_4-2016q3/bin/../lib/gcc/arm-none-eabi/5.4.1/armv7e-m/softfp/crtn.o
 .data          0x00000000        0x0 /home/pry/eclipse/gcc-arm-none-eabi-5_4-2016q3/bin/../lib/gcc/arm-none-eabi/5.4.1/armv7e-m/softfp/crtn.o
 .bss           0x00000000        0x0 /home/pry/eclipse/gcc-arm-none-eabi-5_4-2016q3/bin/../lib/gcc/arm-none-eabi/5.4.1/armv7e-m/softfp/crtn.o

Memory Configuration

Name             Origin             Length             Attributes
RAM              0x20020000         0x00060000         xrw
FLASH            0x08020000         0x000e0000         xr
*default*        0x00000000         0xffffffff

Linker script and memory map

LOAD /home/pry/eclipse/gcc-arm-none-eabi-5_4-2016q3/bin/../lib/gcc/arm-none-eabi/5.4.1/armv7e-m/softfp/crti.o
LOAD /home/pry/eclipse/gcc-arm-none-eabi-5_4-2016q3/bin/../lib/gcc/arm-none-eabi/5.4.1/armv7e-m/softfp/crtbegin.o
LOAD /home/pry/eclipse/gcc-arm-none-eabi-5_4-2016q3/bin/../lib/gcc/arm-none-eabi/5.4.1/../../../../arm-none-eabi/lib/armv7e-m/softfp/crt0.o
                0x20080000                __stack = (ORIGIN (RAM) + LENGTH (RAM))
                0x20080000                _estack = __stack
                0x00000400                __Main_Stack_Size = 0x400
                [!provide]                PROVIDE (_Main_Stack_Size, __Main_Stack_Size)
                0x2007fc00                __Main_Stack_Limit = (__stack - __Main_Stack_Size)
                [!provide]                PROVIDE (_Main_Stack_Limit, __Main_Stack_Limit)
                0x00000100                _Minimum_Stack_Size = 0x100
                [!provide]                PROVIDE (_Heap_Begin, _end_noinit)
                [!provide]                PROVIDE (_Heap_Limit, (__stack - __Main_Stack_Size))

.text           0x08020000      0x864
 *rvm_guest_cmx_asm_gcc.o(.text .text.*)
 .text          0x08020000       0xf0 ./Lib/rvm_guest_cmx_asm_gcc.o
                0x08020004                _RVM_Entry
                0x0802003a                RVM_MSB_Get
                0x08020048                RVM_Fetch_And
                0x08020060                RVM_Fetch_Or
                0x08020078                _RVM_Hypercall
                0x0802008c                RVM_Int_Rcv
                0x080200a4                _RVM_Yield
                0x080200b8                _RVM_Kern
 *(.text .text.*)
 .text          0x080200f0       0x5c /home/pry/eclipse/gcc-arm-none-eabi-5_4-2016q3/bin/../lib/gcc/arm-none-eabi/5.4.1/armv7e-m/softfp/crtbegin.o
 .text.RMP_Init_Hook
                0x0802014c        0x4 ./User/rmp_test.o
                0x0802014c                RMP_Init_Hook
 .text.RMP_Init_Idle
                0x08020150        0x4 ./User/rmp_test.o
                0x08020150                RMP_Init_Idle
 .text.RMP_PendSV_Handler
                0x08020154       0x84 ./Platform/rmp_platform_cmx_rvm.o
 .text.RMP_SysTick_Handler
                0x080201d8        0x8 ./Platform/rmp_platform_cmx_rvm.o
 .text._RMP_Low_Level_Init
                0x080201e0       0x2c ./Platform/rmp_platform_cmx_rvm.o
                0x080201e0                _RMP_Low_Level_Init
 .text._RMP_Plat_Hook
                0x0802020c        0x4 ./Platform/rmp_platform_cmx_rvm.o
                0x0802020c                _RMP_Plat_Hook
 .text._RMP_Yield
                0x08020210        0x4 ./Platform/rmp_platform_cmx_rvm.o
                0x08020210                _RMP_Yield
 *fill*         0x08020214        0x4 
 .text          0x08020218       0x1c ./Platform/rmp_platform_cmx_rvm_asm_gcc.o
                0x08020218                RMP_MSB_Get
                0x08020226                _RMP_Start
 .text.RVM_Int  0x08020234       0x94 ./Lib/rvm_guest_cmx.o
 .text.RVM_Init
                0x080202c8       0x3c ./Lib/rvm_guest_cmx.o
                0x080202c8                RVM_Init
 .text.RVM_Vect_Init
                0x08020304       0x1c ./Lib/rvm_guest_cmx.o
                0x08020304                RVM_Vect_Init
 .text.RVM_Enable_Int
                0x08020320       0x20 ./Lib/rvm_guest_cmx.o
                0x08020320                RVM_Enable_Int
 .text.RVM_Mask_Int
                0x08020340       0x14 ./Lib/rvm_guest_cmx.o
                0x08020340                RVM_Mask_Int
 .text.RVM_Unmask_Int
                0x08020354       0x20 ./Lib/rvm_guest_cmx.o
                0x08020354                RVM_Unmask_Int
 .text.RVM_Yield
                0x08020374       0x38 ./Lib/rvm_guest_cmx.o
                0x08020374                RVM_Yield
 .text.RMP_Unlock_Sched
                0x080203ac       0x4c ./Kernel/rmp_kernel.o
                0x080203ac                RMP_Unlock_Sched
 .text.RMP_Init
                0x080203f8       0x30 ./Kernel/rmp_kernel.o
                0x080203f8                RMP_Init
 .text._RMP_Get_High_Rdy
                0x08020428       0x88 ./Kernel/rmp_kernel.o
                0x08020428                _RMP_Get_High_Rdy
 .text._RMP_Tick_Handler
                0x080204b0      0x130 ./Kernel/rmp_kernel.o
                0x080204b0                _RMP_Tick_Handler
 .text.RMP_Save_Ctx
                0x080205e0        0x4 ./Kernel/rmp_kernel.o
                0x080205e0                RMP_Save_Ctx
 .text.RMP_Load_Ctx
                0x080205e4        0x4 ./Kernel/rmp_kernel.o
                0x080205e4                RMP_Load_Ctx
 .text.startup.main
                0x080205e8       0xc4 ./Kernel/rmp_kernel.o
                0x080205e8                main
 .text.__libc_init_array
                0x080206ac       0x50 /home/pry/eclipse/gcc-arm-none-eabi-5_4-2016q3/bin/../lib/gcc/arm-none-eabi/5.4.1/../../../../arm-none-eabi/lib/armv7e-m/softfp/libc.a(lib_a-init.o)
                0x080206ac                __libc_init_array
 .text.startup.register_fini
                0x080206fc       0x14 /home/pry/eclipse/gcc-arm-none-eabi-5_4-2016q3/bin/../lib/gcc/arm-none-eabi/5.4.1/../../../../arm-none-eabi/lib/armv7e-m/softfp/libc.a(lib_a-__call_atexit.o)
 .text.atexit   0x08020710        0xc /home/pry/eclipse/gcc-arm-none-eabi-5_4-2016q3/bin/../lib/gcc/arm-none-eabi/5.4.1/../../../../arm-none-eabi/lib/armv7e-m/softfp/libc.a(lib_a-atexit.o)
                0x08020710                atexit
 .text.__libc_fini_array
                0x0802071c       0x28 /home/pry/eclipse/gcc-arm-none-eabi-5_4-2016q3/bin/../lib/gcc/arm-none-eabi/5.4.1/../../../../arm-none-eabi/lib/armv7e-m/softfp/libc.a(lib_a-fini.o)
                0x0802071c                __libc_fini_array
 .text.__register_exitproc
                0x08020744       0xa4 /home/pry/eclipse/gcc-arm-none-eabi-5_4-2016q3/bin/../lib/gcc/arm-none-eabi/5.4.1/../../../../arm-none-eabi/lib/armv7e-m/softfp/libc.a(lib_a-__atexit.o)
                0x08020744                __register_exitproc
 *(.rodata .rodata.* .constdata .constdata.*)
 .rodata.RVM_Img
                0x080207e8       0x60 ./Lib/rvm_guest_cmx.o
                0x080207e8                RVM_Img
 .rodata.RVM_Pgtbl
                0x08020848       0x14 ./Lib/rvm_guest_cmx.o
                0x08020848                RVM_Pgtbl
 .rodata.RVM_Kcap
                0x0802085c        0x4 ./Lib/rvm_guest_cmx.o
                0x0802085c                RVM_Kcap
 .rodata._global_impure_ptr
                0x08020860        0x4 /home/pry/eclipse/gcc-arm-none-eabi-5_4-2016q3/bin/../lib/gcc/arm-none-eabi/5.4.1/../../../../arm-none-eabi/lib/armv7e-m/softfp/libc.a(lib_a-impure.o)
                0x08020860                _global_impure_ptr

.eh_frame       0x08020864        0x0
 .eh_frame      0x08020864        0x0 /home/pry/eclipse/gcc-arm-none-eabi-5_4-2016q3/bin/../lib/gcc/arm-none-eabi/5.4.1/armv7e-m/softfp/crtbegin.o

.glue_7         0x08020864        0x0
 .glue_7        0x08020864        0x0 linker stubs

.glue_7t        0x08020864        0x0
 .glue_7t       0x08020864        0x0 linker stubs

.vfp11_veneer   0x08020864        0x0
 .vfp11_veneer  0x08020864        0x0 linker stubs

.v4_bx          0x08020864        0x0
 .v4_bx         0x08020864        0x0 linker stubs

.iplt           0x08020864        0x0
 .iplt          0x08020864        0x0 /home/pry/eclipse/gcc-arm-none-eabi-5_4-2016q3/bin/../lib/gcc/arm-none-eabi/5.4.1/armv7e-m/softfp/crtbegin.o

.rel.dyn        0x08020864        0x0
 .rel.iplt      0x08020864        0x0 /home/pry/eclipse/gcc-arm-none-eabi-5_4-2016q3/bin/../lib/gcc/arm-none-eabi/5.4.1/armv7e-m/softfp/crtbegin.o

.inits          0x08020864       0x38
                0x08020864                __data_regions_array_start = .
                0x08020864        0x4 LONG 0x8022000 LOADADDR (.data)
                0x08020868        0x4 LONG 0x20020000 ADDR (.data)
                0x0802086c        0x4 LONG 0x20020428 (ADDR (.data) + SIZEOF (.data))
                0x08020870                __data_regions_array_end = .
                0x08020870                __bss_regions_array_start = .
                0x08020870        0x4 LONG 0x20020428 ADDR (.bss)
                0x08020874        0x4 LONG 0x20020838 (ADDR (.bss) + SIZEOF (.bss))
                0x08020878                __bss_regions_array_end = .
 *(.init)
 .init          0x08020878        0x4 /home/pry/eclipse/gcc-arm-none-eabi-5_4-2016q3/bin/../lib/gcc/arm-none-eabi/5.4.1/armv7e-m/softfp/crti.o
                0x08020878                _init
 .init          0x0802087c        0x8 /home/pry/eclipse/gcc-arm-none-eabi-5_4-2016q3/bin/../lib/gcc/arm-none-eabi/5.4.1/armv7e-m/softfp/crtn.o
 *(.fini)
 .fini          0x08020884        0x4 /home/pry/eclipse/gcc-arm-none-eabi-5_4-2016q3/bin/../lib/gcc/arm-none-eabi/5.4.1/armv7e-m/softfp/crti.o
                0x08020884                _fini
 .fini          0x08020888        0x8 /home/pry/eclipse/gcc-arm-none-eabi-5_4-2016q3/bin/../lib/gcc/arm-none-eabi/5.4.1/armv7e-m/softfp/crtn.o
                0x08020890                . = ALIGN (0x4)
                0x08020890                PROVIDE (__preinit_array_start, .)
 *(.preinit_array_sysinit .preinit_array_sysinit.*)
 *(.preinit_array_platform .preinit_array_platform.*)
 *(.preinit_array .preinit_array.*)
                0x08020890                PROVIDE (__preinit_array_end, .)
                0x08020890                . = ALIGN (0x4)
                0x08020890                PROVIDE (__init_array_start, .)
 *(SORT(.init_array.*))
 .init_array.00000
                0x08020890        0x4 /home/pry/eclipse/gcc-arm-none-eabi-5_4-2016q3/bin/../lib/gcc/arm-none-eabi/5.4.1/../../../../arm-none-eabi/lib/armv7e-m/softfp/libc.a(lib_a-__call_atexit.o)
 *(.init_array)
 .init_array    0x08020894        0x4 /home/pry/eclipse/gcc-arm-none-eabi-5_4-2016q3/bin/../lib/gcc/arm-none-eabi/5.4.1/armv7e-m/softfp/crtbegin.o
                0x08020898                PROVIDE (__init_array_end, .)
                0x08020898                . = ALIGN (0x4)
                0x08020898                PROVIDE (__fini_array_start, .)
 *(SORT(.fini_array.*))
 *(.fini_array)
 .fini_array    0x08020898        0x4 /home/pry/eclipse/gcc-arm-none-eabi-5_4-2016q3/bin/../lib/gcc/arm-none-eabi/5.4.1/armv7e-m/softfp/crtbegin.o
                0x0802089c                PROVIDE (__fini_array_end, .)
                0x08022000                _sidata = LOADADDR (.data)

.data           0x20020000      0x428 load address 0x08022000
 FILL mask 0xff
                0x20020000                _sdata = .
                0x20020000                __data_start__ = .
 *(.data_begin .data_begin.*)
 *(.data .data.*)
 .data.impure_data
                0x20020000      0x428 /home/pry/eclipse/gcc-arm-none-eabi-5_4-2016q3/bin/../lib/gcc/arm-none-eabi/5.4.1/../../../../arm-none-eabi/lib/armv7e-m/softfp/libc.a(lib_a-impure.o)
 *(.data_end .data_end.*)
                0x20020428                . = ALIGN (0x4)
                0x20020428                _edata = .
                0x20020428                __data_end__ = .

.jcr            0x20020428        0x0 load address 0x08022428
 .jcr           0x20020428        0x0 /home/pry/eclipse/gcc-arm-none-eabi-5_4-2016q3/bin/../lib/gcc/arm-none-eabi/5.4.1/armv7e-m/softfp/crtbegin.o

.igot.plt       0x20020428        0x0 load address 0x08022428
 .igot.plt      0x20020428        0x0 /home/pry/eclipse/gcc-arm-none-eabi-5_4-2016q3/bin/../lib/gcc/arm-none-eabi/5.4.1/armv7e-m/softfp/crtbegin.o

.bss            0x20020428      0x410 load address 0x08022428
                0x20020428                __bss_start__ = .
                0x20020428                _sbss = .
 *(.bss_begin .bss_begin.*)
 *(.bss .bss.*)
 .bss           0x20020428       0x1c /home/pry/eclipse/gcc-arm-none-eabi-5_4-2016q3/bin/../lib/gcc/arm-none-eabi/5.4.1/armv7e-m/softfp/crtbegin.o
 .bss.RMP_Console_Ptr
                0x20020444        0x4 ./Platform/rmp_platform_cmx_rvm.o
 .bss.RVM_Int_Pend
                0x20020448        0x4 ./Lib/rvm_guest_cmx.o
 .bss.RVM_Int_Enable
                0x2002044c        0x4 ./Lib/rvm_guest_cmx.o
 .bss.RVM_Int_Active
                0x20020450        0x4 ./Lib/rvm_guest_cmx.o
 .bss.RMP_Init_Stack
                0x20020454      0x100 ./Kernel/rmp_kernel.o
 .bss.RMP_Bitmap
                0x20020554        0x4 ./Kernel/rmp_kernel.o
 .bss.RMP_Sched_Pend
                0x20020558        0x4 ./Kernel/rmp_kernel.o
 .bss.RMP_Run   0x2002055c      0x100 ./Kernel/rmp_kernel.o
 .bss.RMP_Sched_Lock_Cnt
                0x2002065c        0x4 ./Kernel/rmp_kernel.o
 .bss.RMP_Timer_Pend
                0x20020660        0x4 ./Kernel/rmp_kernel.o
 .bss.RMP_Init_Thd
                0x20020664       0x3c ./Kernel/rmp_kernel.o
 .bss.RMP_Delay
                0x200206a0        0x8 ./Kernel/rmp_kernel.o
 .bss.RMP_Sched_Locked
                0x200206a8        0x4 ./Kernel/rmp_kernel.o
 *(COMMON)
 COMMON         0x200206ac      0x180 ./Lib/rvm_guest_cmx.o
                0x200206ac                RVM_Regs
                0x20020714                RVM_Flag
                0x20020718                RVM_Param
                0x2002072c                RVM_Vect
                0x200207ac                RVM_Console
 COMMON         0x2002082c        0xc ./Kernel/rmp_kernel.o
                0x2002082c                RMP_Cur_SP
                0x20020830                RMP_Cur_Thd
                0x20020834                RMP_Tick
 *(.bss_end .bss_end.*)
                0x20020838                . = ALIGN (0x4)
                0x20020838                __bss_end__ = .
                0x20020838                _ebss = .

.noinit         0x20020838      0x500 load address 0x08022428
                0x20020838                _noinit = .
 *(.noinit .noinit.*)
 .noinit        0x20020838      0x500 ./Lib/rvm_guest_cmx_asm_gcc.o
                0x20020838                RVM_User_Stack
                0x20020938                RVM_Int_Stack
                0x20020d38                . = ALIGN (0x4)
                0x20020d38                _end_noinit = .
                [!provide]                PROVIDE (end, _end_noinit)
                [!provide]                PROVIDE (_end, _end_noinit)
                [!provide]                PROVIDE (__end, _end_noinit)
                [!provide]                PROVIDE (__end__, _end_noinit)

._check_stack   0x20020838      0x100 load address 0x08022428
                0x20020938                . = (. + _Minimum_Stack_Size)
 *fill*         0x20020838      0x100 
LOAD ./User/rmp_test.o
LOAD ./Platform/rmp_platform_cmx_rvm.o
LOAD ./Platform/rmp_platform_cmx_rvm_asm_gcc.o
LOAD ./Lib/rvm_guest_cmx.o
LOAD ./Lib/rvm_guest_cmx_asm_gcc.o
LOAD ./Kernel/rmp_kernel.o
START GROUP
LOAD /home/pry/eclipse/gcc-arm-none-eabi-5_4-2016q3/bin/../lib/gcc/arm-none-eabi/5.4.1/armv7e-m/softfp/libgcc.a
LOAD /home/pry/eclipse/gcc-arm-none-eabi-5_4-2016q3/bin/../lib/gcc/arm-none-eabi/5.4.1/../../../../arm-none-eabi/lib/armv7e-m/softfp/libc.a
END GROUP
LOAD /home/pry/eclipse/gcc-arm-none-eabi-5_4-2016q3/bin/../lib/gcc/arm-none-eabi/5.4.1/armv7e-m/softfp/crtend.o
LOAD /home/pry/eclipse/gcc-arm-none-eabi-5_4-2016q3/bin/../lib/gcc/arm-none-eabi/5.4.1/armv7e-m/softfp/crtn.o
OUTPUT(RMP elf32-littlearm)

.ARM.attributes
                0x00000000       0x2e
 .ARM.attributes
                0x00000000       0x22 /home/pry/eclipse/gcc-arm-none-eabi-5_4-2016q3/bin/../lib/gcc/arm-none-eabi/5.4.1/armv7e-m/softfp/crti.o
 .ARM.attributes
                0x00000022       0x32 /home/pry/eclipse/gcc-arm-none-eabi-5_4-2016q3/bin/../lib/gcc/arm-none-eabi/5.4.1/armv7e-m/softfp/crtbegin.o
 .ARM.attributes
                0x00000054       0x35 ./User/rmp_test.o
 .ARM.attributes
                0x00000089       0x35 ./Platform/rmp_platform_cmx_rvm.o
 .ARM.attributes
                0x000000be       0x25 ./Platform/rmp_platform_cmx_rvm_asm_gcc.o
 .ARM.attributes
                0x000000e3       0x35 ./Lib/rvm_guest_cmx.o
 .ARM.attributes
                0x00000118       0x25 ./Lib/rvm_guest_cmx_asm_gcc.o
 .ARM.attributes
                0x0000013d       0x35 ./Kernel/rmp_kernel.o
 .ARM.attributes
                0x00000172       0x32 /home/pry/eclipse/gcc-arm-none-eabi-5_4-2016q3/bin/../lib/gcc/arm-none-eabi/5.4.1/../../../../arm-none-eabi/lib/armv7e-m/softfp/libc.a(lib_a-impure.o)
 .ARM.attributes
                0x000001a4       0x32 /home/pry/eclipse/gcc-arm-none-eabi-5_4-2016q3/bin/../lib/gcc/arm-none-eabi/5.4.1/../../../../arm-none-eabi/lib/armv7e-m/softfp/libc.a(lib_a-init.o)
 .ARM.attributes
                0x000001d6       0x32 /home/pry/eclipse/gcc-arm-none-eabi-5_4-2016q3/bin/../lib/gcc/arm-none-eabi/5.4.1/../../../../arm-none-eabi/lib/armv7e-m/softfp/libc.a(lib_a-__call_atexit.o)
 .ARM.attributes
                0x00000208       0x32 /home/pry/eclipse/gcc-arm-none-eabi-5_4-2016q3/bin/../lib/gcc/arm-none-eabi/5.4.1/../../../../arm-none-eabi/lib/armv7e-m/softfp/libc.a(lib_a-atexit.o)
 .ARM.attributes
                0x0000023a       0x32 /home/pry/eclipse/gcc-arm-none-eabi-5_4-2016q3/bin/../lib/gcc/arm-none-eabi/5.4.1/../../../../arm-none-eabi/lib/armv7e-m/softfp/libc.a(lib_a-fini.o)
 .ARM.attributes
                0x0000026c       0x32 /home/pry/eclipse/gcc-arm-none-eabi-5_4-2016q3/bin/../lib/gcc/arm-none-eabi/5.4.1/../../../../arm-none-eabi/lib/armv7e-m/softfp/libc.a(lib_a-__atexit.o)
 .ARM.attributes
                0x0000029e       0x22 /home/pry/eclipse/gcc-arm-none-eabi-5_4-2016q3/bin/../lib/gcc/arm-none-eabi/5.4.1/armv7e-m/softfp/crtn.o

.comment        0x00000000       0x6e
 .comment       0x00000000       0x6e ./User/rmp_test.o
                                 0x6f (size before relaxing)
 .comment       0x0000006e       0x6f ./Platform/rmp_platform_cmx_rvm.o
 .comment       0x0000006e       0x6f ./Lib/rvm_guest_cmx.o
 .comment       0x0000006e       0x6f ./Kernel/rmp_kernel.o

.debug_info     0x00000000     0x42c9
 .debug_info    0x00000000       0xb9 ./User/rmp_test.o
 .debug_info    0x000000b9      0x4b3 ./Platform/rmp_platform_cmx_rvm.o
 .debug_info    0x0000056c      0xcc7 ./Lib/rvm_guest_cmx.o
 .debug_info    0x00001233     0x3096 ./Kernel/rmp_kernel.o

.debug_abbrev   0x00000000      0x8d8
 .debug_abbrev  0x00000000       0x73 ./User/rmp_test.o
 .debug_abbrev  0x00000073      0x196 ./Platform/rmp_platform_cmx_rvm.o
 .debug_abbrev  0x00000209      0x331 ./Lib/rvm_guest_cmx.o
 .debug_abbrev  0x0000053a      0x39e ./Kernel/rmp_kernel.o

.debug_aranges  0x00000000      0x278
 .debug_aranges
                0x00000000       0x20 ./User/rmp_test.o
 .debug_aranges
                0x00000020       0x58 ./Platform/rmp_platform_cmx_rvm.o
 .debug_aranges
                0x00000078       0xb8 ./Lib/rvm_guest_cmx.o
 .debug_aranges
                0x00000130      0x148 ./Kernel/rmp_kernel.o

.debug_ranges   0x00000000      0xd40
 .debug_ranges  0x00000000       0x10 ./User/rmp_test.o
 .debug_ranges  0x00000010       0x48 ./Platform/rmp_platform_cmx_rvm.o
 .debug_ranges  0x00000058       0xf8 ./Lib/rvm_guest_cmx.o
 .debug_ranges  0x00000150      0xbf0 ./Kernel/rmp_kernel.o

.debug_macro    0x00000000    0x2bfc2
 .debug_macro   0x00000000      0x56e ./User/rmp_test.o
 .debug_macro   0x0000056e      0x886 ./User/rmp_test.o
 .debug_macro   0x00000df4       0x10 ./User/rmp_test.o
 .debug_macro   0x00000e04       0x58 ./User/rmp_test.o
 .debug_macro   0x00000e5c      0x227 ./User/rmp_test.o
 .debug_macro   0x00001083       0x46 ./User/rmp_test.o
 .debug_macro   0x000010c9       0x2e ./User/rmp_test.o
 .debug_macro   0x000010f7       0x3b ./User/rmp_test.o
 .debug_macro   0x00001132      0x34e ./User/rmp_test.o
 .debug_macro   0x00001480       0x35 ./User/rmp_test.o
 .debug_macro   0x000014b5       0x50 ./User/rmp_test.o
 .debug_macro   0x00001505     0x1114 ./User/rmp_test.o
 .debug_macro   0x00002619    0x19f38 ./User/rmp_test.o
 .debug_macro   0x0001c551       0x43 ./User/rmp_test.o
 .debug_macro   0x0001c594      0x252 ./User/rmp_test.o
 .debug_macro   0x0001c7e6     0x35cf ./User/rmp_test.o
 .debug_macro   0x0001fdb5       0x22 ./User/rmp_test.o
 .debug_macro   0x0001fdd7       0x4c ./User/rmp_test.o
 .debug_macro   0x0001fe23       0x8d ./User/rmp_test.o
 .debug_macro   0x0001feb0       0x35 ./User/rmp_test.o
 .debug_macro   0x0001fee5       0x9c ./User/rmp_test.o
 .debug_macro   0x0001ff81       0x16 ./User/rmp_test.o
 .debug_macro   0x0001ff97       0x4a ./User/rmp_test.o
 .debug_macro   0x0001ffe1       0x97 ./User/rmp_test.o
 .debug_macro   0x00020078      0x30d ./User/rmp_test.o
 .debug_macro   0x00020385       0xfd ./User/rmp_test.o
 .debug_macro   0x00020482       0x10 ./User/rmp_test.o
 .debug_macro   0x00020492       0x52 ./User/rmp_test.o
 .debug_macro   0x000204e4       0x1f ./User/rmp_test.o
 .debug_macro   0x00020503       0x43 ./User/rmp_test.o
 .debug_macro   0x00020546       0x20 ./User/rmp_test.o
 .debug_macro   0x00020566      0x187 ./User/rmp_test.o
 .debug_macro   0x000206ed       0x10 ./User/rmp_test.o
 .debug_macro   0x000206fd       0x5e ./User/rmp_test.o
 .debug_macro   0x0002075b       0x1c ./User/rmp_test.o
 .debug_macro   0x00020777       0x52 ./User/rmp_test.o
 .debug_macro   0x000207c9       0x40 ./User/rmp_test.o
 .debug_macro   0x00020809       0x10 ./User/rmp_test.o
 .debug_macro   0x00020819       0x40 ./User/rmp_test.o
 .debug_macro   0x00020859       0xd7 ./User/rmp_test.o
 .debug_macro   0x00020930       0x16 ./User/rmp_test.o
 .debug_macro   0x00020946      0x18b ./User/rmp_test.o
 .debug_macro   0x00020ad1       0x5e ./User/rmp_test.o
 .debug_macro   0x00020b2f     0x1add ./User/rmp_test.o
 .debug_macro   0x0002260c      0x6ca ./User/rmp_test.o
 .debug_macro   0x00022cd6      0x11e ./User/rmp_test.o
 .debug_macro   0x00022df4      0x277 ./User/rmp_test.o
 .debug_macro   0x0002306b       0x27 ./User/rmp_test.o
 .debug_macro   0x00023092      0x24f ./User/rmp_test.o
 .debug_macro   0x000232e1       0x71 ./User/rmp_test.o
 .debug_macro   0x00023352       0x58 ./User/rmp_test.o
 .debug_macro   0x000233aa      0x23a ./User/rmp_test.o
 .debug_macro   0x000235e4      0x408 ./User/rmp_test.o
 .debug_macro   0x000239ec      0x161 ./User/rmp_test.o
 .debug_macro   0x00023b4d      0x100 ./User/rmp_test.o
 .debug_macro   0x00023c4d      0x3f3 ./User/rmp_test.o
 .debug_macro   0x00024040      0x2e2 ./User/rmp_test.o
 .debug_macro   0x00024322       0xab ./User/rmp_test.o
 .debug_macro   0x000243cd       0x4c ./User/rmp_test.o
 .debug_macro   0x00024419       0x2e ./User/rmp_test.o
 .debug_macro   0x00024447      0x22b ./User/rmp_test.o
 .debug_macro   0x00024672       0xe5 ./User/rmp_test.o
 .debug_macro   0x00024757       0xa1 ./User/rmp_test.o
 .debug_macro   0x000247f8       0x3c ./User/rmp_test.o
 .debug_macro   0x00024834      0x22c ./User/rmp_test.o
 .debug_macro   0x00024a60      0xcd5 ./User/rmp_test.o
 .debug_macro   0x00025735      0x156 ./User/rmp_test.o
 .debug_macro   0x0002588b      0x3de ./User/rmp_test.o
 .debug_macro   0x00025c69       0x12 ./User/rmp_test.o
 .debug_macro   0x00025c7b      0x516 ./User/rmp_test.o
 .debug_macro   0x00026191       0x88 ./User/rmp_test.o
 .debug_macro   0x00026219       0xe3 ./User/rmp_test.o
 .debug_macro   0x000262fc       0x10 ./User/rmp_test.o
 .debug_macro   0x0002630c      0x209 ./User/rmp_test.o
 .debug_macro   0x00026515       0x61 ./User/rmp_test.o
 .debug_macro   0x00026576       0x90 ./User/rmp_test.o
 .debug_macro   0x00026606      0x1b5 ./User/rmp_test.o
 .debug_macro   0x000267bb       0x87 ./User/rmp_test.o
 .debug_macro   0x00026842      0x28d ./User/rmp_test.o
 .debug_macro   0x00026acf      0x255 ./User/rmp_test.o
 .debug_macro   0x00026d24      0x132 ./User/rmp_test.o
 .debug_macro   0x00026e56      0x10c ./User/rmp_test.o
 .debug_macro   0x00026f62       0x35 ./User/rmp_test.o
 .debug_macro   0x00026f97      0x2e2 ./User/rmp_test.o
 .debug_macro   0x00027279       0x7b ./User/rmp_test.o
 .debug_macro   0x000272f4      0x313 ./User/rmp_test.o
 .debug_macro   0x00027607      0x4da ./User/rmp_test.o
 .debug_macro   0x00027ae1       0xd6 ./User/rmp_test.o
 .debug_macro   0x00027bb7      0x447 ./User/rmp_test.o
 .debug_macro   0x00027ffe      0x757 ./User/rmp_test.o
 .debug_macro   0x00028755      0x198 ./User/rmp_test.o
 .debug_macro   0x000288ed      0x1ed ./User/rmp_test.o
 .debug_macro   0x00028ada      0x2e2 ./User/rmp_test.o
 .debug_macro   0x00028dbc      0x65b ./User/rmp_test.o
 .debug_macro   0x00029417      0x2aa ./User/rmp_test.o
 .debug_macro   0x000296c1      0x169 ./User/rmp_test.o
 .debug_macro   0x0002982a      0x4e8 ./User/rmp_test.o
 .debug_macro   0x00029d12       0x47 ./User/rmp_test.o
 .debug_macro   0x00029d59      0x1df ./User/rmp_test.o
 .debug_macro   0x00029f38       0x29 ./User/rmp_test.o
 .debug_macro   0x00029f61       0x58 ./User/rmp_test.o
 .debug_macro   0x00029fb9      0x1f4 ./User/rmp_test.o
 .debug_macro   0x0002a1ad       0x30 ./User/rmp_test.o
 .debug_macro   0x0002a1dd       0x58 ./User/rmp_test.o
 .debug_macro   0x0002a235      0x2f7 ./User/rmp_test.o
 .debug_macro   0x0002a52c       0x5e ./User/rmp_test.o
 .debug_macro   0x0002a58a       0xa5 ./User/rmp_test.o
 .debug_macro   0x0002a62f       0x89 ./User/rmp_test.o
 .debug_macro   0x0002a6b8      0x1f4 ./User/rmp_test.o
 .debug_macro   0x0002a8ac      0x120 ./User/rmp_test.o
 .debug_macro   0x0002a9cc       0x75 ./User/rmp_test.o
 .debug_macro   0x0002aa41      0x2a3 ./User/rmp_test.o
 .debug_macro   0x0002ace4      0x137 ./User/rmp_test.o
 .debug_macro   0x0002ae1b      0x2c4 ./User/rmp_test.o
 .debug_macro   0x0002b0df      0x16c ./User/rmp_test.o
 .debug_macro   0x0002b24b       0x2e ./User/rmp_test.o
 .debug_macro   0x0002b279       0xfb ./User/rmp_test.o
 .debug_macro   0x0002b374       0x10 ./User/rmp_test.o
 .debug_macro   0x0002b384       0x16 ./User/rmp_test.o
 .debug_macro   0x0002b39a       0x19 ./User/rmp_test.o
 .debug_macro   0x0002b3b3       0x10 ./User/rmp_test.o
 .debug_macro   0x0002b3c3       0x30 ./User/rmp_test.o
 .debug_macro   0x0002b3f3       0x35 ./User/rmp_test.o
 .debug_macro   0x0002b428       0x22 ./User/rmp_test.o
 .debug_macro   0x0002b44a      0x560 ./Platform/rmp_platform_cmx_rvm.o
 .debug_macro   0x0002b9aa       0x30 ./Platform/rmp_platform_cmx_rvm.o
 .debug_macro   0x0002b9da       0x35 ./Lib/rvm_guest_cmx.o
 .debug_macro   0x0002ba0f       0x12 ./Lib/rvm_guest_cmx.o
 .debug_macro   0x0002ba21      0x56c ./Kernel/rmp_kernel.o
 .debug_macro   0x0002bf8d       0x35 ./Kernel/rmp_kernel.o

.debug_line     0x00000000     0x49ab
 .debug_line    0x00000000     0x1194 ./User/rmp_test.o
 .debug_line    0x00001194     0x10d8 ./Platform/rmp_platform_cmx_rvm.o
 .debug_line    0x0000226c      0x3a7 ./Lib/rvm_guest_cmx.o
 .debug_line    0x00002613     0x2398 ./Kernel/rmp_kernel.o

.debug_str      0x00000000   0x12a4e5
 .debug_str     0x00000000   0x129a30 ./User/rmp_test.o
                             0x129d39 (size before relaxing)
 .debug_str     0x00129a30      0x21c ./Platform/rmp_platform_cmx_rvm.o
                             0x129e83 (size before relaxing)
 .debug_str     0x00129c4c      0x353 ./Lib/rvm_guest_cmx.o
                               0x327e (size before relaxing)
 .debug_str     0x00129f9f      0x546 ./Kernel/rmp_kernel.o
                             0x12a2f8 (size before relaxing)

.debug_frame    0x00000000      0xa80
 .debug_frame   0x00000000       0x30 ./User/rmp_test.o
 .debug_frame   0x00000030       0xd0 ./Platform/rmp_platform_cmx_rvm.o
 .debug_frame   0x00000100      0x1f4 ./Lib/rvm_guest_cmx.o
 .debug_frame   0x000002f4      0x688 ./Kernel/rmp_kernel.o
 .debug_frame   0x0000097c       0x2c /home/pry/eclipse/gcc-arm-none-eabi-5_4-2016q3/bin/../lib/gcc/arm-none-eabi/5.4.1/../../../../arm-none-eabi/lib/armv7e-m/softfp/libc.a(lib_a-init.o)
 .debug_frame   0x000009a8       0x50 /home/pry/eclipse/gcc-arm-none-eabi-5_4-2016q3/bin/../lib/gcc/arm-none-eabi/5.4.1/../../../../arm-none-eabi/lib/armv7e-m/softfp/libc.a(lib_a-__call_atexit.o)
 .debug_frame   0x000009f8       0x20 /home/pry/eclipse/gcc-arm-none-eabi-5_4-2016q3/bin/../lib/gcc/arm-none-eabi/5.4.1/../../../../arm-none-eabi/lib/armv7e-m/softfp/libc.a(lib_a-atexit.o)
 .debug_frame   0x00000a18       0x34 /home/pry/eclipse/gcc-arm-none-eabi-5_4-2016q3/bin/../lib/gcc/arm-none-eabi/5.4.1/../../../../arm-none-eabi/lib/armv7e-m/softfp/libc.a(lib_a-fini.o)
 .debug_frame   0x00000a4c       0x34 /home/pry/eclipse/gcc-arm-none-eabi-5_4-2016q3/bin/../lib/gcc/arm-none-eabi/5.4.1/../../../../arm-none-eabi/lib/armv7e-m/softfp/libc.a(lib_a-__atexit.o)

.debug_loc      0x00000000     0x3dcb
 .debug_loc     0x00000000      0x134 ./Platform/rmp_platform_cmx_rvm.o
 .debug_loc     0x00000134      0x60b ./Lib/rvm_guest_cmx.o
 .debug_loc     0x0000073f     0x368c ./Kernel/rmp_kernel.o
