L 1 "..\..\..\M0P0_Library\STM32Cube_FW_L0_V1.10.0\Drivers\STM32L0xx_HAL_Driver\Src\stm32l0xx_hal.c"
N/**
N  ******************************************************************************
N  * @file    stm32l0xx_hal.c
N  * @author  MCD Application Team
N  * @brief   HAL module driver.
N  *          This is the common part of the HAL initialization
N  *
N  @verbatim
N  ==============================================================================
N                     ##### How to use this driver #####
N  ==============================================================================
N    [..]
N    The common HAL driver contains a set of generic and common APIs that can be
N    used by the PPP peripheral drivers and the user to start using the HAL. 
N    [..]
N    The HAL contains two APIs categories: 
N         (+) Common HAL APIs
N         (+) Services HAL APIs
N
N  @endverbatim
N  ******************************************************************************
N  * @attention
N  *
N  * <h2><center>&copy; COPYRIGHT(c) 2016 STMicroelectronics</center></h2>
N  *
N  * Redistribution and use in source and binary forms, with or without modification,
N  * are permitted provided that the following conditions are met:
N  *   1. Redistributions of source code must retain the above copyright notice,
N  *      this list of conditions and the following disclaimer.
N  *   2. Redistributions in binary form must reproduce the above copyright notice,
N  *      this list of conditions and the following disclaimer in the documentation
N  *      and/or other materials provided with the distribution.
N  *   3. Neither the name of STMicroelectronics nor the names of its contributors
N  *      may be used to endorse or promote products derived from this software
N  *      without specific prior written permission.
N  *
N  * THIS SOFTWARE IS PROVIDED BY THE COPYRIGHT HOLDERS AND CONTRIBUTORS "AS IS"
N  * AND ANY EXPRESS OR IMPLIED WARRANTIES, INCLUDING, BUT NOT LIMITED TO, THE
N  * IMPLIED WARRANTIES OF MERCHANTABILITY AND FITNESS FOR A PARTICULAR PURPOSE ARE
N  * DISCLAIMED. IN NO EVENT SHALL THE COPYRIGHT HOLDER OR CONTRIBUTORS BE LIABLE
N  * FOR ANY DIRECT, INDIRECT, INCIDENTAL, SPECIAL, EXEMPLARY, OR CONSEQUENTIAL
N  * DAMAGES (INCLUDING, BUT NOT LIMITED TO, PROCUREMENT OF SUBSTITUTE GOODS OR
N  * SERVICES; LOSS OF USE, DATA, OR PROFITS; OR BUSINESS INTERRUPTION) HOWEVER
N  * CAUSED AND ON ANY THEORY OF LIABILITY, WHETHER IN CONTRACT, STRICT LIABILITY,
N  * OR TORT (INCLUDING NEGLIGENCE OR OTHERWISE) ARISING IN ANY WAY OUT OF THE USE
N  * OF THIS SOFTWARE, EVEN IF ADVISED OF THE POSSIBILITY OF SUCH DAMAGE.
N  *
N  ******************************************************************************
N  */
N
N/* Includes ------------------------------------------------------------------*/
C "..\..\..\M0P0_Library\STM32Cube_FW_L0_V1.10.0\Drivers\STM32L0xx_HAL_Driver\Src\stm32l0xx_hal.c" 52 27 cannot open source input file "stm32l0xx_hal.h": No such file or directory
N#include "stm32l0xx_hal.h"
