L 1 "..\..\..\M0P0_Library\STM32Cube_FW_L0_V1.10.0\Drivers\STM32L0xx_HAL_Driver\Src\stm32l0xx_hal_tim.c"
N/**
N  ******************************************************************************
N  * @file    stm32l0xx_hal_tim.c
N  * @author  MCD Application Team
N  * @brief   TIM HAL module driver.
N  * @brief   This file provides firmware functions to manage the following 
N  *          functionalities of the Timer (TIM) peripheral:
N  *           + Timer Base Initialization
N  *           + Timer Base Start
N  *           + Timer Base Start Interruption
N  *           + Timer Base Start DMA
N  *           + Timer Output Compare/PWM Initialization
N  *           + Timer Output Compare/PWM Channel Configuration
N  *           + Timer Output Compare/PWM  Start
N  *           + Timer Output Compare/PWM  Start Interruption
N  *           + Timer Output Compare/PWM Start DMA
N  *           + Timer Input Capture Initialization
N  *           + Timer Input Capture Channel Configuration
N  *           + Timer Input Capture Start
N  *           + Timer Input Capture Start Interruption
N  *           + Timer Input Capture Start DMA
N  *           + Timer One Pulse Initialization
N  *           + Timer One Pulse Channel Configuration
N  *           + Timer One Pulse Start
N  *           + Timer Encoder Interface Initialization
N  *           + Timer Encoder Interface Start
N  *           + Timer Encoder Interface Start Interruption
N  *           + Timer Encoder Interface Start DMA
N  *           + Timer OCRef clear configuration
N  *           + Timer External Clock configuration
N  *           + Timer Complementary signal bread and dead time configuration
N  *           + Timer Master and Slave synchronization configuration
N  @verbatim
N  ==============================================================================
N                      ##### TIMER Generic features #####
N  ==============================================================================
N    [..] The Timer features include: 
N         (#) 16-bit up, down, up/down auto-reload counter.
N         (#) 16-bit programmable prescaler allowing dividing (also on the fly) the counter clock
N             frequency either by any factor between 1 and 65536.
N         (#) Up to 4 independent channels for:
N           (++) Input Capture
N           (++) Output Compare
N           (++) PWM generation (Edge and Center-aligned Mode)
N           (++) One-pulse mode output
N         (#) Synchronization circuit to control the timer with external signals and to interconnect
N            several timers together.
N         (#) Supports incremental (quadrature) encoder and hall-sensor circuitry for positioning
N           purposes                
N   
N            ##### How to use this driver #####
N================================================================================
N    [..]
N     (#) Initialize the TIM low level resources by implementing the following functions 
N         depending from feature used :
N           (++) Time Base : HAL_TIM_Base_MspInit() 
N           (++) Input Capture : HAL_TIM_IC_MspInit()
N           (++) Output Compare : HAL_TIM_OC_MspInit()
N           (++) PWM generation : HAL_TIM_PWM_MspInit()
N           (++) One-pulse mode output : HAL_TIM_OnePulse_MspInit()
N           (++) Encoder mode output : HAL_TIM_Encoder_MspInit()
N           
N     (#) Initialize the TIM low level resources :
N        (##) Enable the TIM interface clock using __HAL_RCC_TIMx_CLK_ENABLE(); 
N        (##) TIM pins configuration
N            (+++) Enable the clock for the TIM GPIOs using the following function:
N             __HAL_RCC_GPIOx_CLK_ENABLE();   
N            (+++) Configure these TIM pins in Alternate function mode using HAL_GPIO_Init();  
N
N     (#) The external Clock can be configured, if needed (the default clock is the internal clock from the APBx), 
N         using the following function:
N         HAL_TIM_ConfigClockSource, the clock configuration should be done before any start function.
N  
N     (#) Configure the TIM in the desired functioning mode using one of the 
N         initialization function of this driver:
N         (++) HAL_TIM_Base_Init: to use the Timer to generate a simple time base
N         (++) HAL_TIM_OC_Init and HAL_TIM_OC_ConfigChannel: to use the Timer to generate an 
N              Output Compare signal.
N         (++) HAL_TIM_PWM_Init and HAL_TIM_PWM_ConfigChannel: to use the Timer to generate a 
N              PWM signal.
N         (++) HAL_TIM_IC_Init and HAL_TIM_IC_ConfigChannel: to use the Timer to measure an 
N              external signal.
N         (++) HAL_TIM_OnePulse_Init and HAL_TIM_OnePulse_ConfigChannel: to use the Timer in One Pulse Mode.
N         (++) HAL_TIM_Encoder_Init: to use the Timer Encoder Interface.
N
N     (#) Activate the TIM peripheral using one of the start functions: 
N         HAL_TIM_Base_Start(), HAL_TIM_Base_Start_DMA(), HAL_TIM_Base_Start_IT(),
N         HAL_TIM_OC_Start(), HAL_TIM_OC_Start_DMA(), HAL_TIM_OC_Start_IT(),
N         HAL_TIM_IC_Start(), HAL_TIM_IC_Start_DMA(), HAL_TIM_IC_Start_IT(),
N         HAL_TIM_PWM_Start(), HAL_TIM_PWM_Start_DMA(), HAL_TIM_PWM_Start_IT(),
N         HAL_TIM_OnePulse_Start(), HAL_TIM_OnePulse_Start_IT(),
N         HAL_TIM_Encoder_Start(), HAL_TIM_Encoder_Start_DMA() or HAL_TIM_Encoder_Start_IT()
N
N     (#) The DMA Burst is managed with the two following functions:
N         HAL_TIM_DMABurst_WriteStart
N         HAL_TIM_DMABurst_ReadStart
N  
N  @endverbatim
N  ******************************************************************************
N  * @attention
N  *
N  * <h2><center>&copy; COPYRIGHT(c) 2016 STMicroelectronics</center></h2>
N  *
N  * Redistribution and use in source and binary forms, with or without modification,
N  * are permitted provided that the following conditions are met:
N  *   1. Redistributions of source code must retain the above copyright notice,
N  *      this list of conditions and the following disclaimer.
N  *   2. Redistributions in binary form must reproduce the above copyright notice,
N  *      this list of conditions and the following disclaimer in the documentation
N  *      and/or other materials provided with the distribution.
N  *   3. Neither the name of STMicroelectronics nor the names of its contributors
N  *      may be used to endorse or promote products derived from this software
N  *      without specific prior written permission.
N  *
N  * THIS SOFTWARE IS PROVIDED BY THE COPYRIGHT HOLDERS AND CONTRIBUTORS "AS IS"
N  * AND ANY EXPRESS OR IMPLIED WARRANTIES, INCLUDING, BUT NOT LIMITED TO, THE
N  * IMPLIED WARRANTIES OF MERCHANTABILITY AND FITNESS FOR A PARTICULAR PURPOSE ARE
N  * DISCLAIMED. IN NO EVENT SHALL THE COPYRIGHT HOLDER OR CONTRIBUTORS BE LIABLE
N  * FOR ANY DIRECT, INDIRECT, INCIDENTAL, SPECIAL, EXEMPLARY, OR CONSEQUENTIAL
N  * DAMAGES (INCLUDING, BUT NOT LIMITED TO, PROCUREMENT OF SUBSTITUTE GOODS OR
N  * SERVICES; LOSS OF USE, DATA, OR PROFITS; OR BUSINESS INTERRUPTION) HOWEVER
N  * CAUSED AND ON ANY THEORY OF LIABILITY, WHETHER IN CONTRACT, STRICT LIABILITY,
N  * OR TORT (INCLUDING NEGLIGENCE OR OTHERWISE) ARISING IN ANY WAY OUT OF THE USE
N  * OF THIS SOFTWARE, EVEN IF ADVISED OF THE POSSIBILITY OF SUCH DAMAGE.
N  *
N  ******************************************************************************
N  */ 
N
N/* Includes ------------------------------------------------------------------*/
C "..\..\..\M0P0_Library\STM32Cube_FW_L0_V1.10.0\Drivers\STM32L0xx_HAL_Driver\Src\stm32l0xx_hal_tim.c" 130 27 cannot open source input file "stm32l0xx_hal.h": No such file or directory
N#include "stm32l0xx_hal.h"
