<?xml version="1.0"?>
<link_info>
   <banner>MSP430 Linker PC v16.9.6.LTS</banner>
   <copyright>Copyright (c) 2003-2017 Texas Instruments Incorporated</copyright>
   <link_time>0x5b511483</link_time>
   <link_errors>0x0</link_errors>
   <output_file>RMP.out</output_file>
   <entry_point>
      <name>_c_int00_noargs_noexit_mpu</name>
      <address>0xc2ae</address>
   </entry_point>
   <input_file_list>
      <input_file id="fl-2">
         <path>.\Benchmark\</path>
         <kind>object</kind>
         <file>rmp_test.obj</file>
         <name>rmp_test.obj</name>
      </input_file>
      <input_file id="fl-3">
         <path>.\Kernel\</path>
         <kind>object</kind>
         <file>rmp_kernel.obj</file>
         <name>rmp_kernel.obj</name>
      </input_file>
      <input_file id="fl-4">
         <path>.\Lib\</path>
         <kind>object</kind>
         <file>cs.obj</file>
         <name>cs.obj</name>
      </input_file>
      <input_file id="fl-5">
         <path>.\Lib\</path>
         <kind>object</kind>
         <file>eusci_a_uart.obj</file>
         <name>eusci_a_uart.obj</name>
      </input_file>
      <input_file id="fl-6">
         <path>.\Lib\</path>
         <kind>object</kind>
         <file>framctl_a.obj</file>
         <name>framctl_a.obj</name>
      </input_file>
      <input_file id="fl-7">
         <path>.\Lib\</path>
         <kind>object</kind>
         <file>gpio.obj</file>
         <name>gpio.obj</name>
      </input_file>
      <input_file id="fl-8">
         <path>.\Lib\</path>
         <kind>object</kind>
         <file>timer_a.obj</file>
         <name>timer_a.obj</name>
      </input_file>
      <input_file id="fl-9">
         <path>.\Platform\</path>
         <kind>object</kind>
         <file>rmp_platform_msp430.obj</file>
         <name>rmp_platform_msp430.obj</name>
      </input_file>
      <input_file id="fl-31">
         <path>D:\Program_Files_x86\TI\ccs740\ccsv7\tools\compiler\ti-cgt-msp430_16.9.6.LTS\lib\</path>
         <kind>archive</kind>
         <file>rts430x_lc_ld_eabi.lib</file>
         <name>copy_decompress_lzss.obj</name>
      </input_file>
      <input_file id="fl-32">
         <path>D:\Program_Files_x86\TI\ccs740\ccsv7\tools\compiler\ti-cgt-msp430_16.9.6.LTS\lib\</path>
         <kind>archive</kind>
         <file>rts430x_lc_ld_eabi.lib</file>
         <name>copy_decompress_none.obj</name>
      </input_file>
      <input_file id="fl-56">
         <path>D:\Program_Files_x86\TI\ccs740\ccsv7\tools\compiler\ti-cgt-msp430_16.9.6.LTS\lib\</path>
         <kind>archive</kind>
         <file>rts430x_lc_ld_eabi.lib</file>
         <name>copy_zero_init.obj</name>
      </input_file>
      <input_file id="fl-68">
         <path>D:\Program_Files_x86\TI\ccs740\ccsv7\ccs_base\msp430\lib\FR59xx\</path>
         <kind>archive</kind>
         <file>MSPMPU_INIT_LIB_CCS_msp430_large_code_large_data.lib</file>
         <name>mpu_init.o</name>
      </input_file>
      <input_file id="fl-69">
         <path>D:\Program_Files_x86\TI\ccs740\ccsv7\tools\compiler\ti-cgt-msp430_16.9.6.LTS\lib\</path>
         <kind>archive</kind>
         <file>rts430x_lc_ld_eabi.lib</file>
         <name>startup.obj</name>
      </input_file>
      <input_file id="fl-6a">
         <path>D:\Program_Files_x86\TI\ccs740\ccsv7\tools\compiler\ti-cgt-msp430_16.9.6.LTS\lib\</path>
         <kind>archive</kind>
         <file>rts430x_lc_ld_eabi.lib</file>
         <name>pre_init.obj</name>
      </input_file>
      <input_file id="fl-6c">
         <path>D:\Program_Files_x86\TI\ccs740\ccsv7\tools\compiler\ti-cgt-msp430_16.9.6.LTS\lib\</path>
         <kind>archive</kind>
         <file>rts430x_lc_ld_eabi.lib</file>
         <name>exit_gvars.obj</name>
      </input_file>
      <input_file id="fl-6d">
         <path>D:\Program_Files_x86\TI\ccs740\ccsv7\tools\compiler\ti-cgt-msp430_16.9.6.LTS\lib\</path>
         <kind>archive</kind>
         <file>rts430x_lc_ld_eabi.lib</file>
         <name>_lock.obj</name>
      </input_file>
      <input_file id="fl-6e">
         <path>D:\Program_Files_x86\TI\ccs740\ccsv7\tools\compiler\ti-cgt-msp430_16.9.6.LTS\lib\</path>
         <kind>archive</kind>
         <file>rts430x_lc_ld_eabi.lib</file>
         <name>cpy_tbl.obj</name>
      </input_file>
      <input_file id="fl-70">
         <path>D:\Program_Files_x86\TI\ccs740\ccsv7\tools\compiler\ti-cgt-msp430_16.9.6.LTS\lib\</path>
         <kind>archive</kind>
         <file>rts430x_lc_ld_eabi.lib</file>
         <name>memcpy.obj</name>
      </input_file>
      <input_file id="fl-72">
         <path>C:\Users\pry\AppData\Local\Temp\</path>
         <kind>object</kind>
         <file>{DC83CF97-5488-429B-BD7E-A6A356758420}</file>
         <name>{DC83CF97-5488-429B-BD7E-A6A356758420}</name>
      </input_file>
      <input_file id="fl-a">
         <path>.\Platform\</path>
         <kind>object</kind>
         <file>rmp_platform_msp430x_asm.obj</file>
         <name>rmp_platform_msp430x_asm.obj</name>
      </input_file>
      <input_file id="fl-11">
         <kind>object</kind>
         <file>&lt;internal&gt;</file>
         <name>&lt;internal&gt;</name>
      </input_file>
      <input_file id="fl-33">
         <path>D:\Program_Files_x86\TI\ccs740\ccsv7\tools\compiler\ti-cgt-msp430_16.9.6.LTS\lib\</path>
         <kind>archive</kind>
         <file>rts430x_lc_ld_eabi.lib</file>
         <name>int18.obj</name>
      </input_file>
      <input_file id="fl-34">
         <path>D:\Program_Files_x86\TI\ccs740\ccsv7\tools\compiler\ti-cgt-msp430_16.9.6.LTS\lib\</path>
         <kind>archive</kind>
         <file>rts430x_lc_ld_eabi.lib</file>
         <name>isr_trap.obj</name>
      </input_file>
      <input_file id="fl-35">
         <path>D:\Program_Files_x86\TI\ccs740\ccsv7\tools\compiler\ti-cgt-msp430_16.9.6.LTS\lib\</path>
         <kind>archive</kind>
         <file>rts430x_lc_ld_eabi.lib</file>
         <name>int19.obj</name>
      </input_file>
      <input_file id="fl-36">
         <path>D:\Program_Files_x86\TI\ccs740\ccsv7\tools\compiler\ti-cgt-msp430_16.9.6.LTS\lib\</path>
         <kind>archive</kind>
         <file>rts430x_lc_ld_eabi.lib</file>
         <name>int20.obj</name>
      </input_file>
      <input_file id="fl-37">
         <path>D:\Program_Files_x86\TI\ccs740\ccsv7\tools\compiler\ti-cgt-msp430_16.9.6.LTS\lib\</path>
         <kind>archive</kind>
         <file>rts430x_lc_ld_eabi.lib</file>
         <name>int21.obj</name>
      </input_file>
      <input_file id="fl-38">
         <path>D:\Program_Files_x86\TI\ccs740\ccsv7\tools\compiler\ti-cgt-msp430_16.9.6.LTS\lib\</path>
         <kind>archive</kind>
         <file>rts430x_lc_ld_eabi.lib</file>
         <name>int22.obj</name>
      </input_file>
      <input_file id="fl-39">
         <path>D:\Program_Files_x86\TI\ccs740\ccsv7\tools\compiler\ti-cgt-msp430_16.9.6.LTS\lib\</path>
         <kind>archive</kind>
         <file>rts430x_lc_ld_eabi.lib</file>
         <name>int23.obj</name>
      </input_file>
      <input_file id="fl-3a">
         <path>D:\Program_Files_x86\TI\ccs740\ccsv7\tools\compiler\ti-cgt-msp430_16.9.6.LTS\lib\</path>
         <kind>archive</kind>
         <file>rts430x_lc_ld_eabi.lib</file>
         <name>int24.obj</name>
      </input_file>
      <input_file id="fl-3b">
         <path>D:\Program_Files_x86\TI\ccs740\ccsv7\tools\compiler\ti-cgt-msp430_16.9.6.LTS\lib\</path>
         <kind>archive</kind>
         <file>rts430x_lc_ld_eabi.lib</file>
         <name>int25.obj</name>
      </input_file>
      <input_file id="fl-3c">
         <path>D:\Program_Files_x86\TI\ccs740\ccsv7\tools\compiler\ti-cgt-msp430_16.9.6.LTS\lib\</path>
         <kind>archive</kind>
         <file>rts430x_lc_ld_eabi.lib</file>
         <name>int26.obj</name>
      </input_file>
      <input_file id="fl-3d">
         <path>D:\Program_Files_x86\TI\ccs740\ccsv7\tools\compiler\ti-cgt-msp430_16.9.6.LTS\lib\</path>
         <kind>archive</kind>
         <file>rts430x_lc_ld_eabi.lib</file>
         <name>int27.obj</name>
      </input_file>
      <input_file id="fl-3e">
         <path>D:\Program_Files_x86\TI\ccs740\ccsv7\tools\compiler\ti-cgt-msp430_16.9.6.LTS\lib\</path>
         <kind>archive</kind>
         <file>rts430x_lc_ld_eabi.lib</file>
         <name>int28.obj</name>
      </input_file>
      <input_file id="fl-3f">
         <path>D:\Program_Files_x86\TI\ccs740\ccsv7\tools\compiler\ti-cgt-msp430_16.9.6.LTS\lib\</path>
         <kind>archive</kind>
         <file>rts430x_lc_ld_eabi.lib</file>
         <name>int29.obj</name>
      </input_file>
      <input_file id="fl-40">
         <path>D:\Program_Files_x86\TI\ccs740\ccsv7\tools\compiler\ti-cgt-msp430_16.9.6.LTS\lib\</path>
         <kind>archive</kind>
         <file>rts430x_lc_ld_eabi.lib</file>
         <name>int30.obj</name>
      </input_file>
      <input_file id="fl-41">
         <path>D:\Program_Files_x86\TI\ccs740\ccsv7\tools\compiler\ti-cgt-msp430_16.9.6.LTS\lib\</path>
         <kind>archive</kind>
         <file>rts430x_lc_ld_eabi.lib</file>
         <name>int31.obj</name>
      </input_file>
      <input_file id="fl-42">
         <path>D:\Program_Files_x86\TI\ccs740\ccsv7\tools\compiler\ti-cgt-msp430_16.9.6.LTS\lib\</path>
         <kind>archive</kind>
         <file>rts430x_lc_ld_eabi.lib</file>
         <name>int32.obj</name>
      </input_file>
      <input_file id="fl-43">
         <path>D:\Program_Files_x86\TI\ccs740\ccsv7\tools\compiler\ti-cgt-msp430_16.9.6.LTS\lib\</path>
         <kind>archive</kind>
         <file>rts430x_lc_ld_eabi.lib</file>
         <name>int33.obj</name>
      </input_file>
      <input_file id="fl-44">
         <path>D:\Program_Files_x86\TI\ccs740\ccsv7\tools\compiler\ti-cgt-msp430_16.9.6.LTS\lib\</path>
         <kind>archive</kind>
         <file>rts430x_lc_ld_eabi.lib</file>
         <name>int34.obj</name>
      </input_file>
      <input_file id="fl-45">
         <path>D:\Program_Files_x86\TI\ccs740\ccsv7\tools\compiler\ti-cgt-msp430_16.9.6.LTS\lib\</path>
         <kind>archive</kind>
         <file>rts430x_lc_ld_eabi.lib</file>
         <name>int35.obj</name>
      </input_file>
      <input_file id="fl-46">
         <path>D:\Program_Files_x86\TI\ccs740\ccsv7\tools\compiler\ti-cgt-msp430_16.9.6.LTS\lib\</path>
         <kind>archive</kind>
         <file>rts430x_lc_ld_eabi.lib</file>
         <name>int36.obj</name>
      </input_file>
      <input_file id="fl-47">
         <path>D:\Program_Files_x86\TI\ccs740\ccsv7\tools\compiler\ti-cgt-msp430_16.9.6.LTS\lib\</path>
         <kind>archive</kind>
         <file>rts430x_lc_ld_eabi.lib</file>
         <name>int37.obj</name>
      </input_file>
      <input_file id="fl-48">
         <path>D:\Program_Files_x86\TI\ccs740\ccsv7\tools\compiler\ti-cgt-msp430_16.9.6.LTS\lib\</path>
         <kind>archive</kind>
         <file>rts430x_lc_ld_eabi.lib</file>
         <name>int38.obj</name>
      </input_file>
      <input_file id="fl-49">
         <path>D:\Program_Files_x86\TI\ccs740\ccsv7\tools\compiler\ti-cgt-msp430_16.9.6.LTS\lib\</path>
         <kind>archive</kind>
         <file>rts430x_lc_ld_eabi.lib</file>
         <name>int39.obj</name>
      </input_file>
      <input_file id="fl-4a">
         <path>D:\Program_Files_x86\TI\ccs740\ccsv7\tools\compiler\ti-cgt-msp430_16.9.6.LTS\lib\</path>
         <kind>archive</kind>
         <file>rts430x_lc_ld_eabi.lib</file>
         <name>int40.obj</name>
      </input_file>
      <input_file id="fl-4b">
         <path>D:\Program_Files_x86\TI\ccs740\ccsv7\tools\compiler\ti-cgt-msp430_16.9.6.LTS\lib\</path>
         <kind>archive</kind>
         <file>rts430x_lc_ld_eabi.lib</file>
         <name>int42.obj</name>
      </input_file>
      <input_file id="fl-4c">
         <path>D:\Program_Files_x86\TI\ccs740\ccsv7\tools\compiler\ti-cgt-msp430_16.9.6.LTS\lib\</path>
         <kind>archive</kind>
         <file>rts430x_lc_ld_eabi.lib</file>
         <name>int43.obj</name>
      </input_file>
      <input_file id="fl-4d">
         <path>D:\Program_Files_x86\TI\ccs740\ccsv7\tools\compiler\ti-cgt-msp430_16.9.6.LTS\lib\</path>
         <kind>archive</kind>
         <file>rts430x_lc_ld_eabi.lib</file>
         <name>int46.obj</name>
      </input_file>
      <input_file id="fl-4e">
         <path>D:\Program_Files_x86\TI\ccs740\ccsv7\tools\compiler\ti-cgt-msp430_16.9.6.LTS\lib\</path>
         <kind>archive</kind>
         <file>rts430x_lc_ld_eabi.lib</file>
         <name>int47.obj</name>
      </input_file>
      <input_file id="fl-4f">
         <path>D:\Program_Files_x86\TI\ccs740\ccsv7\tools\compiler\ti-cgt-msp430_16.9.6.LTS\lib\</path>
         <kind>archive</kind>
         <file>rts430x_lc_ld_eabi.lib</file>
         <name>int48.obj</name>
      </input_file>
      <input_file id="fl-50">
         <path>D:\Program_Files_x86\TI\ccs740\ccsv7\tools\compiler\ti-cgt-msp430_16.9.6.LTS\lib\</path>
         <kind>archive</kind>
         <file>rts430x_lc_ld_eabi.lib</file>
         <name>int49.obj</name>
      </input_file>
      <input_file id="fl-51">
         <path>D:\Program_Files_x86\TI\ccs740\ccsv7\tools\compiler\ti-cgt-msp430_16.9.6.LTS\lib\</path>
         <kind>archive</kind>
         <file>rts430x_lc_ld_eabi.lib</file>
         <name>int50.obj</name>
      </input_file>
      <input_file id="fl-52">
         <path>D:\Program_Files_x86\TI\ccs740\ccsv7\tools\compiler\ti-cgt-msp430_16.9.6.LTS\lib\</path>
         <kind>archive</kind>
         <file>rts430x_lc_ld_eabi.lib</file>
         <name>int51.obj</name>
      </input_file>
      <input_file id="fl-53">
         <path>D:\Program_Files_x86\TI\ccs740\ccsv7\tools\compiler\ti-cgt-msp430_16.9.6.LTS\lib\</path>
         <kind>archive</kind>
         <file>rts430x_lc_ld_eabi.lib</file>
         <name>int52.obj</name>
      </input_file>
      <input_file id="fl-54">
         <path>D:\Program_Files_x86\TI\ccs740\ccsv7\tools\compiler\ti-cgt-msp430_16.9.6.LTS\lib\</path>
         <kind>archive</kind>
         <file>rts430x_lc_ld_eabi.lib</file>
         <name>int53.obj</name>
      </input_file>
      <input_file id="fl-55">
         <path>D:\Program_Files_x86\TI\ccs740\ccsv7\tools\compiler\ti-cgt-msp430_16.9.6.LTS\lib\</path>
         <kind>archive</kind>
         <file>rts430x_lc_ld_eabi.lib</file>
         <name>int54.obj</name>
      </input_file>
      <input_file id="fl-57">
         <path>D:\Program_Files_x86\TI\ccs740\ccsv7\tools\compiler\ti-cgt-msp430_16.9.6.LTS\lib\</path>
         <kind>archive</kind>
         <file>rts430x_lc_ld_eabi.lib</file>
         <name>div16s.obj</name>
      </input_file>
      <input_file id="fl-58">
         <path>D:\Program_Files_x86\TI\ccs740\ccsv7\tools\compiler\ti-cgt-msp430_16.9.6.LTS\lib\</path>
         <kind>archive</kind>
         <file>rts430x_lc_ld_eabi.lib</file>
         <name>div32s.obj</name>
      </input_file>
      <input_file id="fl-59">
         <path>D:\Program_Files_x86\TI\ccs740\ccsv7\tools\compiler\ti-cgt-msp430_16.9.6.LTS\lib\</path>
         <kind>archive</kind>
         <file>rts430x_lc_ld_eabi.lib</file>
         <name>div16u.obj</name>
      </input_file>
      <input_file id="fl-5a">
         <path>D:\Program_Files_x86\TI\ccs740\ccsv7\tools\compiler\ti-cgt-msp430_16.9.6.LTS\lib\</path>
         <kind>archive</kind>
         <file>rts430x_lc_ld_eabi.lib</file>
         <name>div32u.obj</name>
      </input_file>
      <input_file id="fl-5b">
         <path>D:\Program_Files_x86\TI\ccs740\ccsv7\tools\compiler\ti-cgt-msp430_16.9.6.LTS\lib\</path>
         <kind>archive</kind>
         <file>rts430x_lc_ld_eabi.lib</file>
         <name>mult16_f5hw.obj</name>
      </input_file>
      <input_file id="fl-5c">
         <path>D:\Program_Files_x86\TI\ccs740\ccsv7\tools\compiler\ti-cgt-msp430_16.9.6.LTS\lib\</path>
         <kind>archive</kind>
         <file>rts430x_lc_ld_eabi.lib</file>
         <name>mult32_f5hw.obj</name>
      </input_file>
      <input_file id="fl-5d">
         <path>D:\Program_Files_x86\TI\ccs740\ccsv7\tools\compiler\ti-cgt-msp430_16.9.6.LTS\lib\</path>
         <kind>archive</kind>
         <file>rts430x_lc_ld_eabi.lib</file>
         <name>mult64_f5hw.obj</name>
      </input_file>
      <input_file id="fl-5e">
         <path>D:\Program_Files_x86\TI\ccs740\ccsv7\tools\compiler\ti-cgt-msp430_16.9.6.LTS\lib\</path>
         <kind>archive</kind>
         <file>rts430x_lc_ld_eabi.lib</file>
         <name>mult1632_f5hw.obj</name>
      </input_file>
      <input_file id="fl-5f">
         <path>D:\Program_Files_x86\TI\ccs740\ccsv7\tools\compiler\ti-cgt-msp430_16.9.6.LTS\lib\</path>
         <kind>archive</kind>
         <file>rts430x_lc_ld_eabi.lib</file>
         <name>mult3264_f5hw.obj</name>
      </input_file>
      <input_file id="fl-60">
         <path>D:\Program_Files_x86\TI\ccs740\ccsv7\tools\compiler\ti-cgt-msp430_16.9.6.LTS\lib\</path>
         <kind>archive</kind>
         <file>rts430x_lc_ld_eabi.lib</file>
         <name>lsl16.obj</name>
      </input_file>
      <input_file id="fl-61">
         <path>D:\Program_Files_x86\TI\ccs740\ccsv7\tools\compiler\ti-cgt-msp430_16.9.6.LTS\lib\</path>
         <kind>archive</kind>
         <file>rts430x_lc_ld_eabi.lib</file>
         <name>lsl32.obj</name>
      </input_file>
      <input_file id="fl-62">
         <path>D:\Program_Files_x86\TI\ccs740\ccsv7\tools\compiler\ti-cgt-msp430_16.9.6.LTS\lib\</path>
         <kind>archive</kind>
         <file>rts430x_lc_ld_eabi.lib</file>
         <name>lsr32.obj</name>
      </input_file>
      <input_file id="fl-63">
         <path>D:\Program_Files_x86\TI\ccs740\ccsv7\tools\compiler\ti-cgt-msp430_16.9.6.LTS\lib\</path>
         <kind>archive</kind>
         <file>rts430x_lc_ld_eabi.lib</file>
         <name>boot.obj</name>
      </input_file>
      <input_file id="fl-64">
         <path>D:\Program_Files_x86\TI\ccs740\ccsv7\tools\compiler\ti-cgt-msp430_16.9.6.LTS\lib\</path>
         <kind>archive</kind>
         <file>rts430x_lc_ld_eabi.lib</file>
         <name>args_main.obj</name>
      </input_file>
      <input_file id="fl-65">
         <path>D:\Program_Files_x86\TI\ccs740\ccsv7\tools\compiler\ti-cgt-msp430_16.9.6.LTS\lib\</path>
         <kind>archive</kind>
         <file>rts430x_lc_ld_eabi.lib</file>
         <name>autoinit_wdt.obj</name>
      </input_file>
      <input_file id="fl-66">
         <path>D:\Program_Files_x86\TI\ccs740\ccsv7\tools\compiler\ti-cgt-msp430_16.9.6.LTS\lib\</path>
         <kind>archive</kind>
         <file>rts430x_lc_ld_eabi.lib</file>
         <name>asr32.obj</name>
      </input_file>
      <input_file id="fl-67">
         <path>D:\Program_Files_x86\TI\ccs740\ccsv7\tools\compiler\ti-cgt-msp430_16.9.6.LTS\lib\</path>
         <kind>archive</kind>
         <file>rts430x_lc_ld_eabi.lib</file>
         <name>boot_special.obj</name>
      </input_file>
      <input_file id="fl-6b">
         <path>D:\Program_Files_x86\TI\ccs740\ccsv7\tools\compiler\ti-cgt-msp430_16.9.6.LTS\lib\</path>
         <kind>archive</kind>
         <file>rts430x_lc_ld_eabi.lib</file>
         <name>exit.obj</name>
      </input_file>
      <input_file id="fl-6f">
         <path>D:\Program_Files_x86\TI\ccs740\ccsv7\tools\compiler\ti-cgt-msp430_16.9.6.LTS\lib\</path>
         <kind>archive</kind>
         <file>rts430x_lc_ld_eabi.lib</file>
         <name>mult16.obj</name>
      </input_file>
   </input_file_list>
   <object_component_list>
      <object_component id="oc-8d6">
         <name>.TI.persistent:Pool</name>
         <load_address>0x4000</load_address>
         <run_address>0x4000</run_address>
         <size>0x8000</size>
         <input_file_ref idref="fl-2"/>
      </object_component>
      <object_component id="oc-97e">
         <name>.cinit..data.load</name>
         <load_address>0xc530</load_address>
         <run_address>0xc530</run_address>
         <size>0xd</size>
      </object_component>
      <object_component id="oc-97b">
         <name>__TI_handler_table</name>
         <load_address>0xc53e</load_address>
         <run_address>0xc53e</run_address>
         <size>0xc</size>
      </object_component>
      <object_component id="oc-97d">
         <name>.cinit..bss.load</name>
         <load_address>0xc54a</load_address>
         <run_address>0xc54a</run_address>
         <size>0x6</size>
      </object_component>
      <object_component id="oc-97c">
         <name>__TI_cinit_table</name>
         <load_address>0xc550</load_address>
         <run_address>0xc550</run_address>
         <size>0x10</size>
      </object_component>
      <object_component id="oc-912">
         <name>.binit</name>
         <load_address>0x4000</load_address>
         <run_address>0x4000</run_address>
         <size>0x0</size>
      </object_component>
      <object_component id="oc-6fd">
         <name>.text:_isr:TIM1_IRQHandler</name>
         <load_address>0xc000</load_address>
         <run_address>0xc000</run_address>
         <size>0x274</size>
         <input_file_ref idref="fl-2"/>
      </object_component>
      <object_component id="oc-703">
         <name>.text:_isr</name>
         <load_address>0xc274</load_address>
         <run_address>0xc274</run_address>
         <size>0x3a</size>
         <input_file_ref idref="fl-a"/>
      </object_component>
      <object_component id="oc-d9">
         <name>.text:_isr:_c_int00_noargs_noexit_mpu</name>
         <load_address>0xc2ae</load_address>
         <run_address>0xc2ae</run_address>
         <size>0x1e</size>
         <input_file_ref idref="fl-67"/>
      </object_component>
      <object_component id="oc-6f8">
         <name>.text:_isr:__TI_ISR_TRAP</name>
         <load_address>0xc2cc</load_address>
         <run_address>0xc2cc</run_address>
         <size>0x8</size>
         <input_file_ref idref="fl-34"/>
      </object_component>
      <object_component id="oc-90c">
         <name>.const:.string:RMP_RBIT_Table$1</name>
         <load_address>0xc2d4</load_address>
         <run_address>0xc2d4</run_address>
         <size>0x100</size>
         <input_file_ref idref="fl-3"/>
      </object_component>
      <object_component id="oc-778">
         <name>.const:.string</name>
         <load_address>0xc3d4</load_address>
         <run_address>0xc3d4</run_address>
         <size>0xc0</size>
         <input_file_ref idref="fl-72"/>
      </object_component>
      <object_component id="oc-821">
         <name>.const:.string:RMP_MSB_Tbl</name>
         <load_address>0xc494</load_address>
         <run_address>0xc494</run_address>
         <size>0x80</size>
         <input_file_ref idref="fl-9"/>
      </object_component>
      <object_component id="oc-856">
         <name>.const:GPIO_PORT_TO_BASE$5</name>
         <load_address>0xc514</load_address>
         <run_address>0xc514</run_address>
         <size>0x1c</size>
         <input_file_ref idref="fl-7"/>
      </object_component>
      <object_component id="oc-87e">
         <name>.text:Func_2</name>
         <load_address>0x10000</load_address>
         <run_address>0x10000</run_address>
         <size>0xb92</size>
         <input_file_ref idref="fl-2"/>
      </object_component>
      <object_component id="oc-8ba">
         <name>.text:RMP_Mem_Init</name>
         <load_address>0x10b92</load_address>
         <run_address>0x10b92</run_address>
         <size>0x212</size>
         <input_file_ref idref="fl-3"/>
      </object_component>
      <object_component id="oc-89f">
         <name>.text:RMP_Thd_Snd</name>
         <load_address>0x10da4</load_address>
         <run_address>0x10da4</run_address>
         <size>0x1e4</size>
         <input_file_ref idref="fl-3"/>
      </object_component>
      <object_component id="oc-871">
         <name>.text:Func_1</name>
         <load_address>0x10f88</load_address>
         <run_address>0x10f88</run_address>
         <size>0x1de</size>
         <input_file_ref idref="fl-2"/>
      </object_component>
      <object_component id="oc-729">
         <name>.text:main</name>
         <load_address>0x11166</load_address>
         <run_address>0x11166</run_address>
         <size>0x1d4</size>
         <input_file_ref idref="fl-3"/>
      </object_component>
      <object_component id="oc-7fb">
         <name>.text:RMP_Init</name>
         <load_address>0x1133a</load_address>
         <run_address>0x1133a</run_address>
         <size>0x1c8</size>
         <input_file_ref idref="fl-3"/>
      </object_component>
      <object_component id="oc-7eb">
         <name>.text:_RMP_Low_Level_Init</name>
         <load_address>0x11502</load_address>
         <run_address>0x11502</run_address>
         <size>0x1c4</size>
         <input_file_ref idref="fl-9"/>
      </object_component>
      <object_component id="oc-8ad">
         <name>.text:RMP_Thd_Rcv</name>
         <load_address>0x116c6</load_address>
         <run_address>0x116c6</run_address>
         <size>0x1be</size>
         <input_file_ref idref="fl-3"/>
      </object_component>
      <object_component id="oc-8e0">
         <name>.text:_RMP_Mem_Search$1</name>
         <load_address>0x11884</load_address>
         <run_address>0x11884</run_address>
         <size>0x1be</size>
         <input_file_ref idref="fl-3"/>
      </object_component>
      <object_component id="oc-77f">
         <name>.text:RMP_Print_Int</name>
         <load_address>0x11a42</load_address>
         <run_address>0x11a42</run_address>
         <size>0x17c</size>
         <input_file_ref idref="fl-3"/>
      </object_component>
      <object_component id="oc-8ca">
         <name>.text:RMP_Free</name>
         <load_address>0x11bbe</load_address>
         <run_address>0x11bbe</run_address>
         <size>0x170</size>
         <input_file_ref idref="fl-3"/>
      </object_component>
      <object_component id="oc-898">
         <name>.text:RMP_Thd_Set</name>
         <load_address>0x11d2e</load_address>
         <run_address>0x11d2e</run_address>
         <size>0x13a</size>
         <input_file_ref idref="fl-3"/>
      </object_component>
      <object_component id="oc-8c3">
         <name>.text:RMP_Malloc</name>
         <load_address>0x11e68</load_address>
         <run_address>0x11e68</run_address>
         <size>0x138</size>
         <input_file_ref idref="fl-3"/>
      </object_component>
      <object_component id="oc-7b7">
         <name>.text:_RMP_Tick_Handler</name>
         <load_address>0x11fa0</load_address>
         <run_address>0x11fa0</run_address>
         <size>0x130</size>
         <input_file_ref idref="fl-3"/>
      </object_component>
      <object_component id="oc-7a5">
         <name>.text:_RMP_Get_High_Rdy</name>
         <load_address>0x120d0</load_address>
         <run_address>0x120d0</run_address>
         <size>0x124</size>
         <input_file_ref idref="fl-3"/>
      </object_component>
      <object_component id="oc-8d9">
         <name>.text:_RMP_Mem_Ins$1</name>
         <load_address>0x121f4</load_address>
         <run_address>0x121f4</run_address>
         <size>0x11e</size>
         <input_file_ref idref="fl-3"/>
      </object_component>
      <object_component id="oc-8e6">
         <name>.text:_RMP_Mem_Del$1</name>
         <load_address>0x12312</load_address>
         <run_address>0x12312</run_address>
         <size>0x11a</size>
         <input_file_ref idref="fl-3"/>
      </object_component>
      <object_component id="oc-877">
         <name>.text:RMP_Thd_Crt</name>
         <load_address>0x1242c</load_address>
         <run_address>0x1242c</run_address>
         <size>0x108</size>
         <input_file_ref idref="fl-3"/>
      </object_component>
      <object_component id="oc-8b3">
         <name>.text:RMP_Sem_Pend</name>
         <load_address>0x12534</load_address>
         <run_address>0x12534</run_address>
         <size>0xe2</size>
         <input_file_ref idref="fl-3"/>
      </object_component>
      <object_component id="oc-70f">
         <name>.text:_auto_init_hold_wdt</name>
         <load_address>0x12616</load_address>
         <run_address>0x12616</run_address>
         <size>0xa6</size>
         <input_file_ref idref="fl-65"/>
      </object_component>
      <object_component id="oc-8fb">
         <name>.text:RMP_LSB_Get</name>
         <load_address>0x126bc</load_address>
         <run_address>0x126bc</run_address>
         <size>0x8a</size>
         <input_file_ref idref="fl-3"/>
      </object_component>
      <object_component id="oc-76f">
         <name>.text:_RMP_Set_Rdy$1</name>
         <load_address>0x12746</load_address>
         <run_address>0x12746</run_address>
         <size>0x8a</size>
         <input_file_ref idref="fl-3"/>
      </object_component>
      <object_component id="oc-84">
         <name>.text:decompress:lzss:__TI_decompress_lzss</name>
         <load_address>0x127d0</load_address>
         <run_address>0x127d0</run_address>
         <size>0x76</size>
         <input_file_ref idref="fl-31"/>
      </object_component>
      <object_component id="oc-7bf">
         <name>.text:copy_in</name>
         <load_address>0x12846</load_address>
         <run_address>0x12846</run_address>
         <size>0x66</size>
         <input_file_ref idref="fl-6e"/>
      </object_component>
      <object_component id="oc-813">
         <name>.text</name>
         <load_address>0x128ac</load_address>
         <run_address>0x128ac</run_address>
         <size>0x58</size>
         <input_file_ref idref="fl-5a"/>
      </object_component>
      <object_component id="oc-86a">
         <name>.text:RMP_Unlock_Sched</name>
         <load_address>0x12904</load_address>
         <run_address>0x12904</run_address>
         <size>0x4c</size>
         <input_file_ref idref="fl-3"/>
      </object_component>
      <object_component id="oc-905">
         <name>.text:RMP_RBIT_Get</name>
         <load_address>0x12950</load_address>
         <run_address>0x12950</run_address>
         <size>0x48</size>
         <input_file_ref idref="fl-3"/>
      </object_component>
      <object_component id="oc-7c5">
         <name>.text:l_asr_const</name>
         <load_address>0x12998</load_address>
         <run_address>0x12998</run_address>
         <size>0x3e</size>
         <input_file_ref idref="fl-66"/>
      </object_component>
      <object_component id="oc-80e">
         <name>.text:l_lsl_const</name>
         <load_address>0x129d6</load_address>
         <run_address>0x129d6</run_address>
         <size>0x3e</size>
         <input_file_ref idref="fl-61"/>
      </object_component>
      <object_component id="oc-789">
         <name>.text:l_lsr_const</name>
         <load_address>0x12a14</load_address>
         <run_address>0x12a14</run_address>
         <size>0x3e</size>
         <input_file_ref idref="fl-62"/>
      </object_component>
      <object_component id="oc-8a6">
         <name>.text:_RMP_Stack_Init</name>
         <load_address>0x12a52</load_address>
         <run_address>0x12a52</run_address>
         <size>0x32</size>
         <input_file_ref idref="fl-9"/>
      </object_component>
      <object_component id="oc-722">
         <name>.text:__mpu_init</name>
         <load_address>0x12a84</load_address>
         <run_address>0x12a84</run_address>
         <size>0x2c</size>
         <input_file_ref idref="fl-68"/>
      </object_component>
      <object_component id="oc-779">
         <name>.text:RMP_Print_String</name>
         <load_address>0x12ab0</load_address>
         <run_address>0x12ab0</run_address>
         <size>0x28</size>
         <input_file_ref idref="fl-3"/>
      </object_component>
      <object_component id="oc-6ef">
         <name>.text:memcpy</name>
         <load_address>0x12ad8</load_address>
         <run_address>0x12ad8</run_address>
         <size>0x28</size>
         <input_file_ref idref="fl-70"/>
      </object_component>
      <object_component id="oc-b5">
         <name>.text:decompress:ZI:__TI_zero_init</name>
         <load_address>0x12b00</load_address>
         <run_address>0x12b00</run_address>
         <size>0x24</size>
         <input_file_ref idref="fl-56"/>
      </object_component>
      <object_component id="oc-801">
         <name>.text</name>
         <load_address>0x12b24</load_address>
         <run_address>0x12b24</run_address>
         <size>0x1c</size>
         <input_file_ref idref="fl-a"/>
      </object_component>
      <object_component id="oc-82e">
         <name>.text</name>
         <load_address>0x12b40</load_address>
         <run_address>0x12b40</run_address>
         <size>0x18</size>
         <input_file_ref idref="fl-5b"/>
      </object_component>
      <object_component id="oc-8a">
         <name>.text:decompress:none:__TI_decompress_none</name>
         <load_address>0x12b58</load_address>
         <run_address>0x12b58</run_address>
         <size>0x16</size>
         <input_file_ref idref="fl-32"/>
      </object_component>
      <object_component id="oc-860">
         <name>.text:RMP_Lock_Sched</name>
         <load_address>0x12b6e</load_address>
         <run_address>0x12b6e</run_address>
         <size>0x14</size>
         <input_file_ref idref="fl-3"/>
      </object_component>
      <object_component id="oc-824">
         <name>.text:RMP_List_Ins</name>
         <load_address>0x12b82</load_address>
         <run_address>0x12b82</run_address>
         <size>0x12</size>
         <input_file_ref idref="fl-3"/>
      </object_component>
      <object_component id="oc-791">
         <name>.text:l_lsl</name>
         <load_address>0x12b94</load_address>
         <run_address>0x12b94</run_address>
         <size>0x10</size>
         <input_file_ref idref="fl-61"/>
      </object_component>
      <object_component id="oc-8f0">
         <name>.text:l_lsr</name>
         <load_address>0x12ba4</load_address>
         <run_address>0x12ba4</run_address>
         <size>0x10</size>
         <input_file_ref idref="fl-62"/>
      </object_component>
      <object_component id="oc-8f5">
         <name>.text</name>
         <load_address>0x12bb4</load_address>
         <run_address>0x12bb4</run_address>
         <size>0xa</size>
         <input_file_ref idref="fl-60"/>
      </object_component>
      <object_component id="oc-798">
         <name>.text:_RMP_Clear_Soft_Flag</name>
         <load_address>0x12bbe</load_address>
         <run_address>0x12bbe</run_address>
         <size>0x6</size>
         <input_file_ref idref="fl-9"/>
      </object_component>
      <object_component id="oc-7b1">
         <name>.text:_RMP_Clear_Timer_Flag</name>
         <load_address>0x12bc4</load_address>
         <run_address>0x12bc4</run_address>
         <size>0x6</size>
         <input_file_ref idref="fl-9"/>
      </object_component>
      <object_component id="oc-731">
         <name>.text:abort</name>
         <load_address>0x12bca</load_address>
         <run_address>0x12bca</run_address>
         <size>0x6</size>
         <input_file_ref idref="fl-6b"/>
      </object_component>
      <object_component id="oc-709">
         <name>.text:_system_pre_init</name>
         <load_address>0x12bd0</load_address>
         <run_address>0x12bd0</run_address>
         <size>0x4</size>
         <input_file_ref idref="fl-6a"/>
      </object_component>
      <object_component id="oc-7ab">
         <name>.text:RMP_Load_Ctx</name>
         <load_address>0x12bd4</load_address>
         <run_address>0x12bd4</run_address>
         <size>0x2</size>
         <input_file_ref idref="fl-3"/>
      </object_component>
      <object_component id="oc-79e">
         <name>.text:RMP_Save_Ctx</name>
         <load_address>0x12bd6</load_address>
         <run_address>0x12bd6</run_address>
         <size>0x2</size>
         <input_file_ref idref="fl-3"/>
      </object_component>
      <object_component id="oc-7ca">
         <name>.text:_system_post_cinit</name>
         <load_address>0x12bd8</load_address>
         <run_address>0x12bd8</run_address>
         <size>0x2</size>
         <input_file_ref idref="fl-69"/>
      </object_component>
      <object_component id="oc-89e">
         <name>.bss</name>
         <uninitialized>true</uninitialized>
         <run_address>0x2234</run_address>
         <size>0x6</size>
         <input_file_ref idref="fl-2"/>
      </object_component>
      <object_component id="oc-8c9">
         <name>.bss:Mem$5$0</name>
         <uninitialized>true</uninitialized>
         <run_address>0x21d4</run_address>
         <size>0x20</size>
         <input_file_ref idref="fl-2"/>
      </object_component>
      <object_component id="oc-8c0">
         <name>.bss:Alloc$6$0</name>
         <uninitialized>true</uninitialized>
         <run_address>0x2214</run_address>
         <size>0x8</size>
         <input_file_ref idref="fl-2"/>
      </object_component>
      <object_component id="oc-8c1">
         <name>.bss:Free$7$0</name>
         <uninitialized>true</uninitialized>
         <run_address>0x221c</run_address>
         <size>0x8</size>
         <input_file_ref idref="fl-2"/>
      </object_component>
      <object_component id="oc-8c2">
         <name>.bss:Size$8$0</name>
         <uninitialized>true</uninitialized>
         <run_address>0x222c</run_address>
         <size>0x8</size>
         <input_file_ref idref="fl-2"/>
      </object_component>
      <object_component id="oc-8b9">
         <name>.bss:Amount$9$0</name>
         <uninitialized>true</uninitialized>
         <run_address>0x21b4</run_address>
         <size>0x20</size>
         <input_file_ref idref="fl-2"/>
      </object_component>
      <object_component id="oc-78e">
         <name>.bss:RMP_Bitmap$1</name>
         <uninitialized>true</uninitialized>
         <run_address>0x223a</run_address>
         <size>0x4</size>
         <input_file_ref idref="fl-3"/>
      </object_component>
      <object_component id="oc-786">
         <name>.bss:RMP_Run$1</name>
         <uninitialized>true</uninitialized>
         <run_address>0x2080</run_address>
         <size>0x80</size>
         <input_file_ref idref="fl-3"/>
      </object_component>
      <object_component id="oc-7f2">
         <name>.bss:RMP_Delay$1</name>
         <uninitialized>true</uninitialized>
         <run_address>0x2224</run_address>
         <size>0x8</size>
         <input_file_ref idref="fl-3"/>
      </object_component>
      <object_component id="oc-775">
         <name>.bss</name>
         <uninitialized>true</uninitialized>
         <run_address>0x21f4</run_address>
         <size>0x10</size>
         <input_file_ref idref="fl-3"/>
      </object_component>
      <object_component id="oc-7f8">
         <name>.bss:RMP_Init_Stack$1</name>
         <uninitialized>true</uninitialized>
         <run_address>0x2000</run_address>
         <size>0x80</size>
         <input_file_ref idref="fl-3"/>
      </object_component>
      <object_component id="oc-7f5">
         <name>.bss:RMP_Init_Thd$1</name>
         <uninitialized>true</uninitialized>
         <run_address>0x2100</run_address>
         <size>0x3c</size>
         <input_file_ref idref="fl-3"/>
      </object_component>
      <object_component id="oc-870">
         <name>.common:Stack_1</name>
         <uninitialized>true</uninitialized>
         <run_address>0x1c00</run_address>
         <size>0x200</size>
      </object_component>
      <object_component id="oc-87d">
         <name>.common:Stack_2</name>
         <uninitialized>true</uninitialized>
         <run_address>0x1e00</run_address>
         <size>0x200</size>
      </object_component>
      <object_component id="oc-869">
         <name>.common:Thd_1</name>
         <uninitialized>true</uninitialized>
         <run_address>0x213c</run_address>
         <size>0x3c</size>
      </object_component>
      <object_component id="oc-785">
         <name>.common:Thd_2</name>
         <uninitialized>true</uninitialized>
         <run_address>0x2178</run_address>
         <size>0x3c</size>
      </object_component>
      <object_component id="oc-76e">
         <name>.common:Sem_1</name>
         <uninitialized>true</uninitialized>
         <run_address>0x2204</run_address>
         <size>0x10</size>
      </object_component>
      <object_component id="oc-7f1">
         <name>.common:RMP_Tick</name>
         <uninitialized>true</uninitialized>
         <run_address>0x2246</run_address>
         <size>0x4</size>
      </object_component>
      <object_component id="oc-796">
         <name>.common:RMP_Cur_Thd</name>
         <uninitialized>true</uninitialized>
         <run_address>0x2242</run_address>
         <size>0x4</size>
      </object_component>
      <object_component id="oc-7a4">
         <name>.common:RMP_Cur_SP</name>
         <uninitialized>true</uninitialized>
         <run_address>0x223e</run_address>
         <size>0x4</size>
      </object_component>
      <object_component id="oc-866">
         <name>.data:TIM1_Handle</name>
         <load_address>0x2274</load_address>
         <run_address>0x2274</run_address>
         <size>0xe</size>
         <input_file_ref idref="fl-2"/>
      </object_component>
      <object_component id="oc-76b">
         <name>.data</name>
         <load_address>0x224a</load_address>
         <run_address>0x224a</run_address>
         <size>0x2a</size>
         <input_file_ref idref="fl-2"/>
      </object_component>
      <object_component id="oc-6db">
         <name>.stack</name>
         <uninitialized>true</uninitialized>
         <run_address>0x2b60</run_address>
         <size>0x4</size>
         <input_file_ref idref="fl-63"/>
      </object_component>
      <object_component id="oc-97f">
         <name>.stack</name>
         <uninitialized>true</uninitialized>
         <run_address>0x2b60</run_address>
         <size>0x0</size>
      </object_component>
      <object_component id="oc-90">
         <name>.int18</name>
         <load_address>0xffb4</load_address>
         <run_address>0xffb4</run_address>
         <size>0x2</size>
         <input_file_ref idref="fl-33"/>
      </object_component>
      <object_component id="oc-91">
         <name>.int19</name>
         <load_address>0xffb6</load_address>
         <run_address>0xffb6</run_address>
         <size>0x2</size>
         <input_file_ref idref="fl-35"/>
      </object_component>
      <object_component id="oc-92">
         <name>.int20</name>
         <load_address>0xffb8</load_address>
         <run_address>0xffb8</run_address>
         <size>0x2</size>
         <input_file_ref idref="fl-36"/>
      </object_component>
      <object_component id="oc-93">
         <name>.int21</name>
         <load_address>0xffba</load_address>
         <run_address>0xffba</run_address>
         <size>0x2</size>
         <input_file_ref idref="fl-37"/>
      </object_component>
      <object_component id="oc-94">
         <name>.int22</name>
         <load_address>0xffbc</load_address>
         <run_address>0xffbc</run_address>
         <size>0x2</size>
         <input_file_ref idref="fl-38"/>
      </object_component>
      <object_component id="oc-95">
         <name>.int23</name>
         <load_address>0xffbe</load_address>
         <run_address>0xffbe</run_address>
         <size>0x2</size>
         <input_file_ref idref="fl-39"/>
      </object_component>
      <object_component id="oc-96">
         <name>.int24</name>
         <load_address>0xffc0</load_address>
         <run_address>0xffc0</run_address>
         <size>0x2</size>
         <input_file_ref idref="fl-3a"/>
      </object_component>
      <object_component id="oc-97">
         <name>.int25</name>
         <load_address>0xffc2</load_address>
         <run_address>0xffc2</run_address>
         <size>0x2</size>
         <input_file_ref idref="fl-3b"/>
      </object_component>
      <object_component id="oc-98">
         <name>.int26</name>
         <load_address>0xffc4</load_address>
         <run_address>0xffc4</run_address>
         <size>0x2</size>
         <input_file_ref idref="fl-3c"/>
      </object_component>
      <object_component id="oc-99">
         <name>.int27</name>
         <load_address>0xffc6</load_address>
         <run_address>0xffc6</run_address>
         <size>0x2</size>
         <input_file_ref idref="fl-3d"/>
      </object_component>
      <object_component id="oc-9a">
         <name>.int28</name>
         <load_address>0xffc8</load_address>
         <run_address>0xffc8</run_address>
         <size>0x2</size>
         <input_file_ref idref="fl-3e"/>
      </object_component>
      <object_component id="oc-9b">
         <name>.int29</name>
         <load_address>0xffca</load_address>
         <run_address>0xffca</run_address>
         <size>0x2</size>
         <input_file_ref idref="fl-3f"/>
      </object_component>
      <object_component id="oc-9c">
         <name>.int30</name>
         <load_address>0xffcc</load_address>
         <run_address>0xffcc</run_address>
         <size>0x2</size>
         <input_file_ref idref="fl-40"/>
      </object_component>
      <object_component id="oc-9d">
         <name>.int31</name>
         <load_address>0xffce</load_address>
         <run_address>0xffce</run_address>
         <size>0x2</size>
         <input_file_ref idref="fl-41"/>
      </object_component>
      <object_component id="oc-9e">
         <name>.int32</name>
         <load_address>0xffd0</load_address>
         <run_address>0xffd0</run_address>
         <size>0x2</size>
         <input_file_ref idref="fl-42"/>
      </object_component>
      <object_component id="oc-9f">
         <name>.int33</name>
         <load_address>0xffd2</load_address>
         <run_address>0xffd2</run_address>
         <size>0x2</size>
         <input_file_ref idref="fl-43"/>
      </object_component>
      <object_component id="oc-a0">
         <name>.int34</name>
         <load_address>0xffd4</load_address>
         <run_address>0xffd4</run_address>
         <size>0x2</size>
         <input_file_ref idref="fl-44"/>
      </object_component>
      <object_component id="oc-a1">
         <name>.int35</name>
         <load_address>0xffd6</load_address>
         <run_address>0xffd6</run_address>
         <size>0x2</size>
         <input_file_ref idref="fl-45"/>
      </object_component>
      <object_component id="oc-a2">
         <name>.int36</name>
         <load_address>0xffd8</load_address>
         <run_address>0xffd8</run_address>
         <size>0x2</size>
         <input_file_ref idref="fl-46"/>
      </object_component>
      <object_component id="oc-a3">
         <name>.int37</name>
         <load_address>0xffda</load_address>
         <run_address>0xffda</run_address>
         <size>0x2</size>
         <input_file_ref idref="fl-47"/>
      </object_component>
      <object_component id="oc-a4">
         <name>.int38</name>
         <load_address>0xffdc</load_address>
         <run_address>0xffdc</run_address>
         <size>0x2</size>
         <input_file_ref idref="fl-48"/>
      </object_component>
      <object_component id="oc-a5">
         <name>.int39</name>
         <load_address>0xffde</load_address>
         <run_address>0xffde</run_address>
         <size>0x2</size>
         <input_file_ref idref="fl-49"/>
      </object_component>
      <object_component id="oc-a6">
         <name>.int40</name>
         <load_address>0xffe0</load_address>
         <run_address>0xffe0</run_address>
         <size>0x2</size>
         <input_file_ref idref="fl-4a"/>
      </object_component>
      <object_component id="oc-a7">
         <name>.int41</name>
         <load_address>0xffe2</load_address>
         <run_address>0xffe2</run_address>
         <size>0x2</size>
         <input_file_ref idref="fl-72"/>
      </object_component>
      <object_component id="oc-a8">
         <name>.int42</name>
         <load_address>0xffe4</load_address>
         <run_address>0xffe4</run_address>
         <size>0x2</size>
         <input_file_ref idref="fl-4b"/>
      </object_component>
      <object_component id="oc-a9">
         <name>.int43</name>
         <load_address>0xffe6</load_address>
         <run_address>0xffe6</run_address>
         <size>0x2</size>
         <input_file_ref idref="fl-4c"/>
      </object_component>
      <object_component id="oc-aa">
         <name>.int44</name>
         <load_address>0xffe8</load_address>
         <run_address>0xffe8</run_address>
         <size>0x2</size>
         <input_file_ref idref="fl-a"/>
      </object_component>
      <object_component id="oc-ab">
         <name>.int45</name>
         <load_address>0xffea</load_address>
         <run_address>0xffea</run_address>
         <size>0x2</size>
         <input_file_ref idref="fl-a"/>
      </object_component>
      <object_component id="oc-ac">
         <name>.int46</name>
         <load_address>0xffec</load_address>
         <run_address>0xffec</run_address>
         <size>0x2</size>
         <input_file_ref idref="fl-4d"/>
      </object_component>
      <object_component id="oc-ad">
         <name>.int47</name>
         <load_address>0xffee</load_address>
         <run_address>0xffee</run_address>
         <size>0x2</size>
         <input_file_ref idref="fl-4e"/>
      </object_component>
      <object_component id="oc-ae">
         <name>.int48</name>
         <load_address>0xfff0</load_address>
         <run_address>0xfff0</run_address>
         <size>0x2</size>
         <input_file_ref idref="fl-4f"/>
      </object_component>
      <object_component id="oc-af">
         <name>.int49</name>
         <load_address>0xfff2</load_address>
         <run_address>0xfff2</run_address>
         <size>0x2</size>
         <input_file_ref idref="fl-50"/>
      </object_component>
      <object_component id="oc-b0">
         <name>.int50</name>
         <load_address>0xfff4</load_address>
         <run_address>0xfff4</run_address>
         <size>0x2</size>
         <input_file_ref idref="fl-51"/>
      </object_component>
      <object_component id="oc-b1">
         <name>.int51</name>
         <load_address>0xfff6</load_address>
         <run_address>0xfff6</run_address>
         <size>0x2</size>
         <input_file_ref idref="fl-52"/>
      </object_component>
      <object_component id="oc-b2">
         <name>.int52</name>
         <load_address>0xfff8</load_address>
         <run_address>0xfff8</run_address>
         <size>0x2</size>
         <input_file_ref idref="fl-53"/>
      </object_component>
      <object_component id="oc-b3">
         <name>.int53</name>
         <load_address>0xfffa</load_address>
         <run_address>0xfffa</run_address>
         <size>0x2</size>
         <input_file_ref idref="fl-54"/>
      </object_component>
      <object_component id="oc-b4">
         <name>.int54</name>
         <load_address>0xfffc</load_address>
         <run_address>0xfffc</run_address>
         <size>0x2</size>
         <input_file_ref idref="fl-55"/>
      </object_component>
      <object_component id="oc-6de">
         <name>.reset</name>
         <load_address>0xfffe</load_address>
         <run_address>0xfffe</run_address>
         <size>0x2</size>
         <input_file_ref idref="fl-63"/>
      </object_component>
      <object_component id="oc-804">
         <name>.debug_info</name>
         <load_address>0x0</load_address>
         <run_address>0x0</run_address>
         <size>0x1b9</size>
         <input_file_ref idref="fl-a"/>
      </object_component>
      <object_component id="oc-705">
         <name>.debug_info</name>
         <load_address>0x1b9</load_address>
         <run_address>0x1b9</run_address>
         <size>0x20d</size>
         <input_file_ref idref="fl-a"/>
      </object_component>
      <object_component id="oc-6fa">
         <name>.debug_info</name>
         <load_address>0x3c6</load_address>
         <run_address>0x3c6</run_address>
         <size>0xfc</size>
         <input_file_ref idref="fl-34"/>
      </object_component>
      <object_component id="oc-815">
         <name>.debug_info</name>
         <load_address>0x4c2</load_address>
         <run_address>0x4c2</run_address>
         <size>0x110</size>
         <input_file_ref idref="fl-5a"/>
      </object_component>
      <object_component id="oc-830">
         <name>.debug_info</name>
         <load_address>0x5d2</load_address>
         <run_address>0x5d2</run_address>
         <size>0x11d</size>
         <input_file_ref idref="fl-5b"/>
      </object_component>
      <object_component id="oc-8f8">
         <name>.debug_info</name>
         <load_address>0x6ef</load_address>
         <run_address>0x6ef</run_address>
         <size>0x10d</size>
         <input_file_ref idref="fl-60"/>
      </object_component>
      <object_component id="oc-792">
         <name>.debug_info</name>
         <load_address>0x7fc</load_address>
         <run_address>0x7fc</run_address>
         <size>0x10d</size>
         <input_file_ref idref="fl-61"/>
      </object_component>
      <object_component id="oc-810">
         <name>.debug_info</name>
         <load_address>0x909</load_address>
         <run_address>0x909</run_address>
         <size>0x113</size>
         <input_file_ref idref="fl-61"/>
      </object_component>
      <object_component id="oc-8f2">
         <name>.debug_info</name>
         <load_address>0xa1c</load_address>
         <run_address>0xa1c</run_address>
         <size>0x10d</size>
         <input_file_ref idref="fl-62"/>
      </object_component>
      <object_component id="oc-78a">
         <name>.debug_info</name>
         <load_address>0xb29</load_address>
         <run_address>0xb29</run_address>
         <size>0x113</size>
         <input_file_ref idref="fl-62"/>
      </object_component>
      <object_component id="oc-6dc">
         <name>.debug_info</name>
         <load_address>0xc3c</load_address>
         <run_address>0xc3c</run_address>
         <size>0xea</size>
         <input_file_ref idref="fl-63"/>
      </object_component>
      <object_component id="oc-73f">
         <name>.debug_info</name>
         <load_address>0xd26</load_address>
         <run_address>0xd26</run_address>
         <size>0x84</size>
         <input_file_ref idref="fl-63"/>
      </object_component>
      <object_component id="oc-7d6">
         <name>.debug_info</name>
         <load_address>0xdaa</load_address>
         <run_address>0xdaa</run_address>
         <size>0x3ea</size>
         <input_file_ref idref="fl-65"/>
      </object_component>
      <object_component id="oc-710">
         <name>.debug_info</name>
         <load_address>0x1194</load_address>
         <run_address>0x1194</run_address>
         <size>0x229</size>
         <input_file_ref idref="fl-65"/>
      </object_component>
      <object_component id="oc-838">
         <name>.debug_info</name>
         <load_address>0x13bd</load_address>
         <run_address>0x13bd</run_address>
         <size>0x39</size>
         <input_file_ref idref="fl-65"/>
      </object_component>
      <object_component id="oc-7d1">
         <name>.debug_info</name>
         <load_address>0x13f6</load_address>
         <run_address>0x13f6</run_address>
         <size>0x2c</size>
         <input_file_ref idref="fl-65"/>
      </object_component>
      <object_component id="oc-7c6">
         <name>.debug_info</name>
         <load_address>0x1422</load_address>
         <run_address>0x1422</run_address>
         <size>0x113</size>
         <input_file_ref idref="fl-66"/>
      </object_component>
      <object_component id="oc-da">
         <name>.debug_info</name>
         <load_address>0x1535</load_address>
         <run_address>0x1535</run_address>
         <size>0x1a4</size>
         <input_file_ref idref="fl-67"/>
      </object_component>
      <object_component id="oc-733">
         <name>.debug_info</name>
         <load_address>0x16d9</load_address>
         <run_address>0x16d9</run_address>
         <size>0x10c</size>
         <input_file_ref idref="fl-6b"/>
      </object_component>
      <object_component id="oc-6f6">
         <name>.debug_info</name>
         <load_address>0x17e5</load_address>
         <run_address>0x17e5</run_address>
         <size>0x7e0</size>
         <input_file_ref idref="fl-72"/>
      </object_component>
      <object_component id="oc-867">
         <name>.debug_info</name>
         <load_address>0x1fc5</load_address>
         <run_address>0x1fc5</run_address>
         <size>0xe7</size>
         <input_file_ref idref="fl-72"/>
      </object_component>
      <object_component id="oc-76c">
         <name>.debug_info</name>
         <load_address>0x20ac</load_address>
         <run_address>0x20ac</run_address>
         <size>0x22e</size>
         <input_file_ref idref="fl-72"/>
      </object_component>
      <object_component id="oc-8d7">
         <name>.debug_info</name>
         <load_address>0x22da</load_address>
         <run_address>0x22da</run_address>
         <size>0xd9</size>
         <input_file_ref idref="fl-72"/>
      </object_component>
      <object_component id="oc-78f">
         <name>.debug_info</name>
         <load_address>0x23b3</load_address>
         <run_address>0x23b3</run_address>
         <size>0xe7</size>
         <input_file_ref idref="fl-72"/>
      </object_component>
      <object_component id="oc-787">
         <name>.debug_info</name>
         <load_address>0x249a</load_address>
         <run_address>0x249a</run_address>
         <size>0xe1</size>
         <input_file_ref idref="fl-72"/>
      </object_component>
      <object_component id="oc-7f3">
         <name>.debug_info</name>
         <load_address>0x257b</load_address>
         <run_address>0x257b</run_address>
         <size>0xe5</size>
         <input_file_ref idref="fl-72"/>
      </object_component>
      <object_component id="oc-776">
         <name>.debug_info</name>
         <load_address>0x2660</load_address>
         <run_address>0x2660</run_address>
         <size>0x188</size>
         <input_file_ref idref="fl-72"/>
      </object_component>
      <object_component id="oc-7f9">
         <name>.debug_info</name>
         <load_address>0x27e8</load_address>
         <run_address>0x27e8</run_address>
         <size>0xef</size>
         <input_file_ref idref="fl-72"/>
      </object_component>
      <object_component id="oc-7f6">
         <name>.debug_info</name>
         <load_address>0x28d7</load_address>
         <run_address>0x28d7</run_address>
         <size>0xeb</size>
         <input_file_ref idref="fl-72"/>
      </object_component>
      <object_component id="oc-90d">
         <name>.debug_info</name>
         <load_address>0x29c2</load_address>
         <run_address>0x29c2</run_address>
         <size>0xef</size>
         <input_file_ref idref="fl-72"/>
      </object_component>
      <object_component id="oc-857">
         <name>.debug_info</name>
         <load_address>0x2ab1</load_address>
         <run_address>0x2ab1</run_address>
         <size>0xf4</size>
         <input_file_ref idref="fl-72"/>
      </object_component>
      <object_component id="oc-822">
         <name>.debug_info</name>
         <load_address>0x2ba5</load_address>
         <run_address>0x2ba5</run_address>
         <size>0xe7</size>
         <input_file_ref idref="fl-72"/>
      </object_component>
      <object_component id="oc-7ec">
         <name>.debug_info</name>
         <load_address>0x2c8c</load_address>
         <run_address>0x2c8c</run_address>
         <size>0x237</size>
         <input_file_ref idref="fl-72"/>
      </object_component>
      <object_component id="oc-825">
         <name>.debug_info</name>
         <load_address>0x2ec3</load_address>
         <run_address>0x2ec3</run_address>
         <size>0x1f8</size>
         <input_file_ref idref="fl-72"/>
      </object_component>
      <object_component id="oc-72a">
         <name>.debug_info</name>
         <load_address>0x30bb</load_address>
         <run_address>0x30bb</run_address>
         <size>0x1c6</size>
         <input_file_ref idref="fl-72"/>
      </object_component>
      <object_component id="oc-6f0">
         <name>.debug_info</name>
         <load_address>0x3281</load_address>
         <run_address>0x3281</run_address>
         <size>0x17b</size>
         <input_file_ref idref="fl-72"/>
      </object_component>
      <object_component id="oc-861">
         <name>.debug_info</name>
         <load_address>0x33fc</load_address>
         <run_address>0x33fc</run_address>
         <size>0x1b0</size>
         <input_file_ref idref="fl-72"/>
      </object_component>
      <object_component id="oc-86b">
         <name>.debug_info</name>
         <load_address>0x35ac</load_address>
         <run_address>0x35ac</run_address>
         <size>0x1ba</size>
         <input_file_ref idref="fl-72"/>
      </object_component>
      <object_component id="oc-8a7">
         <name>.debug_info</name>
         <load_address>0x3766</load_address>
         <run_address>0x3766</run_address>
         <size>0x243</size>
         <input_file_ref idref="fl-72"/>
      </object_component>
      <object_component id="oc-770">
         <name>.debug_info</name>
         <load_address>0x39a9</load_address>
         <run_address>0x39a9</run_address>
         <size>0x20d</size>
         <input_file_ref idref="fl-72"/>
      </object_component>
      <object_component id="oc-878">
         <name>.debug_info</name>
         <load_address>0x3bb6</load_address>
         <run_address>0x3bb6</run_address>
         <size>0x301</size>
         <input_file_ref idref="fl-72"/>
      </object_component>
      <object_component id="oc-7fc">
         <name>.debug_info</name>
         <load_address>0x3eb7</load_address>
         <run_address>0x3eb7</run_address>
         <size>0x230</size>
         <input_file_ref idref="fl-72"/>
      </object_component>
      <object_component id="oc-77a">
         <name>.debug_info</name>
         <load_address>0x40e7</load_address>
         <run_address>0x40e7</run_address>
         <size>0x1d5</size>
         <input_file_ref idref="fl-72"/>
      </object_component>
      <object_component id="oc-780">
         <name>.debug_info</name>
         <load_address>0x42bc</load_address>
         <run_address>0x42bc</run_address>
         <size>0x39d</size>
         <input_file_ref idref="fl-72"/>
      </object_component>
      <object_component id="oc-899">
         <name>.debug_info</name>
         <load_address>0x4659</load_address>
         <run_address>0x4659</run_address>
         <size>0x26f</size>
         <input_file_ref idref="fl-72"/>
      </object_component>
      <object_component id="oc-8ae">
         <name>.debug_info</name>
         <load_address>0x48c8</load_address>
         <run_address>0x48c8</run_address>
         <size>0x30f</size>
         <input_file_ref idref="fl-72"/>
      </object_component>
      <object_component id="oc-8b4">
         <name>.debug_info</name>
         <load_address>0x4bd7</load_address>
         <run_address>0x4bd7</run_address>
         <size>0x26f</size>
         <input_file_ref idref="fl-72"/>
      </object_component>
      <object_component id="oc-8da">
         <name>.debug_info</name>
         <load_address>0x4e46</load_address>
         <run_address>0x4e46</run_address>
         <size>0x281</size>
         <input_file_ref idref="fl-72"/>
      </object_component>
      <object_component id="oc-8bb">
         <name>.debug_info</name>
         <load_address>0x50c7</load_address>
         <run_address>0x50c7</run_address>
         <size>0x21a</size>
         <input_file_ref idref="fl-72"/>
      </object_component>
      <object_component id="oc-906">
         <name>.debug_info</name>
         <load_address>0x52e1</load_address>
         <run_address>0x52e1</run_address>
         <size>0x1e2</size>
         <input_file_ref idref="fl-72"/>
      </object_component>
      <object_component id="oc-8fc">
         <name>.debug_info</name>
         <load_address>0x54c3</load_address>
         <run_address>0x54c3</run_address>
         <size>0x1e9</size>
         <input_file_ref idref="fl-72"/>
      </object_component>
      <object_component id="oc-8e1">
         <name>.debug_info</name>
         <load_address>0x56ac</load_address>
         <run_address>0x56ac</run_address>
         <size>0x34a</size>
         <input_file_ref idref="fl-72"/>
      </object_component>
      <object_component id="oc-8e7">
         <name>.debug_info</name>
         <load_address>0x59f6</load_address>
         <run_address>0x59f6</run_address>
         <size>0x281</size>
         <input_file_ref idref="fl-72"/>
      </object_component>
      <object_component id="oc-8c4">
         <name>.debug_info</name>
         <load_address>0x5c77</load_address>
         <run_address>0x5c77</run_address>
         <size>0x2aa</size>
         <input_file_ref idref="fl-72"/>
      </object_component>
      <object_component id="oc-8cb">
         <name>.debug_info</name>
         <load_address>0x5f21</load_address>
         <run_address>0x5f21</run_address>
         <size>0x2c0</size>
         <input_file_ref idref="fl-72"/>
      </object_component>
      <object_component id="oc-87f">
         <name>.debug_info</name>
         <load_address>0x61e1</load_address>
         <run_address>0x61e1</run_address>
         <size>0x8ad</size>
         <input_file_ref idref="fl-72"/>
      </object_component>
      <object_component id="oc-8a0">
         <name>.debug_info</name>
         <load_address>0x6a8e</load_address>
         <run_address>0x6a8e</run_address>
         <size>0x2d6</size>
         <input_file_ref idref="fl-72"/>
      </object_component>
      <object_component id="oc-872">
         <name>.debug_info</name>
         <load_address>0x6d64</load_address>
         <run_address>0x6d64</run_address>
         <size>0x26f</size>
         <input_file_ref idref="fl-72"/>
      </object_component>
      <object_component id="oc-7c0">
         <name>.debug_info</name>
         <load_address>0x6fd3</load_address>
         <run_address>0x6fd3</run_address>
         <size>0x18a</size>
         <input_file_ref idref="fl-72"/>
      </object_component>
      <object_component id="oc-70a">
         <name>.debug_info</name>
         <load_address>0x715d</load_address>
         <run_address>0x715d</run_address>
         <size>0x121</size>
         <input_file_ref idref="fl-72"/>
      </object_component>
      <object_component id="oc-7cb">
         <name>.debug_info</name>
         <load_address>0x727e</load_address>
         <run_address>0x727e</run_address>
         <size>0x11f</size>
         <input_file_ref idref="fl-72"/>
      </object_component>
      <object_component id="oc-723">
         <name>.debug_info</name>
         <load_address>0x739d</load_address>
         <run_address>0x739d</run_address>
         <size>0x111</size>
         <input_file_ref idref="fl-72"/>
      </object_component>
      <object_component id="oc-b6">
         <name>.debug_info</name>
         <load_address>0x74ae</load_address>
         <run_address>0x74ae</run_address>
         <size>0x18d</size>
         <input_file_ref idref="fl-72"/>
      </object_component>
      <object_component id="oc-8b">
         <name>.debug_info</name>
         <load_address>0x763b</load_address>
         <run_address>0x763b</run_address>
         <size>0x195</size>
         <input_file_ref idref="fl-72"/>
      </object_component>
      <object_component id="oc-85">
         <name>.debug_info</name>
         <load_address>0x77d0</load_address>
         <run_address>0x77d0</run_address>
         <size>0x212</size>
         <input_file_ref idref="fl-72"/>
      </object_component>
      <object_component id="oc-7b8">
         <name>.debug_info</name>
         <load_address>0x79e2</load_address>
         <run_address>0x79e2</run_address>
         <size>0x253</size>
         <input_file_ref idref="fl-72"/>
      </object_component>
      <object_component id="oc-7a6">
         <name>.debug_info</name>
         <load_address>0x7c35</load_address>
         <run_address>0x7c35</run_address>
         <size>0x1ff</size>
         <input_file_ref idref="fl-72"/>
      </object_component>
      <object_component id="oc-7b2">
         <name>.debug_info</name>
         <load_address>0x7e34</load_address>
         <run_address>0x7e34</run_address>
         <size>0x1c9</size>
         <input_file_ref idref="fl-72"/>
      </object_component>
      <object_component id="oc-799">
         <name>.debug_info</name>
         <load_address>0x7ffd</load_address>
         <run_address>0x7ffd</run_address>
         <size>0x1c7</size>
         <input_file_ref idref="fl-72"/>
      </object_component>
      <object_component id="oc-6fe">
         <name>.debug_info</name>
         <load_address>0x81c4</load_address>
         <run_address>0x81c4</run_address>
         <size>0x332</size>
         <input_file_ref idref="fl-72"/>
      </object_component>
      <object_component id="oc-79f">
         <name>.debug_info</name>
         <load_address>0x84f6</load_address>
         <run_address>0x84f6</run_address>
         <size>0x196</size>
         <input_file_ref idref="fl-72"/>
      </object_component>
      <object_component id="oc-7ac">
         <name>.debug_info</name>
         <load_address>0x868c</load_address>
         <run_address>0x868c</run_address>
         <size>0x196</size>
         <input_file_ref idref="fl-72"/>
      </object_component>
      <object_component id="oc-751">
         <name>.debug_info</name>
         <load_address>0x8822</load_address>
         <run_address>0x8822</run_address>
         <size>0x292</size>
         <input_file_ref idref="fl-72"/>
      </object_component>
      <object_component id="oc-892">
         <name>.debug_info</name>
         <load_address>0x8ab4</load_address>
         <run_address>0x8ab4</run_address>
         <size>0x392</size>
         <input_file_ref idref="fl-72"/>
      </object_component>
      <object_component id="oc-6ea">
         <name>.debug_info</name>
         <load_address>0x8e46</load_address>
         <run_address>0x8e46</run_address>
         <size>0x8b</size>
         <input_file_ref idref="fl-72"/>
      </object_component>
      <object_component id="oc-756">
         <name>.debug_info</name>
         <load_address>0x8ed1</load_address>
         <run_address>0x8ed1</run_address>
         <size>0x2c</size>
         <input_file_ref idref="fl-72"/>
      </object_component>
      <object_component id="oc-75b">
         <name>.debug_info</name>
         <load_address>0x8efd</load_address>
         <run_address>0x8efd</run_address>
         <size>0x94</size>
         <input_file_ref idref="fl-72"/>
      </object_component>
      <object_component id="oc-6e0">
         <name>.debug_info</name>
         <load_address>0x8f91</load_address>
         <run_address>0x8f91</run_address>
         <size>0x46</size>
         <input_file_ref idref="fl-72"/>
      </object_component>
      <object_component id="oc-760">
         <name>.debug_info</name>
         <load_address>0x8fd7</load_address>
         <run_address>0x8fd7</run_address>
         <size>0x2c</size>
         <input_file_ref idref="fl-72"/>
      </object_component>
      <object_component id="oc-744">
         <name>.debug_info</name>
         <load_address>0x9003</load_address>
         <run_address>0x9003</run_address>
         <size>0x46</size>
         <input_file_ref idref="fl-72"/>
      </object_component>
      <object_component id="oc-6e5">
         <name>.debug_info</name>
         <load_address>0x9049</load_address>
         <run_address>0x9049</run_address>
         <size>0x46</size>
         <input_file_ref idref="fl-72"/>
      </object_component>
      <object_component id="oc-74a">
         <name>.debug_info</name>
         <load_address>0x908f</load_address>
         <run_address>0x908f</run_address>
         <size>0x2c</size>
         <input_file_ref idref="fl-72"/>
      </object_component>
      <object_component id="oc-765">
         <name>.debug_info</name>
         <load_address>0x90bb</load_address>
         <run_address>0x90bb</run_address>
         <size>0xcd</size>
         <input_file_ref idref="fl-72"/>
      </object_component>
      <object_component id="oc-982">
         <name>.debug_info</name>
         <load_address>0x9188</load_address>
         <run_address>0x9188</run_address>
         <size>0xbd</size>
      </object_component>
      <object_component id="oc-802">
         <name>.debug_line</name>
         <load_address>0x0</load_address>
         <run_address>0x0</run_address>
         <size>0xb6</size>
         <input_file_ref idref="fl-a"/>
      </object_component>
      <object_component id="oc-707">
         <name>.debug_line</name>
         <load_address>0xb6</load_address>
         <run_address>0xb6</run_address>
         <size>0xb6</size>
         <input_file_ref idref="fl-a"/>
      </object_component>
      <object_component id="oc-6f9">
         <name>.debug_line</name>
         <load_address>0x16c</load_address>
         <run_address>0x16c</run_address>
         <size>0x3d</size>
         <input_file_ref idref="fl-34"/>
      </object_component>
      <object_component id="oc-814">
         <name>.debug_line</name>
         <load_address>0x1a9</load_address>
         <run_address>0x1a9</run_address>
         <size>0x64</size>
         <input_file_ref idref="fl-5a"/>
      </object_component>
      <object_component id="oc-82f">
         <name>.debug_line</name>
         <load_address>0x20d</load_address>
         <run_address>0x20d</run_address>
         <size>0x46</size>
         <input_file_ref idref="fl-5b"/>
      </object_component>
      <object_component id="oc-8f6">
         <name>.debug_line</name>
         <load_address>0x253</load_address>
         <run_address>0x253</run_address>
         <size>0x3b</size>
         <input_file_ref idref="fl-60"/>
      </object_component>
      <object_component id="oc-795">
         <name>.debug_line</name>
         <load_address>0x28e</load_address>
         <run_address>0x28e</run_address>
         <size>0x3e</size>
         <input_file_ref idref="fl-61"/>
      </object_component>
      <object_component id="oc-812">
         <name>.debug_line</name>
         <load_address>0x2cc</load_address>
         <run_address>0x2cc</run_address>
         <size>0x56</size>
         <input_file_ref idref="fl-61"/>
      </object_component>
      <object_component id="oc-8f1">
         <name>.debug_line</name>
         <load_address>0x322</load_address>
         <run_address>0x322</run_address>
         <size>0x41</size>
         <input_file_ref idref="fl-62"/>
      </object_component>
      <object_component id="oc-78d">
         <name>.debug_line</name>
         <load_address>0x363</load_address>
         <run_address>0x363</run_address>
         <size>0x56</size>
         <input_file_ref idref="fl-62"/>
      </object_component>
      <object_component id="oc-73e">
         <name>.debug_line</name>
         <load_address>0x3b9</load_address>
         <run_address>0x3b9</run_address>
         <size>0x2a</size>
         <input_file_ref idref="fl-63"/>
      </object_component>
      <object_component id="oc-742">
         <name>.debug_line</name>
         <load_address>0x3e3</load_address>
         <run_address>0x3e3</run_address>
         <size>0x20</size>
         <input_file_ref idref="fl-63"/>
      </object_component>
      <object_component id="oc-837">
         <name>.debug_line</name>
         <load_address>0x403</load_address>
         <run_address>0x403</run_address>
         <size>0xb2</size>
         <input_file_ref idref="fl-65"/>
      </object_component>
      <object_component id="oc-713">
         <name>.debug_line</name>
         <load_address>0x4b5</load_address>
         <run_address>0x4b5</run_address>
         <size>0xa9</size>
         <input_file_ref idref="fl-65"/>
      </object_component>
      <object_component id="oc-83b">
         <name>.debug_line</name>
         <load_address>0x55e</load_address>
         <run_address>0x55e</run_address>
         <size>0x2e</size>
         <input_file_ref idref="fl-65"/>
      </object_component>
      <object_component id="oc-7d4">
         <name>.debug_line</name>
         <load_address>0x58c</load_address>
         <run_address>0x58c</run_address>
         <size>0x81</size>
         <input_file_ref idref="fl-65"/>
      </object_component>
      <object_component id="oc-7c9">
         <name>.debug_line</name>
         <load_address>0x60d</load_address>
         <run_address>0x60d</run_address>
         <size>0x56</size>
         <input_file_ref idref="fl-66"/>
      </object_component>
      <object_component id="oc-dd">
         <name>.debug_line</name>
         <load_address>0x663</load_address>
         <run_address>0x663</run_address>
         <size>0x4d</size>
         <input_file_ref idref="fl-67"/>
      </object_component>
      <object_component id="oc-732">
         <name>.debug_line</name>
         <load_address>0x6b0</load_address>
         <run_address>0x6b0</run_address>
         <size>0x3d</size>
         <input_file_ref idref="fl-6b"/>
      </object_component>
      <object_component id="oc-750">
         <name>.debug_line</name>
         <load_address>0x6ed</load_address>
         <run_address>0x6ed</run_address>
         <size>0x25e</size>
         <input_file_ref idref="fl-72"/>
      </object_component>
      <object_component id="oc-891">
         <name>.debug_line</name>
         <load_address>0x94b</load_address>
         <run_address>0x94b</run_address>
         <size>0x84</size>
         <input_file_ref idref="fl-72"/>
      </object_component>
      <object_component id="oc-809">
         <name>.debug_line</name>
         <load_address>0x9cf</load_address>
         <run_address>0x9cf</run_address>
         <size>0x6e</size>
         <input_file_ref idref="fl-72"/>
      </object_component>
      <object_component id="oc-8ef">
         <name>.debug_line</name>
         <load_address>0xa3d</load_address>
         <run_address>0xa3d</run_address>
         <size>0x6e</size>
         <input_file_ref idref="fl-72"/>
      </object_component>
      <object_component id="oc-81d">
         <name>.debug_line</name>
         <load_address>0xaab</load_address>
         <run_address>0xaab</run_address>
         <size>0x75</size>
         <input_file_ref idref="fl-72"/>
      </object_component>
      <object_component id="oc-81a">
         <name>.debug_line</name>
         <load_address>0xb20</load_address>
         <run_address>0xb20</run_address>
         <size>0x75</size>
         <input_file_ref idref="fl-72"/>
      </object_component>
      <object_component id="oc-85b">
         <name>.debug_line</name>
         <load_address>0xb95</load_address>
         <run_address>0xb95</run_address>
         <size>0x75</size>
         <input_file_ref idref="fl-72"/>
      </object_component>
      <object_component id="oc-80c">
         <name>.debug_line</name>
         <load_address>0xc0a</load_address>
         <run_address>0xc0a</run_address>
         <size>0x75</size>
         <input_file_ref idref="fl-72"/>
      </object_component>
      <object_component id="oc-85f">
         <name>.debug_line</name>
         <load_address>0xc7f</load_address>
         <run_address>0xc7f</run_address>
         <size>0x75</size>
         <input_file_ref idref="fl-72"/>
      </object_component>
      <object_component id="oc-85d">
         <name>.debug_line</name>
         <load_address>0xcf4</load_address>
         <run_address>0xcf4</run_address>
         <size>0x75</size>
         <input_file_ref idref="fl-72"/>
      </object_component>
      <object_component id="oc-911">
         <name>.debug_line</name>
         <load_address>0xd69</load_address>
         <run_address>0xd69</run_address>
         <size>0x6d</size>
         <input_file_ref idref="fl-72"/>
      </object_component>
      <object_component id="oc-88e">
         <name>.debug_line</name>
         <load_address>0xdd6</load_address>
         <run_address>0xdd6</run_address>
         <size>0x63</size>
         <input_file_ref idref="fl-72"/>
      </object_component>
[...]
      </symbol>
      <symbol id="sm-94c">
         <name>TIM1_IRQHandler</name>
         <value>0xc000</value>
         <object_component_ref idref="oc-6fd"/>
      </symbol>
      <symbol id="sm-94d">
         <name>End</name>
         <value>0x224c</value>
         <object_component_ref idref="oc-76b"/>
      </symbol>
      <symbol id="sm-94e">
         <name>RMP_RBIT_Get</name>
         <value>0x12950</value>
         <object_component_ref idref="oc-905"/>
      </symbol>
      <symbol id="sm-94f">
         <name>Semaphore_ISR_Time</name>
         <value>0x2266</value>
         <object_component_ref idref="oc-76b"/>
      </symbol>
      <symbol id="sm-950">
         <name>RMP_Init</name>
         <value>0x1133a</value>
         <object_component_ref idref="oc-7fb"/>
      </symbol>
      <symbol id="sm-951">
         <name>RMP_Free</name>
         <value>0x11bbe</value>
         <object_component_ref idref="oc-8ca"/>
      </symbol>
      <symbol id="sm-952">
         <name>Func_1</name>
         <value>0x10f88</value>
         <object_component_ref idref="oc-871"/>
      </symbol>
      <symbol id="sm-953">
         <name>Func_2</name>
         <value>0x10000</value>
         <object_component_ref idref="oc-87e"/>
      </symbol>
      <symbol id="sm-954">
         <name>Memory_Time</name>
         <value>0x226a</value>
         <object_component_ref idref="oc-76b"/>
      </symbol>
      <symbol id="sm-955">
         <name>_RMP_Clear_Timer_Flag</name>
         <value>0x12bc4</value>
         <object_component_ref idref="oc-7b1"/>
      </symbol>
      <symbol id="sm-956">
         <name>Pool</name>
         <value>0x4000</value>
         <object_component_ref idref="oc-8d6"/>
      </symbol>
      <symbol id="sm-957">
         <name>_RMP_Stack_Init</name>
         <value>0x12a52</value>
         <object_component_ref idref="oc-8a6"/>
      </symbol>
      <symbol id="sm-958">
         <name>_RMP_Clear_Soft_Flag</name>
         <value>0x12bbe</value>
         <object_component_ref idref="oc-798"/>
      </symbol>
      <symbol id="sm-959">
         <name>Temp</name>
         <value>0x2252</value>
         <object_component_ref idref="oc-76b"/>
      </symbol>
      <symbol id="sm-95a">
         <name>RMP_Load_Ctx</name>
         <value>0x12bd4</value>
         <object_component_ref idref="oc-7ab"/>
      </symbol>
      <symbol id="sm-95b">
         <name>Mailbox_ISR_Time</name>
         <value>0x2262</value>
         <object_component_ref idref="oc-76b"/>
      </symbol>
      <symbol id="sm-95c">
         <name>RMP_MSB_Tbl</name>
         <value>0xc494</value>
         <object_component_ref idref="oc-821"/>
      </symbol>
      <symbol id="sm-95d">
         <name>__TI_decompress_lzss</name>
         <value>0x127d0</value>
         <object_component_ref idref="oc-84"/>
      </symbol>
      <symbol id="sm-95e">
         <name>RMP_Thd_Set</name>
         <value>0x11d2e</value>
         <object_component_ref idref="oc-898"/>
      </symbol>
      <symbol id="sm-95f">
         <name>_system_post_cinit</name>
         <value>0x12bd8</value>
         <object_component_ref idref="oc-7ca"/>
      </symbol>
      <symbol id="sm-960">
         <name>RMP_Thd_Crt</name>
         <value>0x1242c</value>
         <object_component_ref idref="oc-877"/>
      </symbol>
      <symbol id="sm-961">
         <name>RMP_Print_Int</name>
         <value>0x11a42</value>
         <object_component_ref idref="oc-77f"/>
      </symbol>
      <symbol id="sm-962">
         <name>__TI_decompress_none</name>
         <value>0x12b58</value>
         <object_component_ref idref="oc-8a"/>
      </symbol>
      <symbol id="sm-963">
         <name>_system_pre_init</name>
         <value>0x12bd0</value>
         <object_component_ref idref="oc-709"/>
      </symbol>
      <symbol id="sm-973">
         <name>PendSV_Handler</name>
         <value>0xc274</value>
         <object_component_ref idref="oc-703"/>
      </symbol>
      <symbol id="sm-974">
         <name>RMP_Disable_Int</name>
         <value>0x12b24</value>
         <object_component_ref idref="oc-801"/>
      </symbol>
      <symbol id="sm-975">
         <name>SysTick_Handler</name>
         <value>0xc298</value>
         <object_component_ref idref="oc-703"/>
      </symbol>
      <symbol id="sm-976">
         <name>_RMP_Start</name>
         <value>0x12b34</value>
         <object_component_ref idref="oc-801"/>
      </symbol>
      <symbol id="sm-977">
         <name>RMP_Enable_Int</name>
         <value>0x12b2c</value>
         <object_component_ref idref="oc-801"/>
      </symbol>
      <symbol id="sm-978">
         <name>__TI_int45</name>
         <value>0xffea</value>
         <object_component_ref idref="oc-ab"/>
      </symbol>
      <symbol id="sm-979">
         <name>__TI_int44</name>
         <value>0xffe8</value>
         <object_component_ref idref="oc-aa"/>
      </symbol>
      <symbol id="sm-97c">
         <name>__TI_int18</name>
         <value>0xffb4</value>
         <object_component_ref idref="oc-90"/>
      </symbol>
      <symbol id="sm-984">
         <name>__TI_ISR_TRAP</name>
         <value>0xc2cc</value>
         <object_component_ref idref="oc-6f8"/>
      </symbol>
      <symbol id="sm-987">
         <name>__TI_int19</name>
         <value>0xffb6</value>
         <object_component_ref idref="oc-91"/>
      </symbol>
      <symbol id="sm-98a">
         <name>__TI_int20</name>
         <value>0xffb8</value>
         <object_component_ref idref="oc-92"/>
      </symbol>
      <symbol id="sm-98d">
         <name>__TI_int21</name>
         <value>0xffba</value>
         <object_component_ref idref="oc-93"/>
      </symbol>
      <symbol id="sm-990">
         <name>__TI_int22</name>
         <value>0xffbc</value>
         <object_component_ref idref="oc-94"/>
      </symbol>
      <symbol id="sm-993">
         <name>__TI_int23</name>
         <value>0xffbe</value>
         <object_component_ref idref="oc-95"/>
      </symbol>
      <symbol id="sm-996">
         <name>__TI_int24</name>
         <value>0xffc0</value>
         <object_component_ref idref="oc-96"/>
      </symbol>
      <symbol id="sm-999">
         <name>__TI_int25</name>
         <value>0xffc2</value>
         <object_component_ref idref="oc-97"/>
      </symbol>
      <symbol id="sm-99c">
         <name>__TI_int26</name>
         <value>0xffc4</value>
         <object_component_ref idref="oc-98"/>
      </symbol>
      <symbol id="sm-99f">
         <name>__TI_int27</name>
         <value>0xffc6</value>
         <object_component_ref idref="oc-99"/>
      </symbol>
      <symbol id="sm-9a2">
         <name>__TI_int28</name>
         <value>0xffc8</value>
         <object_component_ref idref="oc-9a"/>
      </symbol>
      <symbol id="sm-9a5">
         <name>__TI_int29</name>
         <value>0xffca</value>
         <object_component_ref idref="oc-9b"/>
      </symbol>
      <symbol id="sm-9a8">
         <name>__TI_int30</name>
         <value>0xffcc</value>
         <object_component_ref idref="oc-9c"/>
      </symbol>
      <symbol id="sm-9ab">
         <name>__TI_int31</name>
         <value>0xffce</value>
         <object_component_ref idref="oc-9d"/>
      </symbol>
      <symbol id="sm-9ae">
         <name>__TI_int32</name>
         <value>0xffd0</value>
         <object_component_ref idref="oc-9e"/>
      </symbol>
      <symbol id="sm-9b1">
         <name>__TI_int33</name>
         <value>0xffd2</value>
         <object_component_ref idref="oc-9f"/>
      </symbol>
      <symbol id="sm-9b4">
         <name>__TI_int34</name>
         <value>0xffd4</value>
         <object_component_ref idref="oc-a0"/>
      </symbol>
      <symbol id="sm-9b7">
         <name>__TI_int35</name>
         <value>0xffd6</value>
         <object_component_ref idref="oc-a1"/>
      </symbol>
      <symbol id="sm-9ba">
         <name>__TI_int36</name>
         <value>0xffd8</value>
         <object_component_ref idref="oc-a2"/>
      </symbol>
      <symbol id="sm-9bd">
         <name>__TI_int37</name>
         <value>0xffda</value>
         <object_component_ref idref="oc-a3"/>
      </symbol>
      <symbol id="sm-9c0">
         <name>__TI_int38</name>
         <value>0xffdc</value>
         <object_component_ref idref="oc-a4"/>
      </symbol>
      <symbol id="sm-9c3">
         <name>__TI_int39</name>
         <value>0xffde</value>
         <object_component_ref idref="oc-a5"/>
      </symbol>
      <symbol id="sm-9c6">
         <name>__TI_int40</name>
         <value>0xffe0</value>
         <object_component_ref idref="oc-a6"/>
      </symbol>
      <symbol id="sm-9c9">
         <name>__TI_int42</name>
         <value>0xffe4</value>
         <object_component_ref idref="oc-a8"/>
      </symbol>
      <symbol id="sm-9cc">
         <name>__TI_int43</name>
         <value>0xffe6</value>
         <object_component_ref idref="oc-a9"/>
      </symbol>
      <symbol id="sm-9cf">
         <name>__TI_int46</name>
         <value>0xffec</value>
         <object_component_ref idref="oc-ac"/>
      </symbol>
      <symbol id="sm-9d2">
         <name>__TI_int47</name>
         <value>0xffee</value>
         <object_component_ref idref="oc-ad"/>
      </symbol>
      <symbol id="sm-9d5">
         <name>__TI_int48</name>
         <value>0xfff0</value>
         <object_component_ref idref="oc-ae"/>
      </symbol>
      <symbol id="sm-9d8">
         <name>__TI_int49</name>
         <value>0xfff2</value>
         <object_component_ref idref="oc-af"/>
      </symbol>
      <symbol id="sm-9db">
         <name>__TI_int50</name>
         <value>0xfff4</value>
         <object_component_ref idref="oc-b0"/>
      </symbol>
      <symbol id="sm-9de">
         <name>__TI_int51</name>
         <value>0xfff6</value>
         <object_component_ref idref="oc-b1"/>
      </symbol>
      <symbol id="sm-9e1">
         <name>__TI_int52</name>
         <value>0xfff8</value>
         <object_component_ref idref="oc-b2"/>
      </symbol>
      <symbol id="sm-9e4">
         <name>__TI_int53</name>
         <value>0xfffa</value>
         <object_component_ref idref="oc-b3"/>
      </symbol>
      <symbol id="sm-9e7">
         <name>__TI_int54</name>
         <value>0xfffc</value>
         <object_component_ref idref="oc-b4"/>
      </symbol>
      <symbol id="sm-9f8">
         <name>__mspabi_remul</name>
         <value>0x128ac</value>
         <object_component_ref idref="oc-813"/>
      </symbol>
      <symbol id="sm-9f9">
         <name>__mspabi_divul</name>
         <value>0x128ac</value>
         <object_component_ref idref="oc-813"/>
      </symbol>
      <symbol id="sm-a01">
         <name>__mspabi_mpyi_f5hw</name>
         <value>0x12b40</value>
         <object_component_ref idref="oc-82e"/>
      </symbol>
      <symbol id="sm-a0e">
         <name>__mspabi_slli</name>
         <value>0x12bb4</value>
         <object_component_ref idref="oc-8f5"/>
      </symbol>
      <symbol id="sm-a1e">
         <name>__mspabi_slll_9</name>
         <value>0x129ee</value>
         <object_component_ref idref="oc-80e"/>
      </symbol>
      <symbol id="sm-a1f">
         <name>__mspabi_slll_8</name>
         <value>0x129f2</value>
         <object_component_ref idref="oc-80e"/>
      </symbol>
      <symbol id="sm-a20">
         <name>__mspabi_slll_7</name>
         <value>0x129f6</value>
         <object_component_ref idref="oc-80e"/>
      </symbol>
      <symbol id="sm-a21">
         <name>__mspabi_slll_6</name>
         <value>0x129fa</value>
         <object_component_ref idref="oc-80e"/>
      </symbol>
      <symbol id="sm-a22">
         <name>__mspabi_slll_5</name>
         <value>0x129fe</value>
         <object_component_ref idref="oc-80e"/>
      </symbol>
      <symbol id="sm-a23">
         <name>__mspabi_slll_4</name>
         <value>0x12a02</value>
         <object_component_ref idref="oc-80e"/>
      </symbol>
      <symbol id="sm-a24">
         <name>__mspabi_slll_3</name>
         <value>0x12a06</value>
         <object_component_ref idref="oc-80e"/>
      </symbol>
      <symbol id="sm-a25">
         <name>__mspabi_slll_2</name>
         <value>0x12a0a</value>
         <object_component_ref idref="oc-80e"/>
      </symbol>
      <symbol id="sm-a26">
         <name>__mspabi_slll_1</name>
         <value>0x12a0e</value>
         <object_component_ref idref="oc-80e"/>
      </symbol>
      <symbol id="sm-a27">
         <name>__mspabi_slll</name>
         <value>0x12b94</value>
         <object_component_ref idref="oc-791"/>
      </symbol>
      <symbol id="sm-a28">
         <name>__mspabi_slll_15</name>
         <value>0x129d6</value>
         <object_component_ref idref="oc-80e"/>
      </symbol>
      <symbol id="sm-a29">
         <name>__mspabi_slll_14</name>
         <value>0x129da</value>
         <object_component_ref idref="oc-80e"/>
      </symbol>
      <symbol id="sm-a2a">
         <name>__mspabi_slll_13</name>
         <value>0x129de</value>
         <object_component_ref idref="oc-80e"/>
      </symbol>
      <symbol id="sm-a2b">
         <name>__mspabi_slll_12</name>
         <value>0x129e2</value>
         <object_component_ref idref="oc-80e"/>
      </symbol>
      <symbol id="sm-a2c">
         <name>__mspabi_slll_11</name>
         <value>0x129e6</value>
         <object_component_ref idref="oc-80e"/>
      </symbol>
      <symbol id="sm-a2d">
         <name>__mspabi_slll_10</name>
         <value>0x129ea</value>
         <object_component_ref idref="oc-80e"/>
      </symbol>
      <symbol id="sm-a3d">
         <name>__mspabi_srll_8</name>
         <value>0x12a30</value>
         <object_component_ref idref="oc-789"/>
      </symbol>
      <symbol id="sm-a3e">
         <name>__mspabi_srll_9</name>
         <value>0x12a2c</value>
         <object_component_ref idref="oc-789"/>
      </symbol>
      <symbol id="sm-a3f">
         <name>__mspabi_srll_6</name>
         <value>0x12a38</value>
         <object_component_ref idref="oc-789"/>
      </symbol>
      <symbol id="sm-a40">
         <name>__mspabi_srll_7</name>
         <value>0x12a34</value>
         <object_component_ref idref="oc-789"/>
      </symbol>
      <symbol id="sm-a41">
         <name>__mspabi_srll_4</name>
         <value>0x12a40</value>
         <object_component_ref idref="oc-789"/>
      </symbol>
      <symbol id="sm-a42">
         <name>__mspabi_srll_5</name>
         <value>0x12a3c</value>
         <object_component_ref idref="oc-789"/>
      </symbol>
      <symbol id="sm-a43">
         <name>__mspabi_srll_2</name>
         <value>0x12a48</value>
         <object_component_ref idref="oc-789"/>
      </symbol>
      <symbol id="sm-a44">
         <name>__mspabi_srll_3</name>
         <value>0x12a44</value>
         <object_component_ref idref="oc-789"/>
      </symbol>
      <symbol id="sm-a45">
         <name>__mspabi_srll_1</name>
         <value>0x12a4c</value>
         <object_component_ref idref="oc-789"/>
      </symbol>
      <symbol id="sm-a46">
         <name>__mspabi_srll_15</name>
         <value>0x12a14</value>
         <object_component_ref idref="oc-789"/>
      </symbol>
      <symbol id="sm-a47">
         <name>__mspabi_srll_14</name>
         <value>0x12a18</value>
         <object_component_ref idref="oc-789"/>
      </symbol>
      <symbol id="sm-a48">
         <name>__mspabi_srll_13</name>
         <value>0x12a1c</value>
         <object_component_ref idref="oc-789"/>
      </symbol>
      <symbol id="sm-a49">
         <name>__mspabi_srll_12</name>
         <value>0x12a20</value>
         <object_component_ref idref="oc-789"/>
      </symbol>
      <symbol id="sm-a4a">
         <name>__mspabi_srll_11</name>
         <value>0x12a24</value>
         <object_component_ref idref="oc-789"/>
      </symbol>
      <symbol id="sm-a4b">
         <name>__mspabi_srll_10</name>
         <value>0x12a28</value>
         <object_component_ref idref="oc-789"/>
      </symbol>
      <symbol id="sm-a4c">
         <name>__mspabi_srll</name>
         <value>0x12ba4</value>
         <object_component_ref idref="oc-8f0"/>
      </symbol>
      <symbol id="sm-a59">
         <name>_stack</name>
         <value>0x2b60</value>
         <object_component_ref idref="oc-6db"/>
      </symbol>
      <symbol id="sm-a5a">
         <name>_reset_vector</name>
         <value>0xfffe</value>
         <object_component_ref idref="oc-6de"/>
      </symbol>
      <symbol id="sm-a77">
         <name>_auto_init_hold_wdt</name>
         <value>0x12616</value>
         <object_component_ref idref="oc-70f"/>
      </symbol>
      <symbol id="sm-a7f">
         <name>__mspabi_sral_15</name>
         <value>0x12998</value>
         <object_component_ref idref="oc-7c5"/>
      </symbol>
      <symbol id="sm-a80">
         <name>__mspabi_sral_14</name>
         <value>0x1299c</value>
         <object_component_ref idref="oc-7c5"/>
      </symbol>
      <symbol id="sm-a81">
         <name>__mspabi_sral_13</name>
         <value>0x129a0</value>
         <object_component_ref idref="oc-7c5"/>
      </symbol>
      <symbol id="sm-a82">
         <name>__mspabi_sral_12</name>
         <value>0x129a4</value>
         <object_component_ref idref="oc-7c5"/>
      </symbol>
      <symbol id="sm-a83">
         <name>__mspabi_sral_11</name>
         <value>0x129a8</value>
         <object_component_ref idref="oc-7c5"/>
      </symbol>
      <symbol id="sm-a84">
         <name>__mspabi_sral_10</name>
         <value>0x129ac</value>
         <object_component_ref idref="oc-7c5"/>
      </symbol>
      <symbol id="sm-a85">
         <name>__mspabi_sral_8</name>
         <value>0x129b4</value>
         <object_component_ref idref="oc-7c5"/>
      </symbol>
      <symbol id="sm-a86">
         <name>__mspabi_sral_9</name>
         <value>0x129b0</value>
         <object_component_ref idref="oc-7c5"/>
      </symbol>
      <symbol id="sm-a87">
         <name>__mspabi_sral_6</name>
         <value>0x129bc</value>
         <object_component_ref idref="oc-7c5"/>
      </symbol>
      <symbol id="sm-a88">
         <name>__mspabi_sral_7</name>
         <value>0x129b8</value>
         <object_component_ref idref="oc-7c5"/>
      </symbol>
      <symbol id="sm-a89">
         <name>__mspabi_sral_4</name>
         <value>0x129c4</value>
         <object_component_ref idref="oc-7c5"/>
      </symbol>
      <symbol id="sm-a8a">
         <name>__mspabi_sral_5</name>
         <value>0x129c0</value>
         <object_component_ref idref="oc-7c5"/>
      </symbol>
      <symbol id="sm-a8b">
         <name>__mspabi_sral_2</name>
         <value>0x129cc</value>
         <object_component_ref idref="oc-7c5"/>
      </symbol>
      <symbol id="sm-a8c">
         <name>__mspabi_sral_3</name>
         <value>0x129c8</value>
         <object_component_ref idref="oc-7c5"/>
      </symbol>
      <symbol id="sm-a8d">
         <name>__mspabi_sral_1</name>
         <value>0x129d0</value>
         <object_component_ref idref="oc-7c5"/>
      </symbol>
      <symbol id="sm-a97">
         <name>_c_int00_noargs_noexit_mpu</name>
         <value>0xc2ae</value>
         <object_component_ref idref="oc-d9"/>
      </symbol>
      <symbol id="sm-aa1">
         <name>C$$EXIT</name>
         <value>0x12bca</value>
         <object_component_ref idref="oc-731"/>
      </symbol>
      <symbol id="sm-aa2">
         <name>abort</name>
         <value>0x12bca</value>
         <object_component_ref idref="oc-731"/>
      </symbol>
      <symbol id="sm-aa8">
         <name>__TI_BINIT_Base</name>
         <value>0x0</value>
      </symbol>
      <symbol id="sm-aa9">
         <name>__TI_BINIT_Limit</name>
         <value>0x0</value>
      </symbol>
      <symbol id="sm-aaa">
         <name>__TI_INITARRAY_Base</name>
         <value>0x0</value>
      </symbol>
      <symbol id="sm-aab">
         <name>__TI_INITARRAY_Limit</name>
         <value>0x0</value>
      </symbol>
   </symbol_table>
   <title>Link successful</title>
</link_info>
